Archive member included because of file (symbol)

contiki-sky.a(contiki-sky-pla)
                              obj_sky/contiki-sky-main.o (init_platform)
contiki-sky.a(button-sensor.o)
                              contiki-sky.a(contiki-sky-pla) (button_sensor)
contiki-sky.a(ds2411.o)       obj_sky/contiki-sky-main.o (ds2411_init)
contiki-sky.a(xmem.o)         obj_sky/contiki-sky-main.o (xmem_init)
contiki-sky.a(node-id.o)      obj_sky/contiki-sky-main.o (node_id_restore)
contiki-sky.a(sensors.o)      contiki-sky.a(button-sensor.o) (sensors_changed)
contiki-sky.a(cc2420.o)       obj_sky/contiki-sky-main.o (cc2420_set_pan_addr)
contiki-sky.a(cc2420-arch.o)  contiki-sky.a(cc2420.o) (cc2420_arch_init)
contiki-sky.a(uart1.o)        obj_sky/contiki-sky-main.o (uart1_active)
contiki-sky.a(uart1-putchar.o)
                              obj_sky/contiki-sky-main.o (putchar)
contiki-sky.a(msp430.o)       contiki-sky.a(uart1.o) (msp430_add_lpm_req)
contiki-sky.a(clock.o)        obj_sky/contiki-sky-main.o (clock_init)
contiki-sky.a(leds.o)         obj_sky/contiki-sky-main.o (leds_init)
contiki-sky.a(leds-arch.o)    contiki-sky.a(leds.o) (leds_arch_init)
contiki-sky.a(watchdog.o)     obj_sky/contiki-sky-main.o (watchdog_start)
contiki-sky.a(rtimer-arch.o)  obj_sky/contiki-sky-main.o (rtimer_arch_now)
contiki-sky.a(autostart.o)    obj_sky/contiki-sky-main.o (autostart_start)
contiki-sky.a(ctimer.o)       obj_sky/contiki-sky-main.o (ctimer_init)
contiki-sky.a(energest.o)     obj_sky/contiki-sky-main.o (energest_init)
contiki-sky.a(etimer.o)       contiki-sky.a(clock.o) (etimer_request_poll)
contiki-sky.a(process.o)      contiki-sky.a(ctimer.o) (process_current)
contiki-sky.a(rtimer.o)       obj_sky/contiki-sky-main.o (rtimer_init)
contiki-sky.a(timer.o)        obj_sky/contiki-sky-main.o (timer_set)
contiki-sky.a(serial-line.o)  obj_sky/contiki-sky-main.o (serial_line_input_byte)
contiki-sky.a(list.o)         contiki-sky.a(ctimer.o) (list_init)
contiki-sky.a(random.o)       obj_sky/contiki-sky-main.o (random_init)
contiki-sky.a(ringbuf.o)      contiki-sky.a(serial-line.o) (ringbuf_init)
contiki-sky.a(rime.o)         obj_sky/contiki-sky-main.o (rime_driver)
contiki-sky.a(csma.o)         obj_sky/contiki-sky-main.o (csma_driver)
contiki-sky.a(mac.o)          contiki-sky.a(csma.o) (mac_call_sent_callback)
contiki-sky.a(linkaddr.o)     obj_sky/contiki-sky-main.o (linkaddr_copy)
contiki-sky.a(packetbuf.o)    contiki-sky.a(cc2420.o) (packetbuf_set_datalen)
contiki-sky.a(queuebuf.o)     contiki-sky.a(rime.o) (queuebuf_init)
contiki-sky.a(contikimac.o)   obj_sky/contiki-sky-main.o (contikimac_driver)
contiki-sky.a(contikimac-fram)
                              contiki-sky.a(contikimac.o) (contikimac_framer)
contiki-sky.a(nullsec.o)      obj_sky/contiki-sky-main.o (nullsec_driver)
contiki-sky.a(serial-shell.o)
                              collect_example.co (serial_shell_init)
contiki-sky.a(shell.o)        contiki-sky.a(serial-shell.o) (shell_input)
contiki-sky.a(shell-reboot.o)
                              collect_example.co (shell_reboot_init)
contiki-sky.a(shell-blink.o)  collect_example.co (shell_blink_init)
contiki-sky.a(shell-text.o)   collect_example.co (shell_text_init)
contiki-sky.a(shell-time.o)   collect_example.co (shell_time_init)
contiki-sky.a(shell-powertrac)
                              collect_example.co (shell_powertrace_init)
contiki-sky.a(shell-rime.o)   collect_example.co (shell_rime_init)
contiki-sky.a(shell-rime-netc)
                              collect_example.co (shell_rime_netcmd_init)
contiki-sky.a(shell-collect-v)
                              collect_example.co (shell_collect_view_init)
contiki-sky.a(shell-sky.o)    collect_example.co (shell_sky_init)
contiki-sky.a(sht11-sensor.o)
                              contiki-sky.a(shell-sky.o) (sht11_sensor)
contiki-sky.a(light-sensor.o)
                              contiki-sky.a(shell-sky.o) (light_sensor)
contiki-sky.a(battery-sensor.)
                              contiki-sky.a(shell-sky.o) (battery_sensor)
contiki-sky.a(spi.o)          contiki-sky.a(xmem.o) (spi_init)
contiki-sky.a(sky-sensors.o)  contiki-sky.a(light-sensor.o) (sky_sensors_status)
contiki-sky.a(crc16.o)        contiki-sky.a(shell-rime.o) (crc16_data)
contiki-sky.a(compower.o)     contiki-sky.a(contikimac.o) (compower_accumulate)
contiki-sky.a(memb.o)         contiki-sky.a(csma.o) (memb_init)
contiki-sky.a(abc.o)          contiki-sky.a(rime.o) (abc_input)
contiki-sky.a(announcement.o)
                              contiki-sky.a(rime.o) (announcement_init)
contiki-sky.a(broadcast-annou)
                              contiki-sky.a(rime.o) (broadcast_announcement_init)
contiki-sky.a(broadcast.o)    contiki-sky.a(broadcast-annou) (broadcast_open)
contiki-sky.a(chameleon.o)    contiki-sky.a(rime.o) (chameleon_init)
contiki-sky.a(channel.o)      contiki-sky.a(chameleon.o) (channel_init)
contiki-sky.a(collect.o)      contiki-sky.a(shell-rime.o) (collect_open)
contiki-sky.a(collect-link-es)
[...]
Memory Configuration

Name             Origin             Length             Attributes
sfr              0x00000000         0x00000010
peripheral_8bit  0x00000010         0x000000f0
peripheral_16bit 0x00000100         0x00000100
ram_mirror       0x00000200         0x00000800         xw
infomem          0x00001000         0x00000100
infob            0x00001000         0x00000080
infoa            0x00001080         0x00000080
ram              0x00001100         0x00002800         xw
rom              0x00004000         0x0000bfe0         xr
vectors          0x0000ffe0         0x00000020
bsl              0x00000000         0x00000000
infoc            0x00000000         0x00000000
infod            0x00000000         0x00000000
ram2             0x00000000         0x00000000         xw
usbram           0x00000000         0x00000000         xw
far_rom          0x00000000         0x00000000
*default*        0x00000000         0xffffffff

Linker script and memory map

LOAD /usr/lib/gcc/msp430/4.6.3/mmpy-16/crt0ivtbl16.o
LOAD collect_example.co
LOAD obj_sky/contiki-sky-main.o
LOAD contiki-sky.a
LOAD /usr/lib/gcc/msp430/4.6.3/mmpy-16/libgcc.a
LOAD /usr/lib/gcc/msp430/4.6.3/../../../../msp430/lib/mmpy-16/libc.a
LOAD /usr/lib/gcc/msp430/4.6.3/mmpy-16/libgcc.a
LOAD /usr/lib/gcc/msp430/4.6.3/mmpy-16/libcrt0.a
                0x00000080                PROVIDE (__info_segment_size, 0x80)
                0x00001000                PROVIDE (__infob, 0x1000)
                0x00001080                PROVIDE (__infoa, 0x1080)
                0x00000000                __IE1 = 0x0
                0x00000002                __IFG1 = 0x2
                0x00000004                __ME1 = 0x4
                0x00000001                __IE2 = 0x1
                0x00000003                __IFG2 = 0x3
                0x00000005                __ME2 = 0x5
                0x00000120                __WDTCTL = 0x120
                0x00000130                __MPY = 0x130
                0x00000132                __MPYS = 0x132
                0x00000134                __MAC = 0x134
                0x00000136                __MACS = 0x136
                0x00000138                __OP2 = 0x138
                0x0000013a                __RESLO = 0x13a
                0x0000013c                __RESHI = 0x13c
                0x0000013e                __SUMEXT = 0x13e
                0x00000020                __P1IN = 0x20
                0x00000021                __P1OUT = 0x21
                0x00000022                __P1DIR = 0x22
                0x00000023                __P1IFG = 0x23
                0x00000024                __P1IES = 0x24
                0x00000025                __P1IE = 0x25
                0x00000026                __P1SEL = 0x26
                0x00000028                __P2IN = 0x28
                0x00000029                __P2OUT = 0x29
                0x0000002a                __P2DIR = 0x2a
                0x0000002b                __P2IFG = 0x2b
                0x0000002c                __P2IES = 0x2c
                0x0000002d                __P2IE = 0x2d
                0x0000002e                __P2SEL = 0x2e
                0x00000018                __P3IN = 0x18
                0x00000019                __P3OUT = 0x19
                0x0000001a                __P3DIR = 0x1a
                0x0000001b                __P3SEL = 0x1b
                0x0000001c                __P4IN = 0x1c
                0x0000001d                __P4OUT = 0x1d
                0x0000001e                __P4DIR = 0x1e
                0x0000001f                __P4SEL = 0x1f
                0x00000030                __P5IN = 0x30
                0x00000031                __P5OUT = 0x31
                0x00000032                __P5DIR = 0x32
                0x00000033                __P5SEL = 0x33
                0x00000034                __P6IN = 0x34
                0x00000035                __P6OUT = 0x35
                0x00000036                __P6DIR = 0x36
                0x00000037                __P6SEL = 0x37
                0x00000070                __U0CTL = 0x70
                0x00000071                __U0TCTL = 0x71
                0x00000072                __U0RCTL = 0x72
                0x00000073                __U0MCTL = 0x73
                0x00000074                __U0BR0 = 0x74
                0x00000075                __U0BR1 = 0x75
                0x00000076                __U0RXBUF = 0x76
                0x00000077                __U0TXBUF = 0x77
                0x00000078                __U1CTL = 0x78
                0x00000079                __U1TCTL = 0x79
                0x0000007a                __U1RCTL = 0x7a
                0x0000007b                __U1MCTL = 0x7b
                0x0000007c                __U1BR0 = 0x7c
                0x0000007d                __U1BR1 = 0x7d
                0x0000007e                __U1RXBUF = 0x7e
                0x0000007f                __U1TXBUF = 0x7f
                0x00000050                __I2CIE = 0x50
                0x00000051                __I2CIFG = 0x51
                0x00000052                __I2CNDAT = 0x52
                0x00000071                __I2CTCTL = 0x71
                0x00000072                __I2CDCTL = 0x72
                0x00000073                __I2CPSC = 0x73
                0x00000074                __I2CSCLH = 0x74
                0x00000075                __I2CSCLL = 0x75
                0x00000076                __I2CDRB = 0x76
                0x00000076                __I2CDRW = 0x76
                0x00000118                __I2COA = 0x118
                0x0000011a                __I2CSA = 0x11a
                0x0000011c                __I2CIV = 0x11c
                0x0000012e                __TAIV = 0x12e
                0x00000160                __TACTL = 0x160
                0x00000162                __TACCTL0 = 0x162
                0x00000164                __TACCTL1 = 0x164
                0x00000166                __TACCTL2 = 0x166
                0x00000170                __TAR = 0x170
                0x00000172                __TACCR0 = 0x172
                0x00000174                __TACCR1 = 0x174
                0x00000176                __TACCR2 = 0x176
                0x0000011e                __TBIV = 0x11e
                0x00000180                __TBCTL = 0x180
                0x00000182                __TBCCTL0 = 0x182
                0x00000184                __TBCCTL1 = 0x184
                0x00000186                __TBCCTL2 = 0x186
                0x00000188                __TBCCTL3 = 0x188
                0x0000018a                __TBCCTL4 = 0x18a
                0x0000018c                __TBCCTL5 = 0x18c
                0x0000018e                __TBCCTL6 = 0x18e
                0x00000190                __TBR = 0x190
                0x00000192                __TBCCR0 = 0x192
                0x00000194                __TBCCR1 = 0x194
                0x00000196                __TBCCR2 = 0x196
                0x00000198                __TBCCR3 = 0x198
                0x0000019a                __TBCCR4 = 0x19a
                0x0000019c                __TBCCR5 = 0x19c
                0x0000019e                __TBCCR6 = 0x19e
                0x00000056                __DCOCTL = 0x56
                0x00000057                __BCSCTL1 = 0x57
                0x00000058                __BCSCTL2 = 0x58
                0x00000055                __SVSCTL = 0x55
                0x00000128                __FCTL1 = 0x128
                0x0000012a                __FCTL2 = 0x12a
                0x0000012c                __FCTL3 = 0x12c
                0x00000059                __CACTL1 = 0x59
                0x0000005a                __CACTL2 = 0x5a
                0x0000005b                __CAPD = 0x5b
                0x000001a0                __ADC12CTL0 = 0x1a0
                0x000001a2                __ADC12CTL1 = 0x1a2
                0x000001a4                __ADC12IFG = 0x1a4
                0x000001a6                __ADC12IE = 0x1a6
                0x000001a8                __ADC12IV = 0x1a8
                0x00000140                __ADC12MEM0 = 0x140
                0x00000142                __ADC12MEM1 = 0x142
                0x00000144                __ADC12MEM2 = 0x144
                0x00000146                __ADC12MEM3 = 0x146
                0x00000148                __ADC12MEM4 = 0x148
                0x0000014a                __ADC12MEM5 = 0x14a
                0x0000014c                __ADC12MEM6 = 0x14c
                0x0000014e                __ADC12MEM7 = 0x14e
                0x00000150                __ADC12MEM8 = 0x150
                0x00000152                __ADC12MEM9 = 0x152
                0x00000154                __ADC12MEM10 = 0x154
                0x00000156                __ADC12MEM11 = 0x156
                0x00000158                __ADC12MEM12 = 0x158
                0x0000015a                __ADC12MEM13 = 0x15a
                0x0000015c                __ADC12MEM14 = 0x15c
                0x0000015e                __ADC12MEM15 = 0x15e
                0x00000080                __ADC12MCTL0 = 0x80
                0x00000081                __ADC12MCTL1 = 0x81
                0x00000082                __ADC12MCTL2 = 0x82
                0x00000083                __ADC12MCTL3 = 0x83
                0x00000084                __ADC12MCTL4 = 0x84
                0x00000085                __ADC12MCTL5 = 0x85
                0x00000086                __ADC12MCTL6 = 0x86
                0x00000087                __ADC12MCTL7 = 0x87
                0x00000088                __ADC12MCTL8 = 0x88
                0x00000089                __ADC12MCTL9 = 0x89
                0x0000008a                __ADC12MCTL10 = 0x8a
                0x0000008b                __ADC12MCTL11 = 0x8b
                0x0000008c                __ADC12MCTL12 = 0x8c
                0x0000008d                __ADC12MCTL13 = 0x8d
                0x0000008e                __ADC12MCTL14 = 0x8e
                0x0000008f                __ADC12MCTL15 = 0x8f
                0x000001c0                __DAC12_0CTL = 0x1c0
                0x000001c2                __DAC12_1CTL = 0x1c2
                0x000001c8                __DAC12_0DAT = 0x1c8
                0x000001ca                __DAC12_1DAT = 0x1ca
                0x00000122                __DMACTL0 = 0x122
                0x00000124                __DMACTL1 = 0x124
                0x000001e0                __DMA0CTL = 0x1e0
                0x000001e8                __DMA1CTL = 0x1e8
                0x000001f0                __DMA2CTL = 0x1f0
                0x000001e2                __DMA0SA = 0x1e2
                0x000001e4                __DMA0DA = 0x1e4
                0x000001e6                __DMA0SZ = 0x1e6
                0x000001ea                __DMA1SA = 0x1ea
                0x000001ec                __DMA1DA = 0x1ec
                0x000001ee                __DMA1SZ = 0x1ee
                0x000001f2                __DMA2SA = 0x1f2
                0x000001f4                __DMA2DA = 0x1f4
                0x000001f6                __DMA2SZ = 0x1f6

.hash
 *(.hash)

.dynsym
 *(.dynsym)

.dynstr
 *(.dynstr)

.gnu.version
 *(.gnu.version)

.gnu.version_d
 *(.gnu.version_d)

.gnu.version_r
 *(.gnu.version_r)

.rel.init
 *(.rel.init)

.rela.init
 *(.rela.init)

.rel.fini
 *(.rel.fini)

.rela.fini
 *(.rela.fini)

.rel.text
 *(.rel.text .rel.text.* .rel.gnu.linkonce.t.*)

.rela.text
 *(.rela.text .rela.text.* .rela.gnu.linkonce.t.*)

.rel.rodata
 *(.rel.rodata .rel.rodata.* .rel.gnu.linkonce.r.*)

.rela.rodata
 *(.rela.rodata .rela.rodata.* .rela.gnu.linkonce.r.*)

.rel.data
 *(.rel.data .rel.data.* .rel.gnu.linkonce.d.*)

.rela.data
 *(.rela.data .rela.data.* .rela.gnu.linkonce.d.*)

.rel.bss
 *(.rel.bss .rel.bss.* .rel.gnu.linkonce.b.*)

.rela.bss
 *(.rela.bss .rela.bss.* .rela.gnu.linkonce.b.*)

.rel.ctors
 *(.rel.ctors)

.rela.ctors
 *(.rela.ctors)

.rel.dtors
 *(.rel.dtors)

.rela.dtors
 *(.rela.dtors)

.rel.got
 *(.rel.got)

.rela.got
 *(.rela.got)

.rel.plt
 *(.rel.plt)

.rela.plt
 *(.rela.plt)

.text           0x00004000     0x9b2c
                0x00004000                . = ALIGN (0x2)
 *(.init .init.*)
 *(.init0)
 .init0         0x00004000        0x0 /usr/lib/gcc/msp430/4.6.3/mmpy-16/libcrt0.a(_reset_vector__.o)
                0x00004000                _reset_vector__
 *(.init1)
 .init1         0x00004000        0xc /usr/lib/gcc/msp430/4.6.3/mmpy-16/libcrt0.a(__watchdog_support.o)
                0x00004000                __watchdog_support
 *(.init2)
 .init2         0x0000400c        0x4 /usr/lib/gcc/msp430/4.6.3/mmpy-16/libcrt0.a(__init_stack.o)
                0x0000400c                __init_stack
 *(.init3)
 .init3         0x00004010        0x0 /usr/lib/gcc/msp430/4.6.3/mmpy-16/libcrt0.a(__low_level_init.o)
                0x00004010                __low_level_init
 *(.init4)
 .init4         0x00004010       0x18 /usr/lib/gcc/msp430/4.6.3/mmpy-16/libcrt0.a(_copy_data.o)
                0x00004010                __do_copy_data
 .init4         0x00004028       0x16 /usr/lib/gcc/msp430/4.6.3/mmpy-16/libcrt0.a(_clear_bss.o)
                0x00004028                __do_clear_bss
 *(.init5)
 *(.init6)
 *(.init7)
 *(.init8)
 *(.init9)
 .init9         0x0000403e      0x2da obj_sky/contiki-sky-main.o
                0x0000403e                main
 *(.fini9)
 .fini9         0x00004318        0x0 /usr/lib/gcc/msp430/4.6.3/mmpy-16/libcrt0.a(__stop_progExec__.o)
                0x00004318                __stop_progExec__
 *(.fini8)
 *(.fini7)
 *(.fini6)
 *(.fini5)
 *(.fini4)
 *(.fini3)
 *(.fini2)
 *(.fini1)
 *(.fini0)
 .fini0         0x00004318        0x6 /usr/lib/gcc/msp430/4.6.3/mmpy-16/libcrt0.a(_endless_loop__.o)
                0x00004318                _endless_loop__
 *(.fini .fini.*)
                0x0000431e                . = ALIGN (0x2)
                0x0000431e                __ctors_start = .
 *(.ctors)
                0x0000431e                __ctors_end = .
                0x0000431e                __dtors_start = .
 *(.dtors)
                0x0000431e                __dtors_end = .
                0x0000431e                . = ALIGN (0x2)
 *(.text .text.* .gnu.linkonce.t.*)
 .text          0x0000431e        0x4 /usr/lib/gcc/msp430/4.6.3/mmpy-16/crt0ivtbl16.o
                0x0000431e                __isr_14
                0x0000431e                __isr_11
                0x0000431e                __isr_2
                0x0000431e                __isr_7
                0x0000431e                __isr_0
                0x0000431e                __isr_8
                0x0000431e                __isr_3
                0x0000431e                __isr_12
                0x0000431e                __isr_13
                0x0000431e                __isr_9
 .text.process_thread_collect_example
                0x00004322       0x3e collect_example.co
 .text.init_platform
                0x00004360        0xc contiki-sky.a(contiki-sky-pla)
                0x00004360                init_platform
 .text.status   0x0000436c       0x16 contiki-sky.a(button-sensor.o)
 .text.configure
                0x00004382       0x52 contiki-sky.a(button-sensor.o)
 .text.value    0x000043d4       0x22 contiki-sky.a(button-sensor.o)
 .text.irq_p2   0x000043f6       0x8a contiki-sky.a(button-sensor.o)
                0x000043f6                irq_p2
                0x000043f6                __isr_1
 .text.owreadb  0x00004480       0x52 contiki-sky.a(ds2411.o)
 .text.ds2411_init
                0x000044d2      0x122 contiki-sky.a(ds2411.o)
                0x000044d2                ds2411_init
 .text.write_enable
                0x000045f4       0x2a contiki-sky.a(xmem.o)
 .text.wait_ready
                0x0000461e       0x50 contiki-sky.a(xmem.o)
 .text.xmem_init
                0x0000466e       0x3e contiki-sky.a(xmem.o)
                0x0000466e                xmem_init
 .text.xmem_pread
                0x000046ac       0xea contiki-sky.a(xmem.o)
                0x000046ac                xmem_pread
 .text.xmem_pwrite
                0x00004796      0x150 contiki-sky.a(xmem.o)
                0x00004796                xmem_pwrite
 .text.xmem_erase
                0x000048e6       0xae contiki-sky.a(xmem.o)
                0x000048e6                xmem_erase
 .text.node_id_restore
                0x00004994       0x38 contiki-sky.a(node-id.o)
                0x00004994                node_id_restore
 .text.node_id_burn
                0x000049cc       0x36 contiki-sky.a(node-id.o)
                0x000049cc                node_id_burn
 .text.process_thread_sensors_process
                0x00004a02       0xbe contiki-sky.a(sensors.o)
 .text.sensors_changed
                0x00004ac0       0x2a contiki-sky.a(sensors.o)
                0x00004ac0                sensors_changed
 .text.get_object
                0x00004aea        0x4 contiki-sky.a(cc2420.o)
 .text.set_object
                0x00004aee        0x4 contiki-sky.a(cc2420.o)
 .text.strobe   0x00004af2       0x20 contiki-sky.a(cc2420.o)
 .text.getreg   0x00004b12       0x54 contiki-sky.a(cc2420.o)
 .text.setreg   0x00004b66       0x52 contiki-sky.a(cc2420.o)
 .text.write_ram
                0x00004bb8       0x80 contiki-sky.a(cc2420.o)
 .text.write_fifo_buf
                0x00004c38       0x40 contiki-sky.a(cc2420.o)
 .text.get_status
                0x00004c78       0x24 contiki-sky.a(cc2420.o)
 .text.set_txpower
                0x00004c9c       0x26 contiki-sky.a(cc2420.o)
 .text.cc2420_receiving_packet
                0x00004cc2        0xe contiki-sky.a(cc2420.o)
 .text.pending_packet
                0x00004cd0        0x8 contiki-sky.a(cc2420.o)
 .text.on       0x00004cd8       0x26 contiki-sky.a(cc2420.o)
 .text.wait_for_transmission
                0x00004cfe       0x22 contiki-sky.a(cc2420.o)
 .text.wait_for_status
                0x00004d20       0x2a contiki-sky.a(cc2420.o)
 .text.getrxdata
                0x00004d4a       0x56 contiki-sky.a(cc2420.o)
 .text.flushrx  0x00004da0       0x1a contiki-sky.a(cc2420.o)
 .text.off      0x00004dba       0x62 contiki-sky.a(cc2420.o)
 .text.RELEASE_LOCK
                0x00004e1c       0x28 contiki-sky.a(cc2420.o)
 .text.set_key  0x00004e44       0x18 contiki-sky.a(cc2420.o)
 .text.set_frame_filtering
                0x00004e5c       0x30 contiki-sky.a(cc2420.o)
 .text.set_auto_ack
                0x00004e8c       0x30 contiki-sky.a(cc2420.o)
 .text.set_poll_mode
                0x00004ebc       0x36 contiki-sky.a(cc2420.o)
 .text.cc2420_prepare
                0x00004ef2       0x3c contiki-sky.a(cc2420.o)
 .text.cc2420_on
                0x00004f2e       0x22 contiki-sky.a(cc2420.o)
                0x00004f2e                cc2420_on
 .text.cc2420_off
                0x00004f50       0x30 contiki-sky.a(cc2420.o)
                0x00004f50                cc2420_off
 .text.cc2420_cca
                0x00004f80       0x5e contiki-sky.a(cc2420.o)
 .text.cc2420_read
                0x00004fde       0xc0 contiki-sky.a(cc2420.o)
 .text.process_thread_cc2420_process
                0x0000509e       0x58 contiki-sky.a(cc2420.o)
 .text.encrypt  0x000050f6       0x8e contiki-sky.a(cc2420.o)
 .text.cc2420_get_channel
                0x00005184        0x6 contiki-sky.a(cc2420.o)
                0x00005184                cc2420_get_channel
 .text.cc2420_set_channel
                0x0000518a       0x3c contiki-sky.a(cc2420.o)
                0x0000518a                cc2420_set_channel
 .text.cc2420_set_pan_addr
                0x000051c6       0x4c contiki-sky.a(cc2420.o)
                0x000051c6                cc2420_set_pan_addr
 .text.cc2420_interrupt
                0x00005212       0x18 contiki-sky.a(cc2420.o)
                0x00005212                cc2420_interrupt
 .text.cc2420_set_txpower
                0x0000522a        0xe contiki-sky.a(cc2420.o)
                0x0000522a                cc2420_set_txpower
 .text.cc2420_get_txpower
                0x00005238       0x1e contiki-sky.a(cc2420.o)
                0x00005238                cc2420_get_txpower
 .text.cc2420_transmit
                0x00005256      0x134 contiki-sky.a(cc2420.o)
 .text.cc2420_send
                0x0000538a       0x12 contiki-sky.a(cc2420.o)
 .text.cc2420_rssi
                0x0000539c       0x4c contiki-sky.a(cc2420.o)
                0x0000539c                cc2420_rssi
 .text.get_value
                0x000053e8      0x108 contiki-sky.a(cc2420.o)
 .text.cc2420_set_cca_threshold
                0x000054f0       0x16 contiki-sky.a(cc2420.o)
                0x000054f0                cc2420_set_cca_threshold
 .text.set_value
                0x00005506       0xba contiki-sky.a(cc2420.o)
 .text.cc2420_init
                0x000055c0       0xf0 contiki-sky.a(cc2420.o)
                0x000055c0                cc2420_init
 .text.cc2420_port1_interrupt
                0x000056b0       0x62 contiki-sky.a(cc2420-arch.o)
                0x000056b0                __isr_4
                0x000056b0                cc2420_port1_interrupt
 .text.cc2420_arch_init
                0x00005712       0x1a contiki-sky.a(cc2420-arch.o)
                0x00005712                cc2420_arch_init
 .text.handle_rxdma_timer
                0x0000572c       0x3a contiki-sky.a(uart1.o)
 .text.uart1_active
                0x00005766       0x1a contiki-sky.a(uart1.o)
                0x00005766                uart1_active
 .text.uart1_set_input
                0x00005780       0x20 contiki-sky.a(uart1.o)
                0x00005780                uart1_set_input
 .text.uart1_writeb
                0x000057a0       0x1a contiki-sky.a(uart1.o)
                0x000057a0                uart1_writeb
 .text.uart1_init
                0x000057ba       0xf6 contiki-sky.a(uart1.o)
                0x000057ba                uart1_init
 .text.putchar  0x000058b0       0x10 contiki-sky.a(uart1-putchar.o)
                0x000058b0                putchar
 .text.msp430_init_dco
                0x000058c0       0x84 contiki-sky.a(msp430.o)
                0x000058c0                msp430_init_dco
 .text.msp430_add_lpm_req
                0x00005944        0xc contiki-sky.a(msp430.o)
                0x00005944                msp430_add_lpm_req
 .text.msp430_cpu_init
                0x00005950       0x2a contiki-sky.a(msp430.o)
                0x00005950                msp430_cpu_init
 .text.splhigh_
                0x0000597a        0x8 contiki-sky.a(msp430.o)
                0x0000597a                splhigh_
 .text.msp430_sync_dco
                0x00005982       0x68 contiki-sky.a(msp430.o)
                0x00005982                msp430_sync_dco
 .text.timera1  0x000059ea      0x11e contiki-sky.a(clock.o)
                0x000059ea                __isr_5
                0x000059ea                timera1
 .text.clock_time
                0x00005b08       0x1a contiki-sky.a(clock.o)
                0x00005b08                clock_time
 .text.clock_init
                0x00005b22       0x28 contiki-sky.a(clock.o)
                0x00005b22                clock_init
 .text.clock_delay
                0x00005b4a        0xc contiki-sky.a(clock.o)
                0x00005b4a                clock_delay
 .text.clock_wait
                0x00005b56       0x34 contiki-sky.a(clock.o)
                0x00005b56                clock_wait
 .text.clock_seconds
                0x00005b8a       0x1a contiki-sky.a(clock.o)
                0x00005b8a                clock_seconds
 .text.show_leds
                0x00005ba4       0xf6 contiki-sky.a(leds.o)
 .text.leds_init
                0x00005c9a        0xa contiki-sky.a(leds.o)
                0x00005c9a                leds_init
 .text.leds_on  0x00005ca4        0xa contiki-sky.a(leds.o)
                0x00005ca4                leds_on
 .text.leds_off
                0x00005cae        0xe contiki-sky.a(leds.o)
                0x00005cae                leds_off
 .text.leds_toggle
                0x00005cbc        0xa contiki-sky.a(leds.o)
                0x00005cbc                leds_toggle
 .text.leds_arch_init
                0x00005cc6        0xe contiki-sky.a(leds-arch.o)
                0x00005cc6                leds_arch_init
 .text.leds_arch_set
                0x00005cd4       0x3a contiki-sky.a(leds-arch.o)
                0x00005cd4                leds_arch_set
 .text.watchdog_interrupt
                0x00005d0e        0x6 contiki-sky.a(watchdog.o)
                0x00005d0e                __isr_10
                0x00005d0e                watchdog_interrupt
 .text.watchdog_start
                0x00005d14       0x14 contiki-sky.a(watchdog.o)
                0x00005d14                watchdog_start
 .text.watchdog_periodic
                0x00005d28       0x12 contiki-sky.a(watchdog.o)
                0x00005d28                watchdog_periodic
 .text.watchdog_stop
                0x00005d3a       0x16 contiki-sky.a(watchdog.o)
                0x00005d3a                watchdog_stop
 .text.watchdog_init
                0x00005d50       0x14 contiki-sky.a(watchdog.o)
                0x00005d50                watchdog_init
 .text.watchdog_reboot
                0x00005d64        0x6 contiki-sky.a(watchdog.o)
                0x00005d64                watchdog_reboot
 .text.rtimer_arch_init
                0x00005d6a        0xe contiki-sky.a(rtimer-arch.o)
                0x00005d6a                rtimer_arch_init
 .text.rtimer_arch_now
                0x00005d78        0xe contiki-sky.a(rtimer-arch.o)
                0x00005d78                rtimer_arch_now
 .text.timera0  0x00005d86       0x70 contiki-sky.a(rtimer-arch.o)
                0x00005d86                __isr_6
                0x00005d86                timera0
 .text.rtimer_arch_schedule
                0x00005df6        0x6 contiki-sky.a(rtimer-arch.o)
                0x00005df6                rtimer_arch_schedule
 .text.autostart_start
                0x00005dfc       0x16 contiki-sky.a(autostart.o)
                0x00005dfc                autostart_start
 .text.process_thread_ctimer_process
                0x00005e12       0xa4 contiki-sky.a(ctimer.o)
 .text.ctimer_init
                0x00005eb6       0x18 contiki-sky.a(ctimer.o)
                0x00005eb6                ctimer_init
 .text.ctimer_set_with_process
                0x00005ece       0x4e contiki-sky.a(ctimer.o)
                0x00005ece                ctimer_set_with_process
 .text.ctimer_set
                0x00005f1c       0x10 contiki-sky.a(ctimer.o)
                0x00005f1c                ctimer_set
 .text.ctimer_reset
                0x00005f2c       0x30 contiki-sky.a(ctimer.o)
                0x00005f2c                ctimer_reset
 .text.ctimer_stop
                0x00005f5c       0x28 contiki-sky.a(ctimer.o)
                0x00005f5c                ctimer_stop
 .text.energest_init
                0x00005f84       0x28 contiki-sky.a(energest.o)
                0x00005f84                energest_init
 .text.energest_type_time
                0x00005fac       0x46 contiki-sky.a(energest.o)
                0x00005fac                energest_type_time
 .text.energest_type_set
                0x00005ff2        0xe contiki-sky.a(energest.o)
                0x00005ff2                energest_type_set
 .text.energest_flush
                0x00006000       0x48 contiki-sky.a(energest.o)
                0x00006000                energest_flush
 .text.update_time
                0x00006048       0x78 contiki-sky.a(etimer.o)
 .text.etimer_request_poll
                0x000060c0        0xa contiki-sky.a(etimer.o)
                0x000060c0                etimer_request_poll
 .text.process_thread_etimer_process
                0x000060ca       0xc8 contiki-sky.a(etimer.o)
 .text.add_timer
                0x00006192       0x40 contiki-sky.a(etimer.o)
 .text.etimer_set
                0x000061d2       0x12 contiki-sky.a(etimer.o)
                0x000061d2                etimer_set
 .text.etimer_reset
                0x000061e4       0x12 contiki-sky.a(etimer.o)
                0x000061e4                etimer_reset
 .text.etimer_expired
                0x000061f6        0xe contiki-sky.a(etimer.o)
                0x000061f6                etimer_expired
 .text.etimer_pending
                0x00006204        0xc contiki-sky.a(etimer.o)
                0x00006204                etimer_pending
 .text.etimer_next_expiration_time
                0x00006210       0x16 contiki-sky.a(etimer.o)
                0x00006210                etimer_next_expiration_time
 .text.etimer_stop
                0x00006226       0x3c contiki-sky.a(etimer.o)
                0x00006226                etimer_stop
 .text.call_process
                0x00006262       0x4a contiki-sky.a(process.o)
 .text.exit_process
                0x000062ac       0x96 contiki-sky.a(process.o)
 .text.do_poll  0x00006342       0x30 contiki-sky.a(process.o)
 .text.process_alloc_event
                0x00006372        0xe contiki-sky.a(process.o)
                0x00006372                process_alloc_event
 .text.process_exit
                0x00006380        0xa contiki-sky.a(process.o)
                0x00006380                process_exit
 .text.process_init
                0x0000638a       0x1c contiki-sky.a(process.o)
                0x0000638a                process_init
 .text.process_run
                0x000063a6       0x92 contiki-sky.a(process.o)
                0x000063a6                process_run
 .text.process_nevents
                0x00006438        0xe contiki-sky.a(process.o)
                0x00006438                process_nevents
 .text.process_post
                0x00006446       0x4e contiki-sky.a(process.o)
                0x00006446                process_post
 .text.process_post_synch
                0x00006494       0x12 contiki-sky.a(process.o)
                0x00006494                process_post_synch
 .text.process_start
                0x000064a6       0x32 contiki-sky.a(process.o)
                0x000064a6                process_start
 .text.process_poll
                0x000064d8       0x18 contiki-sky.a(process.o)
                0x000064d8                process_poll
 .text.process_is_running
                0x000064f0        0xe contiki-sky.a(process.o)
                0x000064f0                process_is_running
 .text.rtimer_init
                0x000064fe        0x6 contiki-sky.a(rtimer.o)
                0x000064fe                rtimer_init
 .text.rtimer_set
                0x00006504       0x24 contiki-sky.a(rtimer.o)
                0x00006504                rtimer_set
 .text.rtimer_run_next
                0x00006528       0x26 contiki-sky.a(rtimer.o)
                0x00006528                rtimer_run_next
 .text.timer_set
                0x0000654e       0x1c contiki-sky.a(timer.o)
                0x0000654e                timer_set
 .text.timer_reset
                0x0000656a        0xe contiki-sky.a(timer.o)
                0x0000656a                timer_reset
 .text.timer_expired
                0x00006578       0x2a contiki-sky.a(timer.o)
                0x00006578                timer_expired
 .text.process_thread_serial_line_process
                0x000065a2       0x9c contiki-sky.a(serial-line.o)
 .text.serial_line_input_byte
                0x0000663e       0x4a contiki-sky.a(serial-line.o)
                0x0000663e                serial_line_input_byte
 .text.serial_line_init
                0x00006688       0x1c contiki-sky.a(serial-line.o)
                0x00006688                serial_line_init
 .text.list_init
                0x000066a4        0x6 contiki-sky.a(list.o)
                0x000066a4                list_init
 .text.list_head
                0x000066aa        0x4 contiki-sky.a(list.o)
                0x000066aa                list_head
 .text.list_tail
                0x000066ae       0x12 contiki-sky.a(list.o)
                0x000066ae                list_tail
 .text.list_remove
                0x000066c0       0x34 contiki-sky.a(list.o)
                0x000066c0                list_remove
 .text.list_push
                0x000066f4       0x1a contiki-sky.a(list.o)
                0x000066f4                list_push
 .text.list_add
                0x0000670e       0x2a contiki-sky.a(list.o)
                0x0000670e                list_add
 .text.list_length
                0x00006738       0x10 contiki-sky.a(list.o)
                0x00006738                list_length
 .text.list_insert
                0x00006748       0x16 contiki-sky.a(list.o)
                0x00006748                list_insert
 .text.list_item_next
                0x0000675e        0xc contiki-sky.a(list.o)
                0x0000675e                list_item_next
 .text.random_init
                0x0000676a        0x6 contiki-sky.a(random.o)
                0x0000676a                random_init
 .text.random_rand
                0x00006770        0x6 contiki-sky.a(random.o)
                0x00006770                random_rand
 .text.ringbuf_init
                0x00006776       0x14 contiki-sky.a(ringbuf.o)
                0x00006776                ringbuf_init
 .text.ringbuf_put
                0x0000678a       0x38 contiki-sky.a(ringbuf.o)
                0x0000678a                ringbuf_put
 .text.ringbuf_get
                0x000067c2       0x34 contiki-sky.a(ringbuf.o)
                0x000067c2                ringbuf_get
 .text.input    0x000067f6       0x3a contiki-sky.a(rime.o)
 .text.init     0x00006830       0x2e contiki-sky.a(rime.o)
 .text.packet_sent
                0x0000685e       0x44 contiki-sky.a(rime.o)
 .text.rime_sniffer_add
                0x000068a2        0xc contiki-sky.a(rime.o)
                0x000068a2                rime_sniffer_add
 .text.rime_sniffer_remove
                0x000068ae        0xc contiki-sky.a(rime.o)
                0x000068ae                rime_sniffer_remove
 .text.rime_output
                0x000068ba       0x24 contiki-sky.a(rime.o)
                0x000068ba                rime_output
 .text.input_packet
                0x000068de        0x6 contiki-sky.a(csma.o)
 .text.on       0x000068e4        0x6 contiki-sky.a(csma.o)
 .text.off      0x000068ea        0x6 contiki-sky.a(csma.o)
 .text.channel_check_interval
                0x000068f0       0x10 contiki-sky.a(csma.o)
 .text.transmit_packet_list
                0x00006900       0x24 contiki-sky.a(csma.o)
 .text.schedule_transmission
                0x00006924       0x94 contiki-sky.a(csma.o)
 .text.send_packet
                0x000069b8      0x170 contiki-sky.a(csma.o)
 .text.init     0x00006b28       0x1a contiki-sky.a(csma.o)
 .text.tx_done  0x00006b42       0x98 contiki-sky.a(csma.o)
 .text.packet_sent
                0x00006bda       0xd2 contiki-sky.a(csma.o)
 .text.mac_call_sent_callback
                0x00006cac       0x14 contiki-sky.a(mac.o)
                0x00006cac                mac_call_sent_callback
 .text.linkaddr_copy
                0x00006cc0        0xc contiki-sky.a(linkaddr.o)
                0x00006cc0                linkaddr_copy
 .text.linkaddr_cmp
                0x00006ccc       0x12 contiki-sky.a(linkaddr.o)
                0x00006ccc                linkaddr_cmp
 .text.linkaddr_set_node_addr
                0x00006cde        0xc contiki-sky.a(linkaddr.o)
                0x00006cde                linkaddr_set_node_addr
 .text.packetbuf_hdrreduce
                0x00006cea       0x1a contiki-sky.a(packetbuf.o)
                0x00006cea                packetbuf_hdrreduce
 .text.packetbuf_set_datalen
                0x00006d04        0x6 contiki-sky.a(packetbuf.o)
                0x00006d04                packetbuf_set_datalen
 .text.packetbuf_hdrptr
                0x00006d0a        0x6 contiki-sky.a(packetbuf.o)
                0x00006d0a                packetbuf_hdrptr
 .text.packetbuf_datalen
                0x00006d10        0x6 contiki-sky.a(packetbuf.o)
                0x00006d10                packetbuf_datalen
 .text.packetbuf_hdrlen
                0x00006d16        0xa contiki-sky.a(packetbuf.o)
                0x00006d16                packetbuf_hdrlen
 .text.packetbuf_dataptr
                0x00006d20        0xc contiki-sky.a(packetbuf.o)
                0x00006d20                packetbuf_dataptr
 .text.packetbuf_copyto
                0x00006d2c       0x46 contiki-sky.a(packetbuf.o)
                0x00006d2c                packetbuf_copyto
 .text.packetbuf_compact
                0x00006d72       0x36 contiki-sky.a(packetbuf.o)
                0x00006d72                packetbuf_compact
 .text.packetbuf_totlen
                0x00006da8        0xc contiki-sky.a(packetbuf.o)
                0x00006da8                packetbuf_totlen
 .text.packetbuf_hdralloc
                0x00006db4       0x3a contiki-sky.a(packetbuf.o)
                0x00006db4                packetbuf_hdralloc
 .text.packetbuf_attr_clear
                0x00006dee       0x2c contiki-sky.a(packetbuf.o)
                0x00006dee                packetbuf_attr_clear
 .text.packetbuf_clear
                0x00006e1a       0x12 contiki-sky.a(packetbuf.o)
                0x00006e1a                packetbuf_clear
 .text.packetbuf_copyfrom
                0x00006e2c       0x2e contiki-sky.a(packetbuf.o)
                0x00006e2c                packetbuf_copyfrom
 .text.packetbuf_attr_copyto
                0x00006e5a       0x20 contiki-sky.a(packetbuf.o)
                0x00006e5a                packetbuf_attr_copyto
 .text.packetbuf_attr_copyfrom
                0x00006e7a       0x22 contiki-sky.a(packetbuf.o)
                0x00006e7a                packetbuf_attr_copyfrom
 .text.packetbuf_holds_broadcast
                0x00006e9c        0xe contiki-sky.a(packetbuf.o)
                0x00006e9c                packetbuf_holds_broadcast
 .text.queuebuf_init
                0x00006eaa       0x12 contiki-sky.a(queuebuf.o)
                0x00006eaa                queuebuf_init
 .text.queuebuf_new_from_packetbuf
                0x00006ebc       0x52 contiki-sky.a(queuebuf.o)
                0x00006ebc                queuebuf_new_from_packetbuf
 .text.queuebuf_update_attr_from_packetbuf
                0x00006f0e       0x12 contiki-sky.a(queuebuf.o)
                0x00006f0e                queuebuf_update_attr_from_packetbuf
 .text.queuebuf_update_from_packetbuf
                0x00006f20       0x22 contiki-sky.a(queuebuf.o)
                0x00006f20                queuebuf_update_from_packetbuf
 .text.queuebuf_free
                0x00006f42       0x2a contiki-sky.a(queuebuf.o)
                0x00006f42                queuebuf_free
 .text.queuebuf_to_packetbuf
                0x00006f6c       0x32 contiki-sky.a(queuebuf.o)
                0x00006f6c                queuebuf_to_packetbuf
 .text.queuebuf_dataptr
                0x00006f9e       0x1c contiki-sky.a(queuebuf.o)
                0x00006f9e                queuebuf_dataptr
 .text.queuebuf_attr
                0x00006fba        0xe contiki-sky.a(queuebuf.o)
                0x00006fba                queuebuf_attr
 .text.duty_cycle
                0x00006fc8        0x6 contiki-sky.a(contikimac.o)
 .text.init     0x00006fce       0x2a contiki-sky.a(contikimac.o)
 .text.on       0x00006ff8       0x1a contiki-sky.a(contikimac.o)
 .text.off      0x00007012       0x22 contiki-sky.a(contikimac.o)
 .text.recv_burst_off
                0x00007034        0xa contiki-sky.a(contikimac.o)
 .text.turn_off
                0x0000703e       0x20 contiki-sky.a(contikimac.o)
 .text.turn_on  0x0000705e       0x30 contiki-sky.a(contikimac.o)
 .text.schedule_powercycle_fixed.part.4
                0x0000708e       0x32 contiki-sky.a(contikimac.o)
 .text.powercycle_turn_radio_off
                0x000070c0       0x30 contiki-sky.a(contikimac.o)
 .text.powercycle_wrapper
                0x000070f0      0x1c2 contiki-sky.a(contikimac.o)
 .text.input_packet
                0x000072b2       0xb2 contiki-sky.a(contikimac.o)
 .text.send_packet.isra.8
                0x00007364      0x1ec contiki-sky.a(contikimac.o)
 .text.qsend_list
                0x00007550       0xd2 contiki-sky.a(contikimac.o)
 .text.qsend_packet
                0x00007622       0x28 contiki-sky.a(contikimac.o)
 .text.hdr_length
                0x0000764a        0x8 contiki-sky.a(contikimac-fram)
 .text.parse    0x00007652       0x3a contiki-sky.a(contikimac-fram)
 .text.create   0x0000768c       0x74 contiki-sky.a(contikimac-fram)
 .text.init     0x00007700        0x2 contiki-sky.a(nullsec.o)
 .text.send     0x00007702        0xa contiki-sky.a(nullsec.o)
 .text.input    0x0000770c        0x6 contiki-sky.a(nullsec.o)
 .text.process_thread_serial_shell_process
                0x00007712       0x4e contiki-sky.a(serial-shell.o)
 .text.shell_default_output
                0x00007760       0x66 contiki-sky.a(serial-shell.o)
                0x00007760                shell_default_output
 .text.shell_prompt
                0x000077c6       0x1a contiki-sky.a(serial-shell.o)
                0x000077c6                shell_prompt
 .text.shell_exit
                0x000077e0        0x2 contiki-sky.a(serial-shell.o)
                0x000077e0                shell_exit
 .text.serial_shell_init
                0x000077e2        0xc contiki-sky.a(serial-shell.o)
                0x000077e2                serial_shell_init
 .text.process_thread_shell_null_process
                0x000077ee       0x40 contiki-sky.a(shell.o)
 .text.process_thread_shell_exit_process
                0x0000782e       0x1a contiki-sky.a(shell.o)
 .text.shell_input
                0x00007848       0x5a contiki-sky.a(shell.o)
                0x00007848                shell_input
 .text.shell_output_str
                0x000078a2       0x9a contiki-sky.a(shell.o)
                0x000078a2                shell_output_str
 .text.command_kill
                0x0000793c       0x24 contiki-sky.a(shell.o)
 .text.killall  0x00007960       0x30 contiki-sky.a(shell.o)
 .text.process_thread_shell_killall_process
                0x00007990       0x1a contiki-sky.a(shell.o)
 .text.process_thread_shell_kill_process
                0x000079aa       0x88 contiki-sky.a(shell.o)
 .text.process_thread_help_command_process
                0x00007a32       0x4c contiki-sky.a(shell.o)
 .text.start_command
                0x00007a7e      0x190 contiki-sky.a(shell.o)
 .text.shell_start_command
                0x00007c0e       0x4c contiki-sky.a(shell.o)
                0x00007c0e                shell_start_command
 .text.process_thread_shell_process
                0x00007c5a       0xb4 contiki-sky.a(shell.o)
 .text.shell_output
                0x00007d0e       0x68 contiki-sky.a(shell.o)
                0x00007d0e                shell_output
 .text.shell_register_command
                0x00007d76       0x62 contiki-sky.a(shell.o)
                0x00007d76                shell_register_command
 .text.shell_init
                0x00007dd8       0x68 contiki-sky.a(shell.o)
                0x00007dd8                shell_init
 .text.shell_strtolong
                0x00007e40       0x9c contiki-sky.a(shell.o)
                0x00007e40                shell_strtolong
 .text.shell_time
                0x00007edc        0xe contiki-sky.a(shell.o)
                0x00007edc                shell_time
 .text.shell_set_time
                0x00007eea       0x22 contiki-sky.a(shell.o)
                0x00007eea                shell_set_time
 .text.process_thread_shell_server_process
                0x00007f0c       0xc0 contiki-sky.a(shell.o)
 .text.process_thread_shell_reboot_process
                0x00007fcc       0xde contiki-sky.a(shell-reboot.o)
 .text.shell_reboot_init
                0x000080aa        0xa contiki-sky.a(shell-reboot.o)
                0x000080aa                shell_reboot_init
 .text.process_thread_shell_blink_process
                0x000080b4      0x168 contiki-sky.a(shell-blink.o)
 .text.shell_blink_init
                0x0000821c        0xa contiki-sky.a(shell-blink.o)
                0x0000821c                shell_blink_init
 .text.process_thread_shell_hd_process
                0x00008226      0x16e contiki-sky.a(shell-text.o)
 .text.process_thread_shell_binprint_process
                0x00008394      0x194 contiki-sky.a(shell-text.o)
 .text.process_thread_shell_echo_process
                0x00008528       0x3c contiki-sky.a(shell-text.o)
 .text.process_thread_shell_size_process
                0x00008564       0xaa contiki-sky.a(shell-text.o)
 .text.shell_text_init
                0x0000860e       0x22 contiki-sky.a(shell-text.o)
                0x0000860e                shell_text_init
 .text.repeat_print_usage
                0x00008630       0x12 contiki-sky.a(shell-time.o)
 .text.process_thread_shell_randwait_process
                0x00008642      0x122 contiki-sky.a(shell-time.o)
 .text.process_thread_shell_repeat_server_process
                0x00008764       0x9c contiki-sky.a(shell-time.o)
 .text.process_thread_shell_repeat_process
                0x00008800      0x142 contiki-sky.a(shell-time.o)
 .text.process_thread_shell_timestamp_process
                0x00008942       0xb4 contiki-sky.a(shell-time.o)
 .text.process_thread_shell_time_process
                0x000089f6       0x7e contiki-sky.a(shell-time.o)
 .text.shell_time_init
                0x00008a74       0x22 contiki-sky.a(shell-time.o)
                0x00008a74                shell_time_init
 .text.process_thread_shell_powertrace_process
                0x00008a96       0x94 contiki-sky.a(shell-powertrac)
 .text.shell_powertrace_init
                0x00008b2a       0x10 contiki-sky.a(shell-powertrac)
                0x00008b2a                shell_powertrace_init
 .text.process_thread_shell_packetize_process
                0x00008b3a       0xe4 contiki-sky.a(shell-rime.o)
 .text.process_thread_shell_routes_process
                0x00008c1e       0x90 contiki-sky.a(shell-rime.o)
 .text.process_thread_shell_collect_process
                0x00008cae       0x48 contiki-sky.a(shell-rime.o)
 .text.process_thread_shell_mac_process
                0x00008cf6       0x6e contiki-sky.a(shell-rime.o)
 .text.process_thread_shell_send_process
                0x00008d64       0xcc contiki-sky.a(shell-rime.o)
 .text.recv_collect
                0x00008e30       0xb4 contiki-sky.a(shell-rime.o)
 .text.shell_rime_init
                0x00008ee4       0x4a contiki-sky.a(shell-rime.o)
                0x00008ee4                shell_rime_init
 .text.process_thread_shell_netcmd_server_process
                0x00008f2e       0x82 contiki-sky.a(shell-rime-netc)
 .text.process_thread_shell_netcmd_process
                0x00008fb0       0xc4 contiki-sky.a(shell-rime-netc)
 .text.recv_trickle
                0x00009074       0x4e contiki-sky.a(shell-rime-netc)
 .text.shell_rime_netcmd_init
                0x000090c2       0x22 contiki-sky.a(shell-rime-netc)
                0x000090c2                shell_rime_netcmd_init
 .text.process_thread_collect_view_data_process
                0x000090e4       0x8e contiki-sky.a(shell-collect-v)
 .text.shell_collect_view_init
                0x00009172        0xa contiki-sky.a(shell-collect-v)
                0x00009172                shell_collect_view_init
 .text.process_thread_shell_rfchannel_process
                0x0000917c       0x5e contiki-sky.a(shell-sky.o)
 .text.process_thread_shell_txpower_process
                0x000091da       0x5e contiki-sky.a(shell-sky.o)
 .text.process_thread_shell_senseconv_process
                0x00009238      0x21e contiki-sky.a(shell-sky.o)
 .text.do_rssi  0x00009456       0xaa contiki-sky.a(shell-sky.o)
 .text.process_thread_shell_sense_process
                0x00009500       0xd6 contiki-sky.a(shell-sky.o)
 .text.process_thread_shell_nodeid_process
                0x000095d6       0x8a contiki-sky.a(shell-sky.o)
 .text.shell_sky_init
                0x00009660       0x2a contiki-sky.a(shell-sky.o)
                0x00009660                shell_sky_init
 .text.status   0x0000968a       0x18 contiki-sky.a(sht11-sensor.o)
 .text.configure
                0x000096a2       0x40 contiki-sky.a(sht11-sensor.o)
 .text.value    0x000096e2       0x2e contiki-sky.a(sht11-sensor.o)
 .text.value    0x00009710       0x1a contiki-sky.a(light-sensor.o)
 .text.status   0x0000972a        0xc contiki-sky.a(light-sensor.o)
 .text.configure
                0x00009736       0x10 contiki-sky.a(light-sensor.o)
 .text.value    0x00009746        0x6 contiki-sky.a(battery-sensor.)
 .text.status   0x0000974c        0xc contiki-sky.a(battery-sensor.)
 .text.configure
                0x00009758       0x12 contiki-sky.a(battery-sensor.)
 .text.spi_init
                0x0000976a       0x32 contiki-sky.a(spi.o)
                0x0000976a                spi_init
 .text.sky_sensors_status
                0x0000979c       0x42 contiki-sky.a(sky-sensors.o)
                0x0000979c                sky_sensors_status
 .text.sky_sensors_configure
                0x000097de       0xfc contiki-sky.a(sky-sensors.o)
                0x000097de                sky_sensors_configure
 .text.crc16_add
                0x000098da       0x56 contiki-sky.a(crc16.o)
                0x000098da                crc16_add
 .text.crc16_data
                0x00009930       0x2a contiki-sky.a(crc16.o)
                0x00009930                crc16_data
 .text.compower_accumulate
                0x0000995a       0x72 contiki-sky.a(compower.o)
                0x0000995a                compower_accumulate
 .text.compower_clear
                0x000099cc       0x12 contiki-sky.a(compower.o)
                0x000099cc                compower_clear
 .text.compower_attrconv
                0x000099de       0x10 contiki-sky.a(compower.o)
                0x000099de                compower_attrconv
 .text.memb_init
                0x000099ee       0x36 contiki-sky.a(memb.o)
                0x000099ee                memb_init
 .text.memb_alloc
                0x00009a24       0x3e contiki-sky.a(memb.o)
                0x00009a24                memb_alloc
 .text.memb_free
                0x00009a62       0x3a contiki-sky.a(memb.o)
                0x00009a62                memb_free
 .text.memb_inmemb
                0x00009a9c       0x2e contiki-sky.a(memb.o)
                0x00009a9c                memb_inmemb
 .text.abc_open
                0x00009aca       0x26 contiki-sky.a(abc.o)
                0x00009aca                abc_open
 .text.abc_send
                0x00009af0        0x6 contiki-sky.a(abc.o)
                0x00009af0                abc_send
 .text.abc_input
                0x00009af6        0xe contiki-sky.a(abc.o)
                0x00009af6                abc_input
 .text.abc_sent
                0x00009b04       0x10 contiki-sky.a(abc.o)
                0x00009b04                abc_sent
 .text.announcement_init
                0x00009b14        0xa contiki-sky.a(announcement.o)
                0x00009b14                announcement_init
 .text.announcement_register
                0x00009b1e       0x3e contiki-sky.a(announcement.o)
                0x00009b1e                announcement_register
 .text.announcement_set_value
                0x00009b5c       0x28 contiki-sky.a(announcement.o)
                0x00009b5c                announcement_set_value
 .text.announcement_bump
                0x00009b84       0x22 contiki-sky.a(announcement.o)
                0x00009b84                announcement_bump
 .text.announcement_register_observer_callback
                0x00009ba6        0x6 contiki-sky.a(announcement.o)
                0x00009ba6                announcement_register_observer_callback
 .text.announcement_list
                0x00009bac        0xa contiki-sky.a(announcement.o)
                0x00009bac                announcement_list
 .text.announcement_heard
                0x00009bb6       0x42 contiki-sky.a(announcement.o)
                0x00009bb6                announcement_heard
 .text.adv_packet_sent
                0x00009bf8        0x2 contiki-sky.a(broadcast-annou)
 .text.adv_packet_received
                0x00009bfa       0x66 contiki-sky.a(broadcast-annou)
 .text.set_timers
                0x00009c60       0x4a contiki-sky.a(broadcast-annou)
 .text.send_timer
                0x00009caa       0x36 contiki-sky.a(broadcast-annou)
 .text.new_announcement
                0x00009ce0       0x18 contiki-sky.a(broadcast-annou)
 .text.send_adv
                0x00009cf8       0x66 contiki-sky.a(broadcast-annou)
 .text.broadcast_announcement_init
                0x00009d5e       0x48 contiki-sky.a(broadcast-annou)
                0x00009d5e                broadcast_announcement_init
 .text.broadcast_announcement_beacon_interval
                0x00009da6        0xa contiki-sky.a(broadcast-annou)
                0x00009da6                broadcast_announcement_beacon_interval
 .text.sent_by_abc
                0x00009db0       0x10 contiki-sky.a(broadcast.o)
 .text.recv_from_abc
                0x00009dc0       0x26 contiki-sky.a(broadcast.o)
 .text.broadcast_open
                0x00009de6       0x2a contiki-sky.a(broadcast.o)
                0x00009de6                broadcast_open
 .text.broadcast_send
                0x00009e10       0x1a contiki-sky.a(broadcast.o)
                0x00009e10                broadcast_send
 .text.chameleon_init
                0x00009e2a        0x6 contiki-sky.a(chameleon.o)
                0x00009e2a                chameleon_init
 .text.chameleon_parse
                0x00009e30       0x10 contiki-sky.a(chameleon.o)
                0x00009e30                chameleon_parse
 .text.chameleon_create
                0x00009e40       0x1c contiki-sky.a(chameleon.o)
                0x00009e40                chameleon_create
 .text.chameleon_hdrsize
                0x00009e5c        0x6 contiki-sky.a(chameleon.o)
                0x00009e5c                chameleon_hdrsize
 .text.channel_init
                0x00009e62        0xa contiki-sky.a(channel.o)
                0x00009e62                channel_init
 .text.channel_open
                0x00009e6c       0x10 contiki-sky.a(channel.o)
                0x00009e6c                channel_open
 .text.channel_lookup
                0x00009e7c       0x20 contiki-sky.a(channel.o)
                0x00009e7c                channel_lookup
 .text.channel_set_attributes
                0x00009e9c       0x24 contiki-sky.a(channel.o)
                0x00009e9c                channel_set_attributes
 .text.send_packet
                0x00009ec0       0x3a contiki-sky.a(collect.o)
 .text.enqueue_dummy_packet
                0x00009efa       0x88 contiki-sky.a(collect.o)
 .text.send_ack
                0x00009f82       0x78 contiki-sky.a(collect.o)
 .text.send_queued_packet
                0x00009ffa       0xc8 contiki-sky.a(collect.o)
 .text.send_next_packet
                0x0000a0c2       0x2c contiki-sky.a(collect.o)
 .text.update_rtmetric
                0x0000a0ee       0xf8 contiki-sky.a(collect.o)
 .text.received_announcement
                0x0000a1e6       0x9c contiki-sky.a(collect.o)
 .text.set_keepalive_timer
                0x0000a282       0x5e contiki-sky.a(collect.o)
 .text.timedout
                0x0000a2e0       0x38 contiki-sky.a(collect.o)
 .text.retransmit_callback
                0x0000a318       0xcc contiki-sky.a(collect.o)
 .text.retransmit_not_sent_callback
                0x0000a3e4        0xc contiki-sky.a(collect.o)
 .text.node_packet_sent
                0x0000a3f0       0x58 contiki-sky.a(collect.o)
 .text.send_keepalive
                0x0000a448       0x32 contiki-sky.a(collect.o)
 .text.add_packet_to_recent_packets.part.6
                0x0000a47a       0x4c contiki-sky.a(collect.o)
 .text.node_packet_received
                0x0000a4c6      0x2f8 contiki-sky.a(collect.o)
 .text.proactive_probing_callback
                0x0000a7be       0xe8 contiki-sky.a(collect.o)
 .text.collect_open
                0x0000a8a6       0xec contiki-sky.a(collect.o)
                0x0000a8a6                collect_open
 .text.collect_set_keepalive
                0x0000a992        0xe contiki-sky.a(collect.o)
                0x0000a992                collect_set_keepalive
 .text.collect_set_sink
                0x0000a9a0       0x68 contiki-sky.a(collect.o)
                0x0000a9a0                collect_set_sink
 .text.collect_send
                0x0000aa08       0xe8 contiki-sky.a(collect.o)
                0x0000aa08                collect_send
 .text.collect_link_estimate_new
                0x0000aaf0       0x12 contiki-sky.a(collect-link-es)
                0x0000aaf0                collect_link_estimate_new
 .text.collect_link_estimate_update_tx
                0x0000ab02       0x9e contiki-sky.a(collect-link-es)
                0x0000ab02                collect_link_estimate_update_tx
 .text.collect_link_estimate_update_tx_fail
                0x0000aba0        0xc contiki-sky.a(collect-link-es)
                0x0000aba0                collect_link_estimate_update_tx_fail
 .text.collect_link_estimate
                0x0000abac       0x18 contiki-sky.a(collect-link-es)
                0x0000abac                collect_link_estimate
 .text.collect_link_estimate_num_estimates
                0x0000abc4        0xe contiki-sky.a(collect-link-es)
                0x0000abc4                collect_link_estimate_num_estimates
 .text.periodic
                0x0000abd2       0x8e contiki-sky.a(collect-neighbo)
 .text.collect_neighbor_init
                0x0000ac60       0x14 contiki-sky.a(collect-neighbo)
                0x0000ac60                collect_neighbor_init
 .text.collect_neighbor_list_new
                0x0000ac74       0x32 contiki-sky.a(collect-neighbo)
                0x0000ac74                collect_neighbor_list_new
 .text.collect_neighbor_list_find
                0x0000aca6       0x3a contiki-sky.a(collect-neighbo)
                0x0000aca6                collect_neighbor_list_find
 .text.collect_neighbor_list_add
                0x0000ace0       0xaa contiki-sky.a(collect-neighbo)
                0x0000ace0                collect_neighbor_list_add
 .text.collect_neighbor_list
                0x0000ad8a        0xe contiki-sky.a(collect-neighbo)
                0x0000ad8a                collect_neighbor_list
 .text.collect_neighbor_list_num
                0x0000ad98       0x12 contiki-sky.a(collect-neighbo)
                0x0000ad98                collect_neighbor_list_num
 .text.collect_neighbor_update_rtmetric
                0x0000adaa        0xe contiki-sky.a(collect-neighbo)
                0x0000adaa                collect_neighbor_update_rtmetric
 .text.collect_neighbor_tx_fail
                0x0000adb8       0x1e contiki-sky.a(collect-neighbo)
                0x0000adb8                collect_neighbor_tx_fail
 .text.collect_neighbor_tx
                0x0000add6       0x1e contiki-sky.a(collect-neighbo)
                0x0000add6                collect_neighbor_tx
 .text.collect_neighbor_rtmetric_link_estimate
                0x0000adf4       0x1c contiki-sky.a(collect-neighbo)
                0x0000adf4                collect_neighbor_rtmetric_link_estimate
 .text.collect_neighbor_list_best
                0x0000ae10       0x4a contiki-sky.a(collect-neighbo)
                0x0000ae10                collect_neighbor_list_best
 .text.collect_neighbor_rtmetric
                0x0000ae5a        0xe contiki-sky.a(collect-neighbo)
                0x0000ae5a                collect_neighbor_rtmetric
 .text.collect_neighbor_set_congested
                0x0000ae68       0x14 contiki-sky.a(collect-neighbo)
                0x0000ae68                collect_neighbor_set_congested
 .text.collect_neighbor_is_congested
                0x0000ae7c       0x18 contiki-sky.a(collect-neighbo)
                0x0000ae7c                collect_neighbor_is_congested
 .text.collect_neighbor_link_estimate
                0x0000ae94       0x30 contiki-sky.a(collect-neighbo)
                0x0000ae94                collect_neighbor_link_estimate
 .text.remove_queued_packet
                0x0000aec4       0x36 contiki-sky.a(packetqueue.o)
 .text.packetqueue_enqueue_packetbuf
                0x0000aefa       0x7a contiki-sky.a(packetqueue.o)
                0x0000aefa                packetqueue_enqueue_packetbuf
 .text.packetqueue_first
                0x0000af74        0xa contiki-sky.a(packetqueue.o)
                0x0000af74                packetqueue_first
 .text.packetqueue_dequeue
                0x0000af7e       0x40 contiki-sky.a(packetqueue.o)
                0x0000af7e                packetqueue_dequeue
 .text.packetqueue_len
                0x0000afbe        0xa contiki-sky.a(packetqueue.o)
                0x0000afbe                packetqueue_len
 .text.packetqueue_queuebuf
                0x0000afc8        0xe contiki-sky.a(packetqueue.o)
                0x0000afc8                packetqueue_queuebuf
 .text.route_num
                0x0000afd6       0x1e contiki-sky.a(route.o)
                0x0000afd6                route_num
 .text.route_get
                0x0000aff4       0x26 contiki-sky.a(route.o)
                0x0000aff4                route_get
 .text.send     0x0000b01a       0x1c contiki-sky.a(trickle.o)
 .text.run_trickle
                0x0000b036       0xbe contiki-sky.a(trickle.o)
 .text.timer_callback
                0x0000b0f4        0x6 contiki-sky.a(trickle.o)
 .text.recv     0x0000b0fa       0x86 contiki-sky.a(trickle.o)
 .text.trickle_open
                0x0000b180       0x44 contiki-sky.a(trickle.o)
                0x0000b180                trickle_open
 .text.trickle_send
                0x0000b1c4       0x3e contiki-sky.a(trickle.o)
                0x0000b1c4                trickle_send
 .text.sent_by_broadcast
                0x0000b202       0x10 contiki-sky.a(unicast.o)
 .text.recv_from_broadcast
                0x0000b212       0x2e contiki-sky.a(unicast.o)
 .text.unicast_open
                0x0000b240       0x2a contiki-sky.a(unicast.o)
                0x0000b240                unicast_open
 .text.unicast_send
                0x0000b26a       0x16 contiki-sky.a(unicast.o)
                0x0000b26a                unicast_send
 .text.parse    0x0000b280       0xb0 contiki-sky.a(framer-802154.o)
 .text.create_frame.isra.0
                0x0000b330      0x114 contiki-sky.a(framer-802154.o)
 .text.create   0x0000b444        0x8 contiki-sky.a(framer-802154.o)
 .text.hdr_length
                0x0000b44c        0x8 contiki-sky.a(framer-802154.o)
 .text.mac_sequence_is_duplicate
                0x0000b454       0x66 contiki-sky.a(mac-sequence.o)
                0x0000b454                mac_sequence_is_duplicate
 .text.mac_sequence_register_seqno
                0x0000b4ba       0x74 contiki-sky.a(mac-sequence.o)
                0x0000b4ba                mac_sequence_register_seqno
 .text.sniffprint
                0x0000b52e       0x72 contiki-sky.a(powertrace.o)
 .text.output_printsniffer
                0x0000b5a0       0x16 contiki-sky.a(powertrace.o)
 .text.add_stats
                0x0000b5b6       0x54 contiki-sky.a(powertrace.o)
 .text.add_packet_stats
                0x0000b60a       0x5e contiki-sky.a(powertrace.o)
 .text.output_sniffer
                0x0000b668        0x8 contiki-sky.a(powertrace.o)
 .text.input_sniffer
                0x0000b670        0x8 contiki-sky.a(powertrace.o)
 .text.input_printsniffer
                0x0000b678       0x70 contiki-sky.a(powertrace.o)
 .text.powertrace_print
                0x0000b6e8      0x820 contiki-sky.a(powertrace.o)
                0x0000b6e8                powertrace_print
 .text.process_thread_powertrace_process
                0x0000bf08       0x5c contiki-sky.a(powertrace.o)
 .text.powertrace_start
                0x0000bf64       0x18 contiki-sky.a(powertrace.o)
                0x0000bf64                powertrace_start
 .text.powertrace_stop
                0x0000bf7c        0xa contiki-sky.a(powertrace.o)
                0x0000bf7c                powertrace_stop
 .text.powertrace_sniff
                0x0000bf86       0x1e contiki-sky.a(powertrace.o)
                0x0000bf86                powertrace_sniff
 .text.collect_view_construct_message
                0x0000bfa4      0x154 contiki-sky.a(collect-view.o)
                0x0000bfa4                collect_view_construct_message
 .text.collect_view_arch_read_sensors
                0x0000c0f8       0x9c contiki-sky.a(collect-view-sk)
                0x0000c0f8                collect_view_arch_read_sensors
 .text.crc8_add
                0x0000c194       0x1c contiki-sky.a(sht11.o)
 .text.sstart   0x0000c1b0       0x3e contiki-sky.a(sht11.o)
 .text.swrite   0x0000c1ee       0x52 contiki-sky.a(sht11.o)
 .text.sread    0x0000c240       0x4e contiki-sky.a(sht11.o)
 .text.sreset   0x0000c28e       0x2a contiki-sky.a(sht11.o)
 .text.scmd.part.0
                0x0000c2b8       0xb0 contiki-sky.a(sht11.o)
 .text.sht11_init
                0x0000c368       0x1a contiki-sky.a(sht11.o)
                0x0000c368                sht11_init
 .text.sht11_off
                0x0000c382       0x14 contiki-sky.a(sht11.o)
                0x0000c382                sht11_off
 .text.sht11_temp
                0x0000c396        0xa contiki-sky.a(sht11.o)
                0x0000c396                sht11_temp
 .text.sht11_humidity
                0x0000c3a0        0xa contiki-sky.a(sht11.o)
                0x0000c3a0                sht11_humidity
 .text.sht11_sreg
                0x0000c3aa       0x7a contiki-sky.a(sht11.o)
                0x0000c3aa                sht11_sreg
 .text.get_bits_in_byte
                0x0000c424       0x3a contiki-sky.a(chameleon-bitop)
 .text.header_size
                0x0000c45e       0x16 contiki-sky.a(chameleon-bitop)
 .text.get_bits
                0x0000c474       0xa4 contiki-sky.a(chameleon-bitop)
                0x0000c474                get_bits
 .text.unpack_header
                0x0000c518       0xdc contiki-sky.a(chameleon-bitop)
 .text.set_bits
                0x0000c5f4      0x116 contiki-sky.a(chameleon-bitop)
                0x0000c5f4                set_bits
 .text.pack_header
                0x0000c70a       0xc4 contiki-sky.a(chameleon-bitop)
 .text.frame802154_get_pan_id
                0x0000c7ce        0x6 contiki-sky.a(frame802154.o)
                0x0000c7ce                frame802154_get_pan_id
 .text.frame802154_has_panid
                0x0000c7d4       0xdc contiki-sky.a(frame802154.o)
                0x0000c7d4                frame802154_has_panid
 .text.field_len
                0x0000c8b0       0xb2 contiki-sky.a(frame802154.o)
 .text.frame802154_is_broadcast_addr
                0x0000c962       0x24 contiki-sky.a(frame802154.o)
                0x0000c962                frame802154_is_broadcast_addr
 .text.frame802154_hdrlen
                0x0000c986       0x32 contiki-sky.a(frame802154.o)
                0x0000c986                frame802154_hdrlen
 .text.frame802154_create_fcf
                0x0000c9b8       0x96 contiki-sky.a(frame802154.o)
                0x0000c9b8                frame802154_create_fcf
 .text.frame802154_create
                0x0000ca4e       0xe4 contiki-sky.a(frame802154.o)
                0x0000ca4e                frame802154_create
 .text.frame802154_parse_fcf
                0x0000cb32       0xbe contiki-sky.a(frame802154.o)
                0x0000cb32                frame802154_parse_fcf
 .text.frame802154_parse
                0x0000cbf0      0x18c contiki-sky.a(frame802154.o)
                0x0000cbf0                frame802154_parse
 .text.libgcc   0x0000cd7c       0x2c /usr/lib/gcc/msp430/4.6.3/mmpy-16/libgcc.a(_mulsi3.o)
                0x0000cd7c                __mulsi3
 .text.libgcc   0x0000cda8       0x22 /usr/lib/gcc/msp430/4.6.3/mmpy-16/libgcc.a(_udivmod16.o)
                0x0000cda8                __udivhi3
                0x0000cda8                __ext_udivmod16
                0x0000cdc2                __umodhi3
 .text.libgcc   0x0000cdca       0x3a /usr/lib/gcc/msp430/4.6.3/mmpy-16/libgcc.a(_divmod16.o)
                0x0000cdca                __ext_divmod16
                0x0000cdca                __divhi3
                0x0000cdfc                __modhi3
 .text.libgcc   0x0000ce04       0x40 /usr/lib/gcc/msp430/4.6.3/mmpy-16/libgcc.a(_udivmod32.o)
                0x0000ce04                __udivsi3
                0x0000ce04                __ext_udivmod32
                0x0000ce3a                __umodsi3
 .text.libgcc   0x0000ce44       0x4c /usr/lib/gcc/msp430/4.6.3/mmpy-16/libgcc.a(_divmod32.o)
                0x0000ce44                __ext_divmod32
                0x0000ce44                __divsi3
                0x0000ce86                __modsi3
 .text          0x0000ce90       0x12 /usr/lib/gcc/msp430/4.6.3/../../../../msp430/lib/mmpy-16/libc.a(strchr.o)
                0x0000ce90                strchr
 .text          0x0000cea2       0x1e /usr/lib/gcc/msp430/4.6.3/../../../../msp430/lib/mmpy-16/libc.a(strcmp.o)
                0x0000cea2                strcmp
 .text          0x0000cec0       0x28 /usr/lib/gcc/msp430/4.6.3/../../../../msp430/lib/mmpy-16/libc.a(strncmp.o)
                0x0000cec0                strncmp
 .text          0x0000cee8       0x20 /usr/lib/gcc/msp430/4.6.3/../../../../msp430/lib/mmpy-16/libc.a(memcmp.o)
                0x0000cee8                memcmp
 .text          0x0000cf08       0x14 /usr/lib/gcc/msp430/4.6.3/../../../../msp430/lib/mmpy-16/libc.a(strcpy.o)
                0x0000cf08                strcpy
 .text          0x0000cf1c       0x2a /usr/lib/gcc/msp430/4.6.3/../../../../msp430/lib/mmpy-16/libc.a(strncpy.o)
                0x0000cf1c                strncpy
 .text          0x0000cf46       0xfa /usr/lib/gcc/msp430/4.6.3/../../../../msp430/lib/mmpy-16/libc.a(memcpy.o)
                0x0000cf46                memcpy
 .text          0x0000d040       0x6a /usr/lib/gcc/msp430/4.6.3/../../../../msp430/lib/mmpy-16/libc.a(memset.o)
                0x0000d040                memset
 .text          0x0000d0aa       0x1e /usr/lib/gcc/msp430/4.6.3/../../../../msp430/lib/mmpy-16/libc.a(printf.o)
                0x0000d0aa                printf
                0x0000d0ba                vprintf
 .text          0x0000d0c8       0xbc /usr/lib/gcc/msp430/4.6.3/../../../../msp430/lib/mmpy-16/libc.a(sprintf.o)
                0x0000d126                sprintf
                0x0000d142                snprintf
                0x0000d15c                vsprintf
                0x0000d172                vsnprintf
 .text          0x0000d184      0x836 /usr/lib/gcc/msp430/4.6.3/../../../../msp430/lib/mmpy-16/libc.a(vuprintf.o)
                0x0000d31c                vuprintf
 .text          0x0000d9ba       0x2c /usr/lib/gcc/msp430/4.6.3/../../../../msp430/lib/mmpy-16/libc.a(puts.o)
                0x0000d9ba                puts
 .text          0x0000d9e6       0x54 /usr/lib/gcc/msp430/4.6.3/../../../../msp430/lib/mmpy-16/libc.a(rand.o)
                0x0000d9e6                rand_r
                0x0000da0a                rand
                0x0000da30                srand
 .text.libgcc   0x0000da3a       0xf0 /usr/lib/gcc/msp430/4.6.3/mmpy-16/libgcc.a(_udivmod64.o)
                0x0000da3a                __xabi_udivmod64
                0x0000da98                __udivdi3
                0x0000dabe                __umoddi3
                0x0000daec                __udivmoddi4
 .text.crt0     0x0000db2a        0x2 /usr/lib/gcc/msp430/4.6.3/mmpy-16/libcrt0.a(_unexpected_.o)
                0x0000db2a                _unexpected_
                0x0000db2c                . = ALIGN (0x2)

.rodata         0x0000db2c      0xcb8
                0x0000db2c                . = ALIGN (0x2)
 *(.rodata .rodata.* .gnu.linkonce.r.*)
 .rodata        0x0000db2c       0x1a collect_example.co
                0x0000db2c                autostart_processes
 .rodata        0x0000db46       0xe5 obj_sky/contiki-sky-main.o
 *fill*         0x0000dc2b        0x1 00
 .rodata        0x0000dc2c       0x10 contiki-sky.a(button-sensor.o)
                0x0000dc34                button_sensor
 .rodata        0x0000dc3c        0x8 contiki-sky.a(sensors.o)
 .rodata        0x0000dc44       0x70 contiki-sky.a(cc2420.o)
                0x0000dc76                cc2420_aes_128_driver
                0x0000dc7a                cc2420_driver
 .rodata        0x0000dcb4        0xf contiki-sky.a(ctimer.o)
 .rodata        0x0000dcc3        0xc contiki-sky.a(etimer.o)
 .rodata        0x0000dccf        0xe contiki-sky.a(serial-line.o)
 *fill*         0x0000dcdd        0x1 00
 .rodata        0x0000dcde        0xc contiki-sky.a(rime.o)
                0x0000dce4                rime_driver
 .rodata        0x0000dcea       0x14 contiki-sky.a(csma.o)
                0x0000dcf0                csma_driver
 .rodata        0x0000dcfe        0x2 contiki-sky.a(linkaddr.o)
                0x0000dcfe                linkaddr_null
 .rodata        0x0000dd00       0x1c contiki-sky.a(contikimac.o)
                0x0000dd0c                contikimac_driver
 .rodata        0x0000dd1c        0x6 contiki-sky.a(contikimac-fram)
                0x0000dd1c                contikimac_framer
 .rodata        0x0000dd22       0x10 contiki-sky.a(nullsec.o)
                0x0000dd2a                nullsec_driver
 .rodata        0x0000dd32       0x24 contiki-sky.a(serial-shell.o)
 .rodata        0x0000dd56      0x19e contiki-sky.a(shell.o)
 .rodata        0x0000def4       0x48 contiki-sky.a(shell-reboot.o)
 .rodata        0x0000df3c       0x2c contiki-sky.a(shell-blink.o)
 .rodata        0x0000df68       0xbd contiki-sky.a(shell-text.o)
 .rodata        0x0000e025      0x155 contiki-sky.a(shell-time.o)
 .rodata        0x0000e17a       0x89 contiki-sky.a(shell-powertrac)
 *fill*         0x0000e203        0x1 00
 .rodata        0x0000e204      0x1b4 contiki-sky.a(shell-rime.o)
 .rodata        0x0000e3b8       0xac contiki-sky.a(shell-rime-netc)
 .rodata        0x0000e464       0x54 contiki-sky.a(shell-collect-v)
 .rodata        0x0000e4b8      0x15e contiki-sky.a(shell-sky.o)
 .rodata        0x0000e616        0xe contiki-sky.a(sht11-sensor.o)
                0x0000e61c                sht11_sensor
 .rodata        0x0000e624        0xe contiki-sky.a(light-sensor.o)
                0x0000e62a                light_sensor
 .rodata        0x0000e632       0x10 contiki-sky.a(battery-sensor.)
                0x0000e63a                battery_sensor
 .rodata        0x0000e642        0x2 contiki-sky.a(abc.o)
 .rodata        0x0000e644        0x4 contiki-sky.a(broadcast-annou)
 .rodata        0x0000e648        0x8 contiki-sky.a(broadcast.o)
 .rodata        0x0000e650       0x18 contiki-sky.a(collect.o)
 .rodata        0x0000e668        0xa contiki-sky.a(trickle.o)
 .rodata        0x0000e672        0xa contiki-sky.a(unicast.o)
 .rodata        0x0000e67c        0x6 contiki-sky.a(framer-802154.o)
                0x0000e67c                framer_802154
 .rodata        0x0000e682      0x148 contiki-sky.a(powertrace.o)
 .rodata        0x0000e7ca       0x10 contiki-sky.a(chameleon-bitop)
                0x0000e7ca                chameleon_bitopt
 .rodata        0x0000e7da        0x2 contiki-sky.a(frame802154.o)
 .rodata        0x0000e7dc        0x7 /usr/lib/gcc/msp430/4.6.3/../../../../msp430/lib/mmpy-16/libc.a(vuprintf.o)
                0x0000e7e4                . = ALIGN (0x2)
 *fill*         0x0000e7e3        0x1 00
                0x0000e7e4                _etext = .

.data           0x00001100      0x338 load address 0x0000e7e4
                0x00001100                . = ALIGN (0x2)
                0x00001100                PROVIDE (__data_start, .)
 *(.data .data.* .gnu.linkonce.d.*)
 .data          0x00001100        0xa collect_example.co
                0x00001100                collect_example
 .data          0x0000110a        0x4 contiki-sky.a(contiki-sky-pla)
                0x0000110a                sensors
 .data          0x0000110e        0xa contiki-sky.a(sensors.o)
                0x0000110e                sensors_process
 .data          0x00001118        0xc contiki-sky.a(cc2420.o)
                0x00001118                cc2420_process
 .data          0x00001124        0x2 contiki-sky.a(msp430.o)
 .data          0x00001126        0xa contiki-sky.a(ctimer.o)
                0x00001126                ctimer_process
 .data          0x00001130        0xa contiki-sky.a(etimer.o)
                0x00001130                etimer_process
 .data          0x0000113a        0xa contiki-sky.a(serial-line.o)
                0x0000113a                serial_line_process
 .data          0x00001144       0x18 contiki-sky.a(csma.o)
 .data          0x0000115c       0x10 contiki-sky.a(queuebuf.o)
 .data          0x0000116c        0xa contiki-sky.a(serial-shell.o)
                0x0000116c                serial_shell_process
 .data          0x00001176       0xac contiki-sky.a(shell.o)
                0x00001176                shell_exit_process
                0x00001180                shell_null_process
                0x0000118a                shell_kill_process
                0x00001194                shell_killall_process
                0x0000119e                help_command_process
                0x000011a8                shell_server_process
                0x000011b2                shell_process
 .data          0x00001222       0x14 contiki-sky.a(shell-reboot.o)
                0x00001222                shell_reboot_process
 .data          0x00001236       0x14 contiki-sky.a(shell-blink.o)
                0x00001236                shell_blink_process
 .data          0x0000124a       0x50 contiki-sky.a(shell-text.o)
                0x0000124a                shell_size_process
                0x00001254                shell_hd_process
                0x0000125e                shell_binprint_process
                0x00001268                shell_echo_process
 .data          0x0000129a       0x5a contiki-sky.a(shell-time.o)
                0x0000129a                shell_randwait_process
                0x000012a4                shell_repeat_server_process
                0x000012ae                shell_repeat_process
                0x000012b8                shell_timestamp_process
                0x000012c2                shell_time_process
 .data          0x000012f4       0x14 contiki-sky.a(shell-powertrac)
                0x000012f4                shell_powertrace_process
 .data          0x00001308       0x64 contiki-sky.a(shell-rime.o)
                0x00001308                shell_packetize_process
                0x00001312                shell_routes_process
                0x0000131c                shell_collect_process
                0x00001326                shell_send_process
                0x00001330                shell_mac_process
 .data          0x0000136c       0x1e contiki-sky.a(shell-rime-netc)
                0x0000136c                shell_netcmd_server_process
                0x00001376                shell_netcmd_process
 .data          0x0000138a       0x14 contiki-sky.a(shell-collect-v)
                0x0000138a                collect_view_data_process
 .data          0x0000139e       0x64 contiki-sky.a(shell-sky.o)
                0x0000139e                shell_rfchannel_process
                0x000013a8                shell_txpower_process
                0x000013b2                shell_senseconv_process
                0x000013bc                shell_sense_process
                0x000013c6                shell_nodeid_process
 .data          0x00001402        0x1 contiki-sky.a(sht11-sensor.o)
 *fill*         0x00001403        0x1 00
 .data          0x00001404        0x8 contiki-sky.a(collect.o)
 .data          0x0000140c        0x8 contiki-sky.a(collect-neighbo)
 .data          0x00001414       0x1e contiki-sky.a(powertrace.o)
                0x00001414                powertrace_process
 .data          0x00001432        0x2 contiki-sky.a(frame802154.o)
 .data          0x00001434        0x4 /usr/lib/gcc/msp430/4.6.3/../../../../msp430/lib/mmpy-16/libc.a(rand.o)
                0x00001438                . = ALIGN (0x2)
                0x00001438                _edata = .
                0x0000e7e4                PROVIDE (__data_load_start, LOADADDR (.data))
                0x00000338                PROVIDE (__data_size, SIZEOF (.data))

.bss            0x00001438     0x1cbe load address 0x0000eb1c
                0x00001438                PROVIDE (__bss_start, .)
 *(.bss .bss.*)
 .bss           0x00001438        0xc obj_sky/contiki-sky-main.o
 .bss           0x00001444        0x8 contiki-sky.a(button-sensor.o)
 .bss           0x0000144c        0x2 contiki-sky.a(node-id.o)
                0x0000144c                node_id
 .bss           0x0000144e        0x6 contiki-sky.a(sensors.o)
 .bss           0x00001454        0xa contiki-sky.a(cc2420.o)
 .bss           0x0000145e       0x9a contiki-sky.a(uart1.o)
 .bss           0x000014f8        0xa contiki-sky.a(clock.o)
 .bss           0x00001502        0x1 contiki-sky.a(leds.o)
 *fill*         0x00001503        0x1 00
 .bss           0x00001504        0x2 contiki-sky.a(watchdog.o)
 .bss           0x00001506        0x4 contiki-sky.a(ctimer.o)
 .bss           0x0000150a        0x6 contiki-sky.a(etimer.o)
 .bss           0x00001510       0x38 contiki-sky.a(process.o)
                0x00001510                process_current
                0x00001512                process_list
 .bss           0x00001548        0x2 contiki-sky.a(rtimer.o)
 .bss           0x0000154a      0x10a contiki-sky.a(serial-line.o)
 .bss           0x00001654        0x2 contiki-sky.a(rime.o)
 .bss           0x00001656      0x124 contiki-sky.a(csma.o)
 .bss           0x0000177a       0x86 contiki-sky.a(packetbuf.o)
 .bss           0x00001800      0xc20 contiki-sky.a(queuebuf.o)
 .bss           0x00002420       0x32 contiki-sky.a(contikimac.o)
 .bss           0x00002452       0x16 contiki-sky.a(shell.o)
 .bss           0x00002468        0xc contiki-sky.a(shell-reboot.o)
 .bss           0x00002474       0x12 contiki-sky.a(shell-blink.o)
 .bss           0x00002486        0x4 contiki-sky.a(shell-text.o)
 .bss           0x0000248a       0xa6 contiki-sky.a(shell-time.o)
 .bss           0x00002530        0xc contiki-sky.a(shell-rime.o)
 .bss           0x0000253c       0x58 contiki-sky.a(shell-rime-netc)
 .bss           0x00002594       0x82 contiki-sky.a(shell-sky.o)
 .bss           0x00002616        0x4 contiki-sky.a(sky-sensors.o)
 .bss           0x0000261a        0x8 contiki-sky.a(compower.o)
 .bss           0x00002622        0x6 contiki-sky.a(announcement.o)
 .bss           0x00002628       0x46 contiki-sky.a(broadcast-annou)
 .bss           0x0000266e        0x2 contiki-sky.a(channel.o)
 .bss           0x00002670      0x1be contiki-sky.a(collect.o)
 .bss           0x0000282e      0x322 contiki-sky.a(collect-neighbo)
 .bss           0x00002b50       0x7e contiki-sky.a(route.o)
 .bss           0x00002bce        0x2 contiki-sky.a(framer-802154.o)
 .bss           0x00002bd0       0x80 contiki-sky.a(mac-sequence.o)
 .bss           0x00002c50      0x2fe contiki-sky.a(powertrace.o)
 .bss           0x00002f4e       0x10 contiki-sky.a(collect-view.o)
 .bss           0x00002f5e        0x4 /usr/lib/gcc/msp430/4.6.3/../../../../msp430/lib/mmpy-16/libc.a(sprintf.o)
 *(COMMON)
 COMMON         0x00002f62        0x2 contiki-sky.a(contiki-sky-pla)
                0x00002f62                sensors_flags
 COMMON         0x00002f64        0x8 contiki-sky.a(ds2411.o)
                0x00002f64                ds2411_id
 COMMON         0x00002f6c        0x1 contiki-sky.a(sensors.o)
                0x00002f6c                sensors_event
 *fill*         0x00002f6d        0x1 00
 COMMON         0x00002f6e       0x10 contiki-sky.a(cc2420.o)
                0x00002f6e                cc2420_last_rssi
                0x00002f70                cc2420_sfd_start_time
                0x00002f72                cc2420_time_of_departure
                0x00002f74                cc2420_time_of_arrival
                0x00002f76                cc2420_last_correlation
                0x00002f78                cc2420_authority_level_of_sender
                0x00002f7a                cc2420_sfd_counter
                0x00002f7c                cc2420_sfd_end_time
 COMMON         0x00002f7e        0x2 contiki-sky.a(msp430.o)
                0x00002f7e                msp430_dco_required
 COMMON         0x00002f80       0x56 contiki-sky.a(energest.o)
                0x00002f80                energest_total_time
                0x00002fb0                energest_total_count
                0x00002fb2                energest_current_mode
                0x00002fbe                energest_current_time
 COMMON         0x00002fd6        0x1 contiki-sky.a(process.o)
                0x00002fd6                process_maxevents
 COMMON         0x00002fd7        0x1 contiki-sky.a(serial-line.o)
                0x00002fd7                serial_line_event_message
 COMMON         0x00002fd8        0x2 contiki-sky.a(linkaddr.o)
                0x00002fd8                linkaddr_node_addr
 COMMON         0x00002fda       0x3c contiki-sky.a(packetbuf.o)
                0x00002fda                packetbuf_addrs
                0x00002fe2                packetbuf_attrs
 COMMON         0x00003016        0x2 contiki-sky.a(shell.o)
                0x00003016                shell_event_input
 COMMON         0x00003018       0x9e contiki-sky.a(shell-rime.o)
                0x00003018                shell_collect_conn
 COMMON         0x000030b6        0x8 contiki-sky.a(compower.o)
                0x000030b6                compower_idle_activity
 COMMON         0x000030be       0x38 contiki-sky.a(collect.o)
                0x000030be                stats
                0x000030f6                . = ALIGN (0x2)
                0x000030f6                PROVIDE (__bss_end, .)
                0x00001cbe                PROVIDE (__bss_size, SIZEOF (.bss))

.noinit         0x000030f6        0x2 load address 0x0000eb1c
                0x000030f6                PROVIDE (__noinit_start, .)
 *(.noinit .noinit.*)
 .noinit.crt0   0x000030f6        0x2 /usr/lib/gcc/msp430/4.6.3/mmpy-16/libcrt0.a(__watchdog_support.o)
                0x000030f6                __wdt_clear_value
                0x000030f8                . = ALIGN (0x2)
                0x000030f8                PROVIDE (__noinit_end, .)
                0x000030f8                . = ALIGN (0x2)
                0x000030f8                _end = .

.infomem        0x00001000        0x0
 *(.infomem)
                0x00001000                . = ALIGN (0x2)
 *(.infomem.*)

.infomemnobits  0x00001000        0x0
 *(.infomemnobits)
                0x00001000                . = ALIGN (0x2)
 *(.infomemnobits.*)

.infoa
 *(.infoa .infoa.*)

.infob
 *(.infob .infob.*)

.infoc
 *(.infoc .infoc.*)

.infod
 *(.infod .infod.*)

.vectors        0x0000ffe0       0x20
                0x0000ffe0                PROVIDE (__vectors_start, .)
 *(.vectors*)
 .vectors       0x0000ffe0       0x20 /usr/lib/gcc/msp430/4.6.3/mmpy-16/crt0ivtbl16.o
                0x0000ffe0                __ivtbl_16
                0x00010000                _vectors_end = .

.fartext        0x00000000        0x0
                0x00000000                . = ALIGN (0x2)
 *(.fartext)
                0x00000000                . = ALIGN (0x2)
 *(.fartext.*)
                0x00000000                _efartext = .

.profiler
 *(.profiler)

.stab           0x00000000    0x29580
 *(.stab)
 .stab          0x00000000      0xe7c collect_example.co
 .stab          0x00000e7c     0x11ac obj_sky/contiki-sky-main.o
                               0x17a0 (size before relaxing)
 .stab          0x00002028      0x264 contiki-sky.a(contiki-sky-pla)
                                0x5b8 (size before relaxing)
 .stab          0x0000228c      0x468 contiki-sky.a(button-sensor.o)
                                0x7d4 (size before relaxing)
 .stab          0x000026f4      0x624 contiki-sky.a(ds2411.o)
                                0xb40 (size before relaxing)
 .stab          0x00002d18      0xbac contiki-sky.a(xmem.o)
                                0xf60 (size before relaxing)
 .stab          0x000038c4      0x2b8 contiki-sky.a(node-id.o)
                                0x4e0 (size before relaxing)
 .stab          0x00003b7c      0x654 contiki-sky.a(sensors.o)
                                0xb70 (size before relaxing)
 .stab          0x000041d0     0x2904 contiki-sky.a(cc2420.o)
                               0x3030 (size before relaxing)
 .stab          0x00006ad4      0xb04 contiki-sky.a(cc2420-arch.o)
                               0x13f8 (size before relaxing)
 .stab          0x000075d8      0x60c contiki-sky.a(uart1.o)
                                0x960 (size before relaxing)
 .stab          0x00007be4      0x234 contiki-sky.a(uart1-putchar.o)
                                0x588 (size before relaxing)
 .stab          0x00007e18      0x744 contiki-sky.a(msp430.o)
                                0xa98 (size before relaxing)
 .stab          0x0000855c      0x948 contiki-sky.a(clock.o)
                                0xc9c (size before relaxing)
 .stab          0x00008ea4      0x5dc contiki-sky.a(leds.o)
                                0x828 (size before relaxing)
 .stab          0x00009480      0x3a8 contiki-sky.a(leds-arch.o)
                                0x6fc (size before relaxing)
 .stab          0x00009828      0x3fc contiki-sky.a(watchdog.o)
                                0x750 (size before relaxing)
 .stab          0x00009c24      0x3cc contiki-sky.a(rtimer-arch.o)
                                0x720 (size before relaxing)
 .stab          0x00009ff0      0x294 contiki-sky.a(autostart.o)
                                0x534 (size before relaxing)
 .stab          0x0000a284      0x858 contiki-sky.a(ctimer.o)
                                0xbc4 (size before relaxing)
 .stab          0x0000aadc      0x474 contiki-sky.a(energest.o)
                                0x6fc (size before relaxing)
 .stab          0x0000af50      0xabc contiki-sky.a(etimer.o)
                                0xd8c (size before relaxing)
 .stab          0x0000ba0c      0xba0 contiki-sky.a(process.o)
                               0x1038 (size before relaxing)
 .stab          0x0000c5ac      0x3d8 contiki-sky.a(rtimer.o)
                                0x6c0 (size before relaxing)
 .stab          0x0000c984      0x354 contiki-sky.a(timer.o)
                                0x594 (size before relaxing)
 .stab          0x0000ccd8      0x534 contiki-sky.a(serial-line.o)
                                0xa50 (size before relaxing)
 .stab          0x0000d20c      0x7f8 contiki-sky.a(list.o)
                                0x804 (size before relaxing)
 .stab          0x0000da04      0x24c contiki-sky.a(random.o)
                                0x624 (size before relaxing)
 .stab          0x0000dc50      0x3fc contiki-sky.a(ringbuf.o)
                                0x63c (size before relaxing)
 .stab          0x0000e04c      0xbc4 contiki-sky.a(rime.o)
                               0x1410 (size before relaxing)
 .stab          0x0000ec10      0xcf0 contiki-sky.a(csma.o)
                               0x1680 (size before relaxing)
 .stab          0x0000f900      0x1f8 contiki-sky.a(mac.o)
                                0x4ec (size before relaxing)
 .stab          0x0000faf8      0x2c4 contiki-sky.a(linkaddr.o)
                                0x6c0 (size before relaxing)
 .stab          0x0000fdbc      0xc60 contiki-sky.a(packetbuf.o)
                               0x1aa0 (size before relaxing)
 .stab          0x00010a1c      0xa5c contiki-sky.a(queuebuf.o)
                               0x1884 (size before relaxing)
 .stab          0x00011478     0x1728 contiki-sky.a(contikimac.o)
                               0x22ec (size before relaxing)
 .stab          0x00012ba0      0x81c contiki-sky.a(contikimac-fram)
                                0xe58 (size before relaxing)
 .stab          0x000133bc      0x3c0 contiki-sky.a(nullsec.o)
                                0xcf0 (size before relaxing)
 .stab          0x0001377c      0x798 contiki-sky.a(serial-shell.o)
                               0x13b0 (size before relaxing)
 .stab          0x00013f14     0x1c50 contiki-sky.a(shell.o)
                               0x2760 (size before relaxing)
 .stab          0x00015b64      0x3fc contiki-sky.a(shell-reboot.o)
                                0x954 (size before relaxing)
 .stab          0x00015f60      0x4f8 contiki-sky.a(shell-blink.o)
                                0xa50 (size before relaxing)
 .stab          0x00016458      0x8f4 contiki-sky.a(shell-text.o)
                                0xe4c (size before relaxing)
 .stab          0x00016d4c      0xbf4 contiki-sky.a(shell-time.o)
                               0x11c4 (size before relaxing)
 .stab          0x00017940      0x36c contiki-sky.a(shell-powertrac)
                                0x81c (size before relaxing)
 .stab          0x00017cac      0xdec contiki-sky.a(shell-rime.o)
                               0x1ac4 (size before relaxing)
 .stab          0x00018a98      0x7c8 contiki-sky.a(shell-rime-netc)
                               0x14ac (size before relaxing)
 .stab          0x00019260      0x474 contiki-sky.a(shell-collect-v)
                                0xee8 (size before relaxing)
 .stab          0x000196d4      0xd5c contiki-sky.a(shell-sky.o)
                               0x1b0c (size before relaxing)
 .stab          0x0001a430      0x3fc contiki-sky.a(sht11-sensor.o)
                                0x948 (size before relaxing)
 .stab          0x0001a82c      0x324 contiki-sky.a(light-sensor.o)
                                0x690 (size before relaxing)
 .stab          0x0001ab50      0x318 contiki-sky.a(battery-sensor.)
                                0x684 (size before relaxing)
 .stab          0x0001ae68      0x204 contiki-sky.a(spi.o)
                                0x42c (size before relaxing)
 .stab          0x0001b06c      0x4f8 contiki-sky.a(sky-sensors.o)
                                0x864 (size before relaxing)
 .stab          0x0001b564      0x24c contiki-sky.a(crc16.o)
                                0x258 (size before relaxing)
 .stab          0x0001b7b0      0x51c contiki-sky.a(compower.o)
                                0xd20 (size before relaxing)
 .stab          0x0001bccc      0x5c4 contiki-sky.a(memb.o)