Archive member included because of file (symbol)

contiki-z1.a(contiki-z1-plat)
                              obj_z1/contiki-z1-main.o (init_platform)
contiki-z1.a(msp430.o)        obj_z1/contiki-z1-main.o (splhigh_)
contiki-z1.a(leds.o)          obj_z1/contiki-z1-main.o (leds_init)
contiki-z1.a(watchdog.o)      obj_z1/contiki-z1-main.o (watchdog_start)
contiki-z1.a(xmem.o)          obj_z1/contiki-z1-main.o (xmem_init)
contiki-z1.a(spi.o)           contiki-z1.a(xmem.o) (spi_init)
contiki-z1.a(cc2420.o)        obj_z1/contiki-z1-main.o (cc2420_set_pan_addr)
contiki-z1.a(cc2420-arch.o)   contiki-z1.a(cc2420.o) (cc2420_arch_init)
contiki-z1.a(node-id.o)       obj_z1/contiki-z1-main.o (node_id_restore)
contiki-z1.a(sensors.o)       contiki-z1.a(contiki-z1-plat) (sensors_process)
contiki-z1.a(uart0.o)         obj_z1/contiki-z1-main.o (uart0_active)
contiki-z1.a(uart0-putchar.o)
                              udp-attacker.co (putchar)
contiki-z1.a(z1-sensors.o)    contiki-z1.a(sensors.o) (sensors_flags)
contiki-z1.a(adxl345.o)       obj_z1/contiki-z1-main.o (adxl345)
contiki-z1.a(tmp102.o)        contiki-z1.a(z1-sensors.o) (tmp102)
contiki-z1.a(clock.o)         obj_z1/contiki-z1-main.o (clock_init)
contiki-z1.a(leds-arch.o)     contiki-z1.a(leds.o) (leds_arch_init)
contiki-z1.a(rtimer-arch.o)   obj_z1/contiki-z1-main.o (rtimer_arch_now)
contiki-z1.a(autostart.o)     obj_z1/contiki-z1-main.o (autostart_start)
contiki-z1.a(ctimer.o)        obj_z1/contiki-z1-main.o (ctimer_init)
contiki-z1.a(energest.o)      obj_z1/contiki-z1-main.o (energest_init)
contiki-z1.a(etimer.o)        contiki-z1.a(clock.o) (etimer_request_poll)
contiki-z1.a(process.o)       udp-attacker.co (process_current)
contiki-z1.a(rtimer.o)        obj_z1/contiki-z1-main.o (rtimer_init)
contiki-z1.a(timer.o)         contiki-z1.a(adxl345.o) (timer_set)
contiki-z1.a(list.o)          contiki-z1.a(ctimer.o) (list_init)
contiki-z1.a(random.o)        obj_z1/contiki-z1-main.o (random_init)
contiki-z1.a(sicslowpan.o)    obj_z1/contiki-z1-main.o (sicslowpan_driver)
contiki-z1.a(uip6.o)          contiki-z1.a(sicslowpan.o) (uip_aligned_buf)
contiki-z1.a(uip-ds6.o)       contiki-z1.a(uip6.o) (uip_ds6_is_addr_onlink)
contiki-z1.a(uip-ds6-nbr.o)   contiki-z1.a(uip-ds6.o) (uip_ds6_neighbors_init)
contiki-z1.a(uip-ds6-route.o)
                              contiki-z1.a(uip-ds6.o) (uip_ds6_route_init)
contiki-z1.a(uip-icmp6.o)     contiki-z1.a(uip6.o) (uip_icmp6_input)
contiki-z1.a(uip-nd6.o)       contiki-z1.a(uip6.o) (uip_nd6_init)
contiki-z1.a(tcpip.o)         contiki-z1.a(sicslowpan.o) (tcpip_set_outputfunc)
contiki-z1.a(uip-debug.o)     udp-attacker.co (uip_debug_ipaddr_print)
contiki-z1.a(rpl.o)           contiki-z1.a(uip-ds6-nbr.o) (rpl_link_neighbor_callback)
contiki-z1.a(rpl-dag.o)       contiki-z1.a(rpl.o) (rpl_dag_init)
contiki-z1.a(rpl-ext-header.)
                              contiki-z1.a(uip6.o) (rpl_verify_hbh_header)
contiki-z1.a(rpl-icmp6.o)     contiki-z1.a(rpl-dag.o) (rpl_icmp6_update_nbr_table)
contiki-z1.a(rpl-mrhof.o)     contiki-z1.a(rpl-dag.o) (rpl_mrhof)
contiki-z1.a(rpl-timers.o)    contiki-z1.a(rpl.o) (rpl_reset_periodic_timer)
contiki-z1.a(linkaddr.o)      obj_z1/contiki-z1-main.o (linkaddr_copy)
contiki-z1.a(link-stats.o)    contiki-z1.a(rpl-dag.o) (link_stats_from_lladdr)
contiki-z1.a(nbr-table.o)     contiki-z1.a(uip-ds6-nbr.o) (nbr_table_register)
contiki-z1.a(packetbuf.o)     contiki-z1.a(cc2420.o) (packetbuf_set_datalen)
contiki-z1.a(queuebuf.o)      obj_z1/contiki-z1-main.o (queuebuf_init)
contiki-z1.a(csma.o)          obj_z1/contiki-z1-main.o (csma_driver)
contiki-z1.a(framer-802154.o)
                              contiki-z1.a(sicslowpan.o) (framer_802154)
contiki-z1.a(mac.o)           contiki-z1.a(csma.o) (mac_call_sent_callback)
contiki-z1.a(contikimac.o)    obj_z1/contiki-z1-main.o (contikimac_driver)
contiki-z1.a(nullsec.o)       obj_z1/contiki-z1-main.o (nullsec_driver)
contiki-z1.a(i2cmaster.o)     contiki-z1.a(adxl345.o) (i2c_receiveinit)
contiki-z1.a(button-sensor.o)
                              contiki-z1.a(z1-sensors.o) (button_sensor)
contiki-z1.a(stimer.o)        contiki-z1.a(uip-ds6.o) (stimer_set)
contiki-z1.a(memb.o)          contiki-z1.a(uip-ds6-route.o) (memb_init)
contiki-z1.a(rpl-nbr-policy.)
                              contiki-z1.a(nbr-table.o) (rpl_nbr_policy_find_removable)
contiki-z1.a(frame802154.o)   contiki-z1.a(framer-802154.o) (frame802154_get_pan_id)
contiki-z1.a(mac-sequence.o)  contiki-z1.a(contikimac.o) (mac_sequence_is_duplicate)
/usr/lib/gcc/msp430/4.6.3/mcpu-430x/mmpy-16/libgcc.a(_mulsi3.o)
                              contiki-z1.a(rpl.o) (__mulsi3)
/usr/lib/gcc/msp430/4.6.3/mcpu-430x/mmpy-16/libgcc.a(_udivmod16.o)
                              contiki-z1.a(rpl-dag.o) (__udivhi3)
/usr/lib/gcc/msp430/4.6.3/mcpu-430x/mmpy-16/libgcc.a(_divmod16.o)
                              contiki-z1.a(tmp102.o) (__divhi3)
/usr/lib/gcc/msp430/4.6.3/mcpu-430x/mmpy-16/libgcc.a(_udivmod32.o)
[...]
Memory Configuration

Name             Origin             Length             Attributes
sfr              0x00000000         0x00000010
peripheral_8bit  0x00000010         0x000000f0
peripheral_16bit 0x00000100         0x00000100
ram_mirror       0x00000200         0x00000800         xw
infomem          0x00001000         0x00000100
infod            0x00001000         0x00000040
infoc            0x00001040         0x00000040
infob            0x00001080         0x00000040
infoa            0x000010c0         0x00000040
ram              0x00001100         0x00002000         xw
rom              0x00003100         0x0000cebe         xr
vectors          0x0000ffc0         0x00000040
far_rom          0x00010000         0x0000a000
bsl              0x00000000         0x00000000
ram2             0x00000000         0x00000000         xw
usbram           0x00000000         0x00000000         xw
*default*        0x00000000         0xffffffff

Linker script and memory map

LOAD /usr/lib/gcc/msp430/4.6.3/mcpu-430x/mmpy-16/crt0ivtbl32.o
                0x00000041                __P1SEL2 = 0x41
                0x00000045                __P5SEL2 = 0x45
LOAD udp-attacker.co
LOAD obj_z1/contiki-z1-main.o
LOAD contiki-z1.a
LOAD /usr/lib/gcc/msp430/4.6.3/mcpu-430x/mmpy-16/libgcc.a
LOAD /usr/lib/gcc/msp430/4.6.3/../../../../msp430/lib/mcpu-430x/mmpy-16/libc.a
LOAD /usr/lib/gcc/msp430/4.6.3/mcpu-430x/mmpy-16/libgcc.a
LOAD /usr/lib/gcc/msp430/4.6.3/mcpu-430x/mmpy-16/libcrt0.a
                0x00000040                PROVIDE (__info_segment_size, 0x40)
                0x00001000                PROVIDE (__infod, 0x1000)
                0x00001040                PROVIDE (__infoc, 0x1040)
                0x00001080                PROVIDE (__infob, 0x1080)
                0x000010c0                PROVIDE (__infoa, 0x10c0)
                0x00000000                __IE1 = 0x0
                0x00000002                __IFG1 = 0x2
                0x00000001                __IE2 = 0x1
                0x00000003                __IFG2 = 0x3
                0x00000006                __UC1IE = 0x6
                0x00000007                __UC1IFG = 0x7
                0x000001a0                __ADC12CTL0 = 0x1a0
                0x000001a2                __ADC12CTL1 = 0x1a2
                0x000001a4                __ADC12IFG = 0x1a4
                0x000001a6                __ADC12IE = 0x1a6
                0x000001a8                __ADC12IV = 0x1a8
                0x00000140                __ADC12MEM0 = 0x140
                0x00000142                __ADC12MEM1 = 0x142
                0x00000144                __ADC12MEM2 = 0x144
                0x00000146                __ADC12MEM3 = 0x146
                0x00000148                __ADC12MEM4 = 0x148
                0x0000014a                __ADC12MEM5 = 0x14a
                0x0000014c                __ADC12MEM6 = 0x14c
                0x0000014e                __ADC12MEM7 = 0x14e
                0x00000150                __ADC12MEM8 = 0x150
                0x00000152                __ADC12MEM9 = 0x152
                0x00000154                __ADC12MEM10 = 0x154
                0x00000156                __ADC12MEM11 = 0x156
                0x00000158                __ADC12MEM12 = 0x158
                0x0000015a                __ADC12MEM13 = 0x15a
                0x0000015c                __ADC12MEM14 = 0x15c
                0x0000015e                __ADC12MEM15 = 0x15e
                0x00000080                __ADC12MCTL0 = 0x80
                0x00000081                __ADC12MCTL1 = 0x81
                0x00000082                __ADC12MCTL2 = 0x82
                0x00000083                __ADC12MCTL3 = 0x83
                0x00000084                __ADC12MCTL4 = 0x84
                0x00000085                __ADC12MCTL5 = 0x85
                0x00000086                __ADC12MCTL6 = 0x86
                0x00000087                __ADC12MCTL7 = 0x87
                0x00000088                __ADC12MCTL8 = 0x88
                0x00000089                __ADC12MCTL9 = 0x89
                0x0000008a                __ADC12MCTL10 = 0x8a
                0x0000008b                __ADC12MCTL11 = 0x8b
                0x0000008c                __ADC12MCTL12 = 0x8c
                0x0000008d                __ADC12MCTL13 = 0x8d
                0x0000008e                __ADC12MCTL14 = 0x8e
                0x0000008f                __ADC12MCTL15 = 0x8f
                0x00000056                __DCOCTL = 0x56
                0x00000057                __BCSCTL1 = 0x57
                0x00000058                __BCSCTL2 = 0x58
                0x00000053                __BCSCTL3 = 0x53
                0x00000059                __CACTL1 = 0x59
                0x0000005a                __CACTL2 = 0x5a
                0x0000005b                __CAPD = 0x5b
                0x000001c0                __DAC12_0CTL = 0x1c0
                0x000001c2                __DAC12_1CTL = 0x1c2
                0x000001c8                __DAC12_0DAT = 0x1c8
                0x000001ca                __DAC12_1DAT = 0x1ca
                0x00000122                __DMACTL0 = 0x122
                0x00000124                __DMACTL1 = 0x124
                0x00000126                __DMAIV = 0x126
                0x000001d0                __DMA0CTL = 0x1d0
                0x000001dc                __DMA1CTL = 0x1dc
                0x000001e8                __DMA2CTL = 0x1e8
                0x000001d2                __DMA0SA = 0x1d2
                0x000001d2                __DMA0SAL = 0x1d2
                0x000001d6                __DMA0DA = 0x1d6
                0x000001d6                __DMA0DAL = 0x1d6
                0x000001da                __DMA0SZ = 0x1da
                0x000001de                __DMA1SA = 0x1de
                0x000001de                __DMA1SAL = 0x1de
                0x000001e2                __DMA1DA = 0x1e2
                0x000001e2                __DMA1DAL = 0x1e2
                0x000001e6                __DMA1SZ = 0x1e6
                0x000001ea                __DMA2SA = 0x1ea
                0x000001ea                __DMA2SAL = 0x1ea
                0x000001ee                __DMA2DA = 0x1ee
                0x000001ee                __DMA2DAL = 0x1ee
                0x000001f2                __DMA2SZ = 0x1f2
                0x00000128                __FCTL1 = 0x128
                0x0000012a                __FCTL2 = 0x12a
                0x0000012c                __FCTL3 = 0x12c
                0x000001be                __FCTL4 = 0x1be
                0x00000130                __MPY = 0x130
                0x00000132                __MPYS = 0x132
                0x00000134                __MAC = 0x134
                0x00000136                __MACS = 0x136
                0x00000138                __OP2 = 0x138
                0x0000013a                __RESLO = 0x13a
                0x0000013c                __RESHI = 0x13c
                0x0000013e                __SUMEXT = 0x13e
                0x00000020                __P1IN = 0x20
                0x00000021                __P1OUT = 0x21
                0x00000022                __P1DIR = 0x22
                0x00000023                __P1IFG = 0x23
                0x00000024                __P1IES = 0x24
                0x00000025                __P1IE = 0x25
                0x00000026                __P1SEL = 0x26
                0x00000027                __P1REN = 0x27
                0x00000028                __P2IN = 0x28
                0x00000029                __P2OUT = 0x29
                0x0000002a                __P2DIR = 0x2a
                0x0000002b                __P2IFG = 0x2b
                0x0000002c                __P2IES = 0x2c
                0x0000002d                __P2IE = 0x2d
                0x0000002e                __P2SEL = 0x2e
                0x0000002f                __P2REN = 0x2f
                0x00000018                __P3IN = 0x18
                0x00000019                __P3OUT = 0x19
                0x0000001a                __P3DIR = 0x1a
                0x0000001b                __P3SEL = 0x1b
                0x00000010                __P3REN = 0x10
                0x0000001c                __P4IN = 0x1c
                0x0000001d                __P4OUT = 0x1d
                0x0000001e                __P4DIR = 0x1e
                0x0000001f                __P4SEL = 0x1f
                0x00000011                __P4REN = 0x11
                0x00000030                __P5IN = 0x30
                0x00000031                __P5OUT = 0x31
                0x00000032                __P5DIR = 0x32
                0x00000033                __P5SEL = 0x33
                0x00000012                __P5REN = 0x12
                0x00000034                __P6IN = 0x34
                0x00000035                __P6OUT = 0x35
                0x00000036                __P6DIR = 0x36
                0x00000037                __P6SEL = 0x37
                0x00000013                __P6REN = 0x13
                0x00000038                __P7IN = 0x38
                0x0000003a                __P7OUT = 0x3a
                0x0000003c                __P7DIR = 0x3c
                0x0000003e                __P7SEL = 0x3e
                0x00000014                __P7REN = 0x14
                0x00000039                __P8IN = 0x39
                0x0000003b                __P8OUT = 0x3b
                0x0000003d                __P8DIR = 0x3d
                0x0000003f                __P8SEL = 0x3f
                0x00000015                __P8REN = 0x15
                0x00000038                __PAIN = 0x38
                0x0000003a                __PAOUT = 0x3a
                0x0000003c                __PADIR = 0x3c
                0x0000003e                __PASEL = 0x3e
                0x00000014                __PAREN = 0x14
                0x00000055                __SVSCTL = 0x55
                0x0000012e                __TAIV = 0x12e
                0x00000160                __TACTL = 0x160
                0x00000162                __TACCTL0 = 0x162
                0x00000164                __TACCTL1 = 0x164
                0x00000166                __TACCTL2 = 0x166
                0x00000170                __TAR = 0x170
                0x00000172                __TACCR0 = 0x172
                0x00000174                __TACCR1 = 0x174
                0x00000176                __TACCR2 = 0x176
                0x0000011e                __TBIV = 0x11e
                0x00000180                __TBCTL = 0x180
                0x00000182                __TBCCTL0 = 0x182
                0x00000184                __TBCCTL1 = 0x184
                0x00000186                __TBCCTL2 = 0x186
                0x00000188                __TBCCTL3 = 0x188
                0x0000018a                __TBCCTL4 = 0x18a
                0x0000018c                __TBCCTL5 = 0x18c
                0x0000018e                __TBCCTL6 = 0x18e
                0x00000190                __TBR = 0x190
                0x00000192                __TBCCR0 = 0x192
                0x00000194                __TBCCR1 = 0x194
                0x00000196                __TBCCR2 = 0x196
                0x00000198                __TBCCR3 = 0x198
                0x0000019a                __TBCCR4 = 0x19a
                0x0000019c                __TBCCR5 = 0x19c
                0x0000019e                __TBCCR6 = 0x19e
                0x00000060                __UCA0CTL0 = 0x60
                0x00000061                __UCA0CTL1 = 0x61
                0x00000062                __UCA0BR0 = 0x62
                0x00000063                __UCA0BR1 = 0x63
                0x00000064                __UCA0MCTL = 0x64
                0x00000065                __UCA0STAT = 0x65
                0x00000066                __UCA0RXBUF = 0x66
                0x00000067                __UCA0TXBUF = 0x67
                0x0000005d                __UCA0ABCTL = 0x5d
                0x0000005e                __UCA0IRTCTL = 0x5e
                0x0000005f                __UCA0IRRCTL = 0x5f
                0x00000068                __UCB0CTL0 = 0x68
                0x00000069                __UCB0CTL1 = 0x69
                0x0000006a                __UCB0BR0 = 0x6a
                0x0000006b                __UCB0BR1 = 0x6b
                0x0000006c                __UCB0I2CIE = 0x6c
                0x0000006d                __UCB0STAT = 0x6d
                0x0000006e                __UCB0RXBUF = 0x6e
                0x0000006f                __UCB0TXBUF = 0x6f
                0x00000118                __UCB0I2COA = 0x118
                0x0000011a                __UCB0I2CSA = 0x11a
                0x000000d0                __UCA1CTL0 = 0xd0
                0x000000d1                __UCA1CTL1 = 0xd1
                0x000000d2                __UCA1BR0 = 0xd2
                0x000000d3                __UCA1BR1 = 0xd3
                0x000000d4                __UCA1MCTL = 0xd4
                0x000000d5                __UCA1STAT = 0xd5
                0x000000d6                __UCA1RXBUF = 0xd6
                0x000000d7                __UCA1TXBUF = 0xd7
                0x000000cd                __UCA1ABCTL = 0xcd
                0x000000ce                __UCA1IRTCTL = 0xce
                0x000000cf                __UCA1IRRCTL = 0xcf
                0x000000d8                __UCB1CTL0 = 0xd8
                0x000000d9                __UCB1CTL1 = 0xd9
                0x000000da                __UCB1BR0 = 0xda
                0x000000db                __UCB1BR1 = 0xdb
                0x000000dc                __UCB1I2CIE = 0xdc
                0x000000dd                __UCB1STAT = 0xdd
                0x000000de                __UCB1RXBUF = 0xde
                0x000000df                __UCB1TXBUF = 0xdf
                0x0000017c                __UCB1I2COA = 0x17c
                0x0000017e                __UCB1I2CSA = 0x17e
                0x00000120                __WDTCTL = 0x120
                0x000010c0                __TLV_CHECKSUM = 0x10c0
                0x000010f6                __TLV_DCO_30_TAG = 0x10f6
                0x000010f7                __TLV_DCO_30_LEN = 0x10f7
                0x000010da                __TLV_ADC12_1_TAG = 0x10da
                0x000010db                __TLV_ADC12_1_LEN = 0x10db
                0x000010f8                __CALDCO_16MHZ = 0x10f8
                0x000010f9                __CALBC1_16MHZ = 0x10f9
                0x000010fa                __CALDCO_12MHZ = 0x10fa
                0x000010fb                __CALBC1_12MHZ = 0x10fb
                0x000010fc                __CALDCO_8MHZ = 0x10fc
                0x000010fd                __CALBC1_8MHZ = 0x10fd
                0x000010fe                __CALDCO_1MHZ = 0x10fe
                0x000010ff                __CALBC1_1MHZ = 0x10ff

.hash
 *(.hash)

.dynsym
 *(.dynsym)

.dynstr
 *(.dynstr)

.gnu.version
 *(.gnu.version)

.gnu.version_d
 *(.gnu.version_d)

.gnu.version_r
 *(.gnu.version_r)

.rel.init
 *(.rel.init)

.rela.init
 *(.rela.init)

.rel.fini
 *(.rel.fini)

.rela.fini
 *(.rela.fini)

.rel.text
 *(.rel.text .rel.text.* .rel.gnu.linkonce.t.*)

.rela.text
 *(.rela.text .rela.text.* .rela.gnu.linkonce.t.*)

.rel.rodata
 *(.rel.rodata .rel.rodata.* .rel.gnu.linkonce.r.*)

.rela.rodata
 *(.rela.rodata .rela.rodata.* .rela.gnu.linkonce.r.*)

.rel.data
 *(.rel.data .rel.data.* .rel.gnu.linkonce.d.*)

.rela.data
 *(.rela.data .rela.data.* .rela.gnu.linkonce.d.*)

.rel.bss
 *(.rel.bss .rel.bss.* .rel.gnu.linkonce.b.*)

.rela.bss
 *(.rela.bss .rela.bss.* .rela.gnu.linkonce.b.*)

.rel.ctors
 *(.rel.ctors)

.rela.ctors
 *(.rela.ctors)

.rel.dtors
 *(.rel.dtors)

.rela.dtors
 *(.rela.dtors)

.rel.got
 *(.rel.got)

.rela.got
 *(.rela.got)

.rel.plt
 *(.rel.plt)

.rela.plt
 *(.rela.plt)

.text           0x00003100     0xbf20
                0x00003100                . = ALIGN (0x2)
 *(.init .init.*)
 *(.init0)
 .init0         0x00003100        0x0 /usr/lib/gcc/msp430/4.6.3/mcpu-430x/mmpy-16/libcrt0.a(_reset_vector__.o)
                0x00003100                _reset_vector__
 *(.init1)
 .init1         0x00003100        0xc /usr/lib/gcc/msp430/4.6.3/mcpu-430x/mmpy-16/libcrt0.a(__watchdog_support.o)
                0x00003100                __watchdog_support
 *(.init2)
 .init2         0x0000310c        0x4 /usr/lib/gcc/msp430/4.6.3/mcpu-430x/mmpy-16/libcrt0.a(__init_stack.o)
                0x0000310c                __init_stack
 *(.init3)
 .init3         0x00003110        0x0 /usr/lib/gcc/msp430/4.6.3/mcpu-430x/mmpy-16/libcrt0.a(__low_level_init.o)
                0x00003110                __low_level_init
 *(.init4)
 .init4         0x00003110       0x18 /usr/lib/gcc/msp430/4.6.3/mcpu-430x/mmpy-16/libcrt0.a(_copy_data.o)
                0x00003110                __do_copy_data
 .init4         0x00003128       0x16 /usr/lib/gcc/msp430/4.6.3/mcpu-430x/mmpy-16/libcrt0.a(_clear_bss.o)
                0x00003128                __do_clear_bss
 *(.init5)
 *(.init6)
 *(.init7)
 *(.init8)
 *(.init9)
 .init9         0x0000313e      0x350 obj_z1/contiki-z1-main.o
                0x0000313e                main
 *(.fini9)
 .fini9         0x0000348e        0x0 /usr/lib/gcc/msp430/4.6.3/mcpu-430x/mmpy-16/libcrt0.a(__stop_progExec__.o)
                0x0000348e                __stop_progExec__
 *(.fini8)
 *(.fini7)
 *(.fini6)
 *(.fini5)
 *(.fini4)
 *(.fini3)
 *(.fini2)
 *(.fini1)
 *(.fini0)
 .fini0         0x0000348e        0x6 /usr/lib/gcc/msp430/4.6.3/mcpu-430x/mmpy-16/libcrt0.a(_endless_loop__.o)
                0x0000348e                _endless_loop__
 *(.fini .fini.*)
                0x00003494                . = ALIGN (0x2)
                0x00003494                __ctors_start = .
 *(.ctors)
                0x00003494                __ctors_end = .
                0x00003494                __dtors_start = .
 *(.dtors)
                0x00003494                __dtors_end = .
                0x00003494                . = ALIGN (0x2)
 *(.text .text.* .gnu.linkonce.t.*)
 .text          0x00003494        0x4 /usr/lib/gcc/msp430/4.6.3/mcpu-430x/mmpy-16/crt0ivtbl32.o
                0x00003494                __isr_14
                0x00003494                __isr_4
                0x00003494                __isr_29
                0x00003494                __isr_11
                0x00003494                __isr_5
                0x00003494                __isr_2
                0x00003494                __isr_10
                0x00003494                __isr_7
                0x00003494                __isr_0
                0x00003494                __isr_28
                0x00003494                __isr_8
                0x00003494                __isr_20
                0x00003494                __isr_3
                0x00003494                __isr_12
                0x00003494                __isr_13
                0x00003494                __isr_27
                0x00003494                __isr_9
                0x00003494                __isr_30
                0x00003494                __isr_6
                0x00003494                __isr_22
                0x00003494                __isr_1
                0x00003494                __isr_15
                0x00003494                __isr_21
 .text.crt0     0x00003498        0x0 /usr/lib/gcc/msp430/4.6.3/mcpu-430x/mmpy-16/crt0ivtbl32.o
 .text          0x00003498      0x110 udp-attacker.co
 .text          0x000035a8        0x6 obj_z1/contiki-z1-main.o
                0x000035a8                uip_log
 .text          0x000035ae        0xc contiki-z1.a(contiki-z1-plat)
                0x000035ae                init_platform
 .text          0x000035ba       0xe8 contiki-z1.a(msp430.o)
                0x000035ba                msp430_init_dco
                0x000035e2                msp430_add_lpm_req
                0x000035ee                msp430_remove_lpm_req
                0x000035fa                splhigh_
                0x00003602                msp430_sync_dco
                0x00003674                msp430_cpu_init
 .text          0x000036a2      0x146 contiki-z1.a(leds.o)
                0x00003790                leds_init
                0x0000379a                leds_get
                0x000037a0                leds_set
                0x000037a6                leds_on
                0x000037b0                leds_off
                0x000037be                leds_toggle
                0x000037c8                leds_blink
 .text          0x000037e8       0x5c contiki-z1.a(watchdog.o)
                0x000037e8                __isr_26
                0x000037e8                watchdog_interrupt
                0x000037ee                watchdog_start
                0x00003802                watchdog_periodic
                0x00003814                watchdog_stop
                0x0000382a                watchdog_init
                0x0000383e                watchdog_reboot
 .text          0x00003844      0x350 contiki-z1.a(xmem.o)
                0x000038bc                xmem_init
                0x000038da                xmem_pread
                0x000039aa                xmem_pwrite
                0x00003ade                xmem_erase
 .text          0x00003b94       0x38 contiki-z1.a(spi.o)
                0x00003b94                spi_init
 .text          0x00003bcc      0xb74 contiki-z1.a(cc2420.o)
                0x00004002                cc2420_on
                0x00004024                cc2420_off
                0x0000424e                cc2420_get_channel
                0x00004254                cc2420_set_channel
                0x0000428e                cc2420_set_pan_addr
                0x000042da                cc2420_interrupt
                0x000042f2                cc2420_set_txpower
                0x00004300                cc2420_get_txpower
                0x0000443c                cc2420_rssi
                0x00004586                cc2420_set_cca_threshold
                0x00004650                cc2420_init
 .text          0x00004740       0x1a contiki-z1.a(cc2420-arch.o)
                0x00004740                cc2420_arch_init
 .text          0x0000475a       0x9a contiki-z1.a(node-id.o)
                0x0000475a                node_id_restore
                0x000047a6                node_id_burn
 .text          0x000047f4      0x158 contiki-z1.a(sensors.o)
                0x000048b2                sensors_first
                0x000048b8                sensors_next
                0x000048e4                sensors_changed
                0x0000490e                sensors_find
 .text          0x0000494c       0xe6 contiki-z1.a(uart0.o)
                0x0000494c                uart0_active
                0x0000495a                uart0_set_input
                0x00004960                uart0_writeb
                0x00004978                uart0_init
                0x000049cc                __isr_23
                0x000049cc                uart0_rx_interrupt
 .text          0x00004a32       0x10 contiki-z1.a(uart0-putchar.o)
                0x00004a32                putchar
 .text          0x00004a42        0x0 contiki-z1.a(z1-sensors.o)
 .text          0x00004a42      0x394 contiki-z1.a(adxl345.o)
                0x00004b56                accm_read_axis
                0x00004bdc                accm_set_grange
                0x00004c0c                accm_init
                0x00004c82                accm_stop
                0x00004cda                accm_set_irq
                0x00004d12                port1_isr
                0x00004d12                __isr_18
 .text          0x00004dd6      0x172 contiki-z1.a(tmp102.o)
                0x00004de8                tmp102_init
                0x00004e0c                tmp102_stop
                0x00004e3e                tmp102_write_reg
                0x00004e76                tmp102_read_reg
                0x00004ed6                tmp102_read_temp_raw
                0x00004ede                tmp102_read_temp_x100
                0x00004f3a                tmp102_read_temp_simple
 .text          0x00004f48      0x1e8 contiki-z1.a(clock.o)
                0x00004f48                __isr_24
                0x00004f48                timera1
                0x00005052                clock_time
                0x0000506c                clock_set
                0x00005082                clock_fine_max
                0x00005088                clock_fine
                0x00005094                clock_init
                0x000050bc                clock_delay
                0x000050c8                clock_wait
                0x000050f0                clock_set_seconds
                0x00005108                clock_seconds
                0x00005122                clock_counter
 .text          0x00005130       0x78 contiki-z1.a(leds-arch.o)
                0x00005130                leds_arch_init
                0x0000513e                leds_arch_get
                0x0000516e                leds_arch_set
 .text          0x000051a8       0x7e contiki-z1.a(rtimer-arch.o)
                0x000051a8                rtimer_arch_init
                0x000051b6                rtimer_arch_now
                0x000051c4                __isr_25
                0x000051c4                timera0
                0x00005220                rtimer_arch_schedule
 .text          0x00005226       0x2a contiki-z1.a(autostart.o)
                0x00005226                autostart_start
                0x0000523c                autostart_exit
 .text          0x00005250      0x1c4 contiki-z1.a(ctimer.o)
                0x000052ec                ctimer_init
                0x00005304                ctimer_set_with_process
                0x00005352                ctimer_set
                0x00005362                ctimer_reset
                0x0000538e                ctimer_restart
                0x000053ba                ctimer_stop
                0x000053e2                ctimer_expired
 .text          0x00005414       0xae contiki-z1.a(energest.o)
                0x00005414                energest_init
                0x0000543c                energest_type_time
                0x00005478                energest_leveldevice_leveltime
                0x0000547e                energest_type_set
                0x0000548a                energest_flush
 .text          0x000054c2      0x270 contiki-z1.a(etimer.o)
                0x00005532                etimer_request_poll
                0x0000563c                etimer_set
                0x0000564e                etimer_reset_with_new_interval
                0x0000566c                etimer_reset
                0x0000567e                etimer_restart
                0x00005690                etimer_adjust
                0x000056aa                etimer_expired
                0x000056b8                etimer_expiration_time
                0x000056cc                etimer_start_time
                0x000056d4                etimer_pending
                0x000056e0                etimer_next_expiration_time
                0x000056f6                etimer_stop
 .text          0x00005732      0x282 contiki-z1.a(process.o)
                0x00005832                process_alloc_event
                0x00005840                process_exit
                0x0000584a                process_init
                0x00005866                process_run
                0x000058f2                process_nevents
                0x00005900                process_post
                0x0000594a                process_post_synch
                0x0000595c                process_start
                0x0000598e                process_poll
                0x000059a6                process_is_running
 .text          0x000059b4       0x50 contiki-z1.a(rtimer.o)
                0x000059b4                rtimer_init
                0x000059ba                rtimer_set
                0x000059de                rtimer_run_next
 .text          0x00005a04       0x8c contiki-z1.a(timer.o)
                0x00005a04                timer_set
                0x00005a20                timer_reset
                0x00005a2e                timer_restart
                0x00005a42                timer_expired
                0x00005a6c                timer_remaining
 .text          0x00005a90       0xf6 contiki-z1.a(list.o)
                0x00005a90                list_init
                0x00005a96                list_head
                0x00005a9a                list_copy
                0x00005aa0                list_tail
                0x00005ab2                list_chop
                0x00005ad6                list_pop
                0x00005ae4                list_remove
                0x00005b18                list_push
                0x00005b2e                list_add
                0x00005b54                list_length
                0x00005b64                list_insert
                0x00005b7a                list_item_next
 .text          0x00005b86        0xc contiki-z1.a(random.o)
                0x00005b86                random_init
                0x00005b8c                random_rand
 .text          0x00005b92     0x1126 contiki-z1.a(sicslowpan.o)
                0x0000656e                sicslowpan_init
                0x00006ca6                rime_sniffer_add
                0x00006cac                rime_sniffer_remove
                0x00006cb2                sicslowpan_get_last_rssi
 .text          0x00006cb8     0x12b4 contiki-z1.a(uip6.o)
                0x00006e0c                uip_add32
                0x00006e70                uip_chksum
                0x00006e88                uip_icmp6chksum
                0x00006e92                uip_tcpchksum
                0x00006e9c                uip_udpchksum
                0x00006ea6                uip_init
                0x00006efc                uip_connect
                0x00007002                remove_ext_hdr
                0x00007054                uip_udp_new
                0x000070f4                uip_unlisten
                0x00007110                uip_listen
                0x0000712e                uip_process
                0x00007ece                uip_htons
                0x00007eda                uip_htonl
                0x00007f04                uip_send
 .text.unlikely
                0x00007f6c       0x2e contiki-z1.a(uip6.o)
 .text          0x00007f9a      0x688 contiki-z1.a(uip-ds6.o)
                0x00007f9a                uip_ds6_list_loop
                0x00008000                uip_ds6_prefix_add
                0x00008070                uip_ds6_prefix_rm
                0x0000807a                uip_ds6_prefix_lookup
                0x000080a2                uip_ds6_is_addr_onlink
                0x000080e4                uip_ds6_addr_lookup
                0x0000810e                uip_ds6_get_link_local
                0x0000814c                uip_ds6_get_global
                0x0000818a                uip_ds6_maddr_add
                0x000081d2                uip_ds6_addr_add
                0x00008286                uip_ds6_maddr_rm
                0x00008290                uip_ds6_maddr_lookup
                0x000082ba                uip_ds6_addr_rm
                0x0000830e                uip_ds6_periodic
                0x00008354                uip_ds6_aaddr_add
                0x0000839a                uip_ds6_aaddr_rm
                0x000083a4                uip_ds6_aaddr_lookup
                0x000083cc                uip_ds6_set_addr_iid
                0x000083e0                get_match_length
                0x0000841a                uip_ds6_select_src
                0x000084b4                uip_ds6_compute_reachable_time
                0x000084ea                uip_ds6_init
 .text          0x00008622      0x12c contiki-z1.a(uip-ds6-nbr.o)
                0x00008622                uip_ds6_nbr_rm
                0x00008640                uip_ds6_neighbors_init
                0x00008652                uip_ds6_nbr_add
                0x00008688                uip_ds6_nbr_get_ipaddr
                0x0000868a                uip_ds6_nbr_get_ll
                0x00008696                uip_ds6_nbr_num
                0x000086ba                uip_ds6_nbr_lookup
                0x000086f8                uip_ds6_nbr_ll_lookup
                0x00008704                uip_ds6_nbr_ipaddr_from_lladdr
                0x0000870a                uip_ds6_nbr_lladdr_from_ipaddr
                0x0000871c                uip_ds6_link_neighbor_callback
 .text          0x0000874e      0x55a contiki-z1.a(uip-ds6-route.o)
                0x0000878e                uip_ds6_notification_add
                0x000087a6                uip_ds6_notification_rm
                0x000087b2                uip_ds6_route_init
                0x000087e8                uip_ds6_route_nexthop
                0x00008802                uip_ds6_route_head
                0x0000880c                uip_ds6_route_next
                0x00008862                uip_ds6_route_is_nexthop
                0x00008880                uip_ds6_route_num_routes
                0x00008886                uip_ds6_route_lookup
                0x000088f4                uip_ds6_route_rm
                0x000089f8                uip_ds6_route_add
                0x00008b0c                uip_ds6_route_rm_by_nexthop
                0x00008b20                uip_ds6_defrt_head
                0x00008b2a                uip_ds6_defrt_rm
                0x00008b86                uip_ds6_defrt_lookup
                0x00008bb8                uip_ds6_defrt_add
                0x00008c3a                uip_ds6_defrt_choose
                0x00008c70                uip_ds6_defrt_periodic
 .text          0x00008ca8      0x3e4 contiki-z1.a(uip-icmp6.o)
                0x00008e1c                uip_icmp6_input
                0x00008e5c                uip_icmp6_register_input_handler
                0x00008e68                uip_icmp6_error_output
                0x00008fd0                uip_icmp6_send
                0x00009056                uip_icmp6_echo_reply_callback_add
                0x0000906e                uip_icmp6_echo_reply_callback_rm
                0x0000907a                uip_icmp6_init
 .text          0x0000908c      0x26c contiki-z1.a(uip-nd6.o)
                0x000092ee                uip_nd6_init
 .text          0x000092f8      0x408 contiki-z1.a(tcpip.o)
                0x0000930e                tcpip_output
                0x0000931e                tcpip_set_outputfunc
                0x00009324                tcp_unlisten
                0x0000934a                tcp_listen
                0x0000936e                tcp_attach
                0x0000937a                udp_attach
                0x00009386                udp_new
                0x000093a0                udp_broadcast_new
                0x000093e6                tcpip_input
                0x000093fc                tcpip_ipv6_output
                0x0000965e                tcpip_poll_udp
                0x0000966c                tcpip_poll_tcp
                0x0000967a                tcp_connect
                0x0000969c                tcpip_uipcall
 .text          0x00009700       0xba contiki-z1.a(uip-debug.o)
                0x00009700                uip_debug_ipaddr_print
 .text          0x000097ba      0x2a6 contiki-z1.a(rpl.o)
                0x000097ba                rpl_get_mode
                0x000097c0                rpl_set_mode
                0x00009812                rpl_purge_routes
                0x000098a6                rpl_remove_routes
                0x000098c8                rpl_remove_routes_by_nexthop
                0x00009906                rpl_add_route
                0x00009954                rpl_link_neighbor_callback
                0x000099a0                rpl_ipv6_neighbor_callback
                0x000099be                rpl_purge_dags
                0x00009a1c                rpl_init
 .text          0x00009a60     0x1212 contiki-z1.a(rpl-dag.o)
                0x00009bc8                rpl_dag_init
                0x00009bd6                rpl_get_parent
                0x00009be2                rpl_get_parent_rank
                0x00009bfa                rpl_get_parent_link_metric
                0x00009c28                rpl_rank_via_parent
                0x00009c56                rpl_get_parent_lladdr
                0x00009c62                rpl_get_nbr
                0x00009c7a                rpl_get_parent_ipaddr
                0x00009c84                rpl_get_parent_link_stats
                0x00009c8e                rpl_print_neighbor_list
                0x00009d9c                rpl_parent_is_fresh
                0x00009e16                rpl_parent_is_reachable
                0x00009e5c                rpl_set_prefix
                0x00009ed0                rpl_set_default_route
                0x00009f0a                rpl_alloc_instance
                0x00009f3e                rpl_set_default_instance
                0x00009f44                rpl_get_default_instance
                0x00009f4a                rpl_add_parent
                0x00009f84                rpl_find_parent
                0x00009f9c                rpl_find_parent_any_dag
                0x00009fbc                rpl_select_parent
                0x0000a01e                rpl_select_dag
                0x0000a18c                rpl_nullify_parent
                0x0000a1e8                rpl_remove_parent
                0x0000a230                rpl_free_dag
                0x0000a274                rpl_free_instance
                0x0000a2dc                rpl_move_parent
                0x0000a33c                rpl_has_downward_route
                0x0000a352                rpl_get_dag
                0x0000a3ae                rpl_get_any_dag
                0x0000a3c6                rpl_get_instance
                0x0000a3e0                rpl_alloc_dag
                0x0000a43c                rpl_repair_root
                0x0000a48c                rpl_find_of
                0x0000a49c                rpl_set_root
                0x0000a5ca                rpl_join_instance
                0x0000a70e                rpl_local_repair
                0x0000a78c                rpl_process_parent_event
                0x0000a80e                rpl_recalculate_ranks
                0x0000a854                rpl_add_dag
                0x0000a958                rpl_process_dio
 .text          0x0000ac72      0x332 contiki-z1.a(rpl-ext-header.)
                0x0000add2                rpl_verify_hbh_header
                0x0000aeca                rpl_remove_header
                0x0000af40                rpl_update_header
 .text          0x0000afa4      0xa76 contiki-z1.a(rpl-icmp6.o)
                0x0000b2de                rpl_icmp6_update_nbr_table
                0x0000b57c                dis_output
                0x0000b5cc                dio_output
                0x0000b85e                dao_output_target
                0x0000b956                dao_output
                0x0000b9f6                dao_ack_output
                0x0000b9f8                rpl_icmp6_register_handlers
 .text          0x0000ba1a      0x190 contiki-z1.a(rpl-mrhof.o)
 .text          0x0000bbaa      0x504 contiki-z1.a(rpl-timers.o)
                0x0000be78                rpl_reset_periodic_timer
                0x0000bed4                rpl_reset_dio_timer
                0x0000beec                rpl_schedule_dao
                0x0000bef8                rpl_schedule_dao_immediately
                0x0000bf02                rpl_cancel_dao
                0x0000bf1c                rpl_schedule_unicast_dio_immediately
                0x0000bf32                get_probing_delay
                0x0000bf72                get_probing_target
                0x0000c054                rpl_schedule_probing
 .text          0x0000c0ae       0x26 contiki-z1.a(linkaddr.o)
                0x0000c0ae                linkaddr_copy
                0x0000c0b6                linkaddr_cmp
                0x0000c0c8                linkaddr_set_node_addr
 .text          0x0000c0d4      0x238 contiki-z1.a(link-stats.o)
                0x0000c100                link_stats_from_lladdr
                0x0000c10c                link_stats_is_fresh
                0x0000c13c                guess_etx_from_rssi
                0x0000c17e                link_stats_packet_sent
                0x0000c23e                link_stats_input_callback
                0x0000c2ea                link_stats_init
 .text          0x0000c30c      0x4fc contiki-z1.a(nbr-table.o)
                0x0000c4e2                nbr_table_register
                0x0000c508                nbr_table_next
                0x0000c580                nbr_table_head
                0x0000c5b2                nbr_table_add_lladdr
                0x0000c6d2                nbr_table_get_from_lladdr
                0x0000c716                nbr_table_remove
                0x0000c740                nbr_table_lock
                0x0000c750                nbr_table_unlock
                0x0000c760                nbr_table_get_lladdr
                0x0000c7b4                nbr_table_update_lladdr
 .text          0x0000c808      0x1be contiki-z1.a(packetbuf.o)
                0x0000c808                packetbuf_hdrreduce
                0x0000c822                packetbuf_set_datalen
                0x0000c828                packetbuf_hdrptr
                0x0000c82e                packetbuf_datalen
                0x0000c834                packetbuf_hdrlen
                0x0000c83e                packetbuf_dataptr
                0x0000c84a                packetbuf_copyto
                0x0000c884                packetbuf_compact
                0x0000c8ba                packetbuf_totlen
                0x0000c8c6                packetbuf_hdralloc
                0x0000c900                packetbuf_remaininglen
                0x0000c90e                packetbuf_attr_clear
                0x0000c936                packetbuf_clear
                0x0000c948                packetbuf_copyfrom
                0x0000c972                packetbuf_attr_copyto
                0x0000c994                packetbuf_attr_copyfrom
                0x0000c9b8                packetbuf_holds_broadcast
 .text          0x0000c9c6      0x13c contiki-z1.a(queuebuf.o)
                0x0000c9c6                queuebuf_init
                0x0000c9d8                queuebuf_numfree
                0x0000c9e2                queuebuf_new_from_packetbuf
                0x0000ca30                queuebuf_update_attr_from_packetbuf
                0x0000ca42                queuebuf_update_from_packetbuf
                0x0000ca64                queuebuf_free
                0x0000ca8e                queuebuf_to_packetbuf
                0x0000cac0                queuebuf_dataptr
                0x0000cadc                queuebuf_datalen
                0x0000cae4                queuebuf_addr
                0x0000caf2                queuebuf_attr
                0x0000cb00                queuebuf_debug_print
 .text          0x0000cb02      0x38a contiki-z1.a(csma.o)
 .text          0x0000ce8c      0x1c6 contiki-z1.a(framer-802154.o)
 .text          0x0000d052       0x14 contiki-z1.a(mac.o)
                0x0000d052                mac_call_sent_callback
 .text          0x0000d066      0x5fc contiki-z1.a(contikimac.o)
                0x0000d65e                contikimac_debug_print
 .text          0x0000d662       0x12 contiki-z1.a(nullsec.o)
 .text          0x0000d674      0x1b2 contiki-z1.a(i2cmaster.o)
                0x0000d674                i2c_setrate
                0x0000d67a                i2c_receiveinit
                0x0000d6b2                i2c_transmitinit
                0x0000d6e4                i2c_receive_n
                0x0000d728                i2c_busy
                0x0000d732                i2c_enable
                0x0000d756                i2c_disable
                0x0000d770                i2c_transmit_n
                0x0000d784                __isr_16
                0x0000d784                i2c_tx_interrupt
                0x0000d80e                i2c_rx_interrupt
                0x0000d80e                __isr_17
 .text          0x0000d826      0x100 contiki-z1.a(button-sensor.o)
                0x0000d8b0                irq_p2
                0x0000d8b0                __isr_19
 .text          0x0000d926       0xa4 contiki-z1.a(stimer.o)
                0x0000d926                stimer_set
                0x0000d942                stimer_reset
                0x0000d950                stimer_restart
                0x0000d964                stimer_expired
                0x0000d994                stimer_remaining
                0x0000d9b8                stimer_elapsed
 .text          0x0000d9ca      0x102 contiki-z1.a(memb.o)
                0x0000d9ca                memb_init
                0x0000da00                memb_alloc
                0x0000da3e                memb_free
                0x0000da78                memb_inmemb
                0x0000daa6                memb_numfree
 .text          0x0000dacc      0x1a2 contiki-z1.a(rpl-nbr-policy.)
                0x0000dbb8                find_removable_dis
                0x0000dbce                find_removable_dio
                0x0000dc0a                find_removable_dao
                0x0000dc3e                rpl_nbr_policy_find_removable
 .text          0x0000dc6e      0x5f8 contiki-z1.a(frame802154.o)
                0x0000dc6e                frame802154_get_pan_id
                0x0000dc74                frame802154_set_pan_id
                0x0000dc7a                frame802154_has_panid
                0x0000de04                frame802154_check_dest_panid
                0x0000de40                frame802154_is_broadcast_addr
                0x0000de64                frame802154_extract_linkaddr
                0x0000def0                frame802154_hdrlen
                0x0000df22                frame802154_create_fcf
                0x0000df90                frame802154_create
                0x0000e064                frame802154_parse_fcf
                0x0000e0ee                frame802154_parse
 .text          0x0000e266       0xd0 contiki-z1.a(mac-sequence.o)
                0x0000e266                mac_sequence_is_duplicate
                0x0000e2be                mac_sequence_register_seqno
 .text          0x0000e336        0x0 /usr/lib/gcc/msp430/4.6.3/mcpu-430x/mmpy-16/libgcc.a(_mulsi3.o)
 .text.libgcc   0x0000e336       0x2a /usr/lib/gcc/msp430/4.6.3/mcpu-430x/mmpy-16/libgcc.a(_mulsi3.o)
                0x0000e336                __mulsi3
 .text          0x0000e360        0x0 /usr/lib/gcc/msp430/4.6.3/mcpu-430x/mmpy-16/libgcc.a(_udivmod16.o)
 .text.libgcc   0x0000e360       0x22 /usr/lib/gcc/msp430/4.6.3/mcpu-430x/mmpy-16/libgcc.a(_udivmod16.o)
                0x0000e360                __udivhi3
                0x0000e360                __ext_udivmod16
                0x0000e37a                __umodhi3
 .text          0x0000e382        0x0 /usr/lib/gcc/msp430/4.6.3/mcpu-430x/mmpy-16/libgcc.a(_divmod16.o)
 .text.libgcc   0x0000e382       0x3a /usr/lib/gcc/msp430/4.6.3/mcpu-430x/mmpy-16/libgcc.a(_divmod16.o)
                0x0000e382                __ext_divmod16
                0x0000e382                __divhi3
                0x0000e3b4                __modhi3
 .text          0x0000e3bc        0x0 /usr/lib/gcc/msp430/4.6.3/mcpu-430x/mmpy-16/libgcc.a(_udivmod32.o)
 .text.libgcc   0x0000e3bc       0x38 /usr/lib/gcc/msp430/4.6.3/mcpu-430x/mmpy-16/libgcc.a(_udivmod32.o)
                0x0000e3bc                __udivsi3
                0x0000e3bc                __ext_udivmod32
                0x0000e3ea                __umodsi3
 .text          0x0000e3f4        0x0 /usr/lib/gcc/msp430/4.6.3/mcpu-430x/mmpy-16/libgcc.a(_divmod32.o)
 .text.libgcc   0x0000e3f4       0x4c /usr/lib/gcc/msp430/4.6.3/mcpu-430x/mmpy-16/libgcc.a(_divmod32.o)
                0x0000e3f4                __ext_divmod32
                0x0000e3f4                __divsi3
                0x0000e436                __modsi3
 .text          0x0000e440       0x28 /usr/lib/gcc/msp430/4.6.3/../../../../msp430/lib/mcpu-430x/mmpy-16/libc.a(strncmp.o)
                0x0000e440                strncmp
 .text          0x0000e468       0x20 /usr/lib/gcc/msp430/4.6.3/../../../../msp430/lib/mcpu-430x/mmpy-16/libc.a(memcmp.o)
                0x0000e468                memcmp
 .text          0x0000e488       0xe4 /usr/lib/gcc/msp430/4.6.3/../../../../msp430/lib/mcpu-430x/mmpy-16/libc.a(memcpy.o)
                0x0000e488                memcpy
 .text          0x0000e56c       0xe4 /usr/lib/gcc/msp430/4.6.3/../../../../msp430/lib/mcpu-430x/mmpy-16/libc.a(memmove.o)
                0x0000e56c                memmove
 .text          0x0000e650       0x5c /usr/lib/gcc/msp430/4.6.3/../../../../msp430/lib/mcpu-430x/mmpy-16/libc.a(memset.o)
                0x0000e650                memset
 .text          0x0000e6ac       0x1e /usr/lib/gcc/msp430/4.6.3/../../../../msp430/lib/mcpu-430x/mmpy-16/libc.a(printf.o)
                0x0000e6ac                printf
                0x0000e6bc                vprintf
 .text          0x0000e6ca      0x818 /usr/lib/gcc/msp430/4.6.3/../../../../msp430/lib/mcpu-430x/mmpy-16/libc.a(vuprintf.o)
                0x0000e846                vuprintf
 .text          0x0000eee2       0x2c /usr/lib/gcc/msp430/4.6.3/../../../../msp430/lib/mcpu-430x/mmpy-16/libc.a(puts.o)
                0x0000eee2                puts
 .text          0x0000ef0e       0x54 /usr/lib/gcc/msp430/4.6.3/../../../../msp430/lib/mcpu-430x/mmpy-16/libc.a(rand.o)
                0x0000ef0e                rand_r
                0x0000ef32                rand
                0x0000ef58                srand
 .text          0x0000ef62        0x0 /usr/lib/gcc/msp430/4.6.3/mcpu-430x/mmpy-16/libgcc.a(_udivmod64.o)
 .text.libgcc   0x0000ef62       0xbc /usr/lib/gcc/msp430/4.6.3/mcpu-430x/mmpy-16/libgcc.a(_udivmod64.o)
                0x0000ef62                __xabi_udivmod64
                0x0000efb4                __udivdi3
                0x0000efce                __umoddi3
                0x0000eff0                __udivmoddi4
 .text          0x0000f01e        0x0 /usr/lib/gcc/msp430/4.6.3/mcpu-430x/mmpy-16/libcrt0.a(_reset_vector__.o)
 .text          0x0000f01e        0x0 /usr/lib/gcc/msp430/4.6.3/mcpu-430x/mmpy-16/libcrt0.a(__watchdog_support.o)
 .text          0x0000f01e        0x0 /usr/lib/gcc/msp430/4.6.3/mcpu-430x/mmpy-16/libcrt0.a(__init_stack.o)
 .text          0x0000f01e        0x0 /usr/lib/gcc/msp430/4.6.3/mcpu-430x/mmpy-16/libcrt0.a(__low_level_init.o)
 .text          0x0000f01e        0x0 /usr/lib/gcc/msp430/4.6.3/mcpu-430x/mmpy-16/libcrt0.a(_copy_data.o)
 .text          0x0000f01e        0x0 /usr/lib/gcc/msp430/4.6.3/mcpu-430x/mmpy-16/libcrt0.a(_clear_bss.o)
 .text          0x0000f01e        0x0 /usr/lib/gcc/msp430/4.6.3/mcpu-430x/mmpy-16/libcrt0.a(__stop_progExec__.o)
 .text          0x0000f01e        0x0 /usr/lib/gcc/msp430/4.6.3/mcpu-430x/mmpy-16/libcrt0.a(_endless_loop__.o)
 .text          0x0000f01e        0x0 /usr/lib/gcc/msp430/4.6.3/mcpu-430x/mmpy-16/libcrt0.a(_unexpected_.o)
 .text.crt0     0x0000f01e        0x2 /usr/lib/gcc/msp430/4.6.3/mcpu-430x/mmpy-16/libcrt0.a(_unexpected_.o)
                0x0000f01e                _unexpected_
                0x0000f020                . = ALIGN (0x2)

.rodata         0x0000f020      0x4b4
                0x0000f020                . = ALIGN (0x2)
 *(.rodata .rodata.* .gnu.linkonce.r.*)
 .rodata        0x0000f020       0x5e udp-attacker.co
                0x0000f066                autostart_processes
 .rodata        0x0000f07e      0x118 obj_z1/contiki-z1-main.o
 .rodata        0x0000f196       0x2c contiki-z1.a(xmem.o)
 .rodata        0x0000f1c2       0x70 contiki-z1.a(cc2420.o)
                0x0000f1f4                cc2420_aes_128_driver
                0x0000f1f8                cc2420_driver
 .rodata        0x0000f232        0x8 contiki-z1.a(sensors.o)
 .rodata        0x0000f23a       0x2e contiki-z1.a(adxl345.o)
                0x0000f24a                adxl345
 .rodata        0x0000f268       0x16 contiki-z1.a(tmp102.o)
                0x0000f276                tmp102
 .rodata        0x0000f27e        0xf contiki-z1.a(ctimer.o)
 .rodata        0x0000f28d        0xc contiki-z1.a(etimer.o)
 *fill*         0x0000f299        0x1 00
 .rodata        0x0000f29a       0x24 contiki-z1.a(sicslowpan.o)
                0x0000f2a6                sicslowpan_driver
                0x0000f2ac                llprefix
                0x0000f2ae                unc_mxconf
                0x0000f2b2                unc_ctxconf
                0x0000f2b6                unc_llconf
 .rodata        0x0000f2be       0x20 contiki-z1.a(uip6.o)
 .rodata        0x0000f2de       0xd5 contiki-z1.a(uip-ds6-route.o)
 .rodata        0x0000f3b3        0xd contiki-z1.a(tcpip.o)
 .rodata        0x0000f3c0       0x28 contiki-z1.a(uip-debug.o)
 .rodata        0x0000f3e8       0x84 contiki-z1.a(rpl-dag.o)
 .rodata        0x0000f46c        0x8 contiki-z1.a(linkaddr.o)
                0x0000f46c                linkaddr_null
 .rodata        0x0000f474       0x14 contiki-z1.a(csma.o)
                0x0000f47a                csma_driver
 .rodata        0x0000f488        0x6 contiki-z1.a(framer-802154.o)
                0x0000f488                framer_802154
 .rodata        0x0000f48e       0x1c contiki-z1.a(contikimac.o)
                0x0000f49a                contikimac_driver
 .rodata        0x0000f4aa       0x10 contiki-z1.a(nullsec.o)
                0x0000f4b2                nullsec_driver
 .rodata        0x0000f4ba       0x10 contiki-z1.a(button-sensor.o)
                0x0000f4c2                button_sensor
 .rodata        0x0000f4ca        0x2 contiki-z1.a(frame802154.o)
 .rodata        0x0000f4cc        0x7 /usr/lib/gcc/msp430/4.6.3/../../../../msp430/lib/mcpu-430x/mmpy-16/libc.a(vuprintf.o)
                0x0000f4d4                . = ALIGN (0x2)
 *fill*         0x0000f4d3        0x1 00
                0x0000f4d4                _etext = .

.data           0x00001100      0x11c load address 0x0000f4d4
                0x00001100                . = ALIGN (0x2)
                0x00001100                PROVIDE (__data_start, .)
 *(.data .data.* .gnu.linkonce.d.*)
 .data          0x00001100        0x0 /usr/lib/gcc/msp430/4.6.3/mcpu-430x/mmpy-16/crt0ivtbl32.o
 .data          0x00001100        0xa udp-attacker.co
                0x00001100                udp_client_process
 .data          0x0000110a        0x0 obj_z1/contiki-z1-main.o
 .data          0x0000110a        0x0 contiki-z1.a(contiki-z1-plat)
 .data          0x0000110a        0x2 contiki-z1.a(msp430.o)
 .data          0x0000110c        0x0 contiki-z1.a(leds.o)
 .data          0x0000110c        0x0 contiki-z1.a(watchdog.o)
 .data          0x0000110c        0x0 contiki-z1.a(xmem.o)
 .data          0x0000110c        0x0 contiki-z1.a(spi.o)
 .data          0x0000110c        0xc contiki-z1.a(cc2420.o)
                0x0000110c                cc2420_process
 .data          0x00001118        0x0 contiki-z1.a(cc2420-arch.o)
 .data          0x00001118        0x0 contiki-z1.a(node-id.o)
 .data          0x00001118        0xa contiki-z1.a(sensors.o)
                0x00001118                sensors_process
 .data          0x00001122        0x0 contiki-z1.a(uart0.o)
 .data          0x00001122        0x0 contiki-z1.a(uart0-putchar.o)
 .data          0x00001122        0x8 contiki-z1.a(z1-sensors.o)
                0x00001122                sensors
 .data          0x0000112a       0x20 contiki-z1.a(adxl345.o)
                0x0000112a                accmeter_process
 .data          0x0000114a        0x0 contiki-z1.a(tmp102.o)
 .data          0x0000114a        0x0 contiki-z1.a(clock.o)
 .data          0x0000114a        0x0 contiki-z1.a(leds-arch.o)
 .data          0x0000114a        0x0 contiki-z1.a(rtimer-arch.o)
 .data          0x0000114a        0x0 contiki-z1.a(autostart.o)
 .data          0x0000114a        0xa contiki-z1.a(ctimer.o)
                0x0000114a                ctimer_process
 .data          0x00001154        0x0 contiki-z1.a(energest.o)
 .data          0x00001154        0xa contiki-z1.a(etimer.o)
                0x00001154                etimer_process
 .data          0x0000115e        0x0 contiki-z1.a(process.o)
 .data          0x0000115e        0x0 contiki-z1.a(rtimer.o)
 .data          0x0000115e        0x0 contiki-z1.a(timer.o)
 .data          0x0000115e        0x0 contiki-z1.a(list.o)
 .data          0x0000115e        0x0 contiki-z1.a(random.o)
 .data          0x0000115e        0x0 contiki-z1.a(sicslowpan.o)
 .data          0x0000115e        0x0 contiki-z1.a(uip6.o)
 .data          0x0000115e        0x0 contiki-z1.a(uip-ds6.o)
 .data          0x0000115e        0xa contiki-z1.a(uip-ds6-nbr.o)
                0x0000115e                ds6_neighbors
 .data          0x00001168       0x22 contiki-z1.a(uip-ds6-route.o)
                0x00001168                nbr_routes
 .data          0x0000118a        0xc contiki-z1.a(uip-icmp6.o)
 .data          0x00001196        0x6 contiki-z1.a(uip-nd6.o)
 .data          0x0000119c        0xa contiki-z1.a(tcpip.o)
                0x0000119c                tcpip_process
 .data          0x000011a6        0x0 contiki-z1.a(uip-debug.o)
 .data          0x000011a6        0x0 contiki-z1.a(rpl.o)
 .data          0x000011a6        0xa contiki-z1.a(rpl-dag.o)
                0x000011a6                rpl_parents
 .data          0x000011b0        0x0 contiki-z1.a(rpl-ext-header.)
 .data          0x000011b0       0x1a contiki-z1.a(rpl-icmp6.o)
 .data          0x000011ca       0x12 contiki-z1.a(rpl-mrhof.o)
                0x000011ca                rpl_mrhof
 .data          0x000011dc        0x0 contiki-z1.a(rpl-timers.o)
 .data          0x000011dc        0x0 contiki-z1.a(linkaddr.o)
 .data          0x000011dc        0x8 contiki-z1.a(link-stats.o)
 .data          0x000011e4        0x8 contiki-z1.a(nbr-table.o)
 .data          0x000011ec        0x0 contiki-z1.a(packetbuf.o)
 .data          0x000011ec       0x10 contiki-z1.a(queuebuf.o)
 .data          0x000011fc       0x18 contiki-z1.a(csma.o)
 .data          0x00001214        0x0 contiki-z1.a(framer-802154.o)
 .data          0x00001214        0x0 contiki-z1.a(mac.o)
 .data          0x00001214        0x0 contiki-z1.a(contikimac.o)
 .data          0x00001214        0x0 contiki-z1.a(nullsec.o)
 .data          0x00001214        0x1 contiki-z1.a(i2cmaster.o)
                0x00001214                prescale_lsb
 .data          0x00001215        0x0 contiki-z1.a(button-sensor.o)
 .data          0x00001215        0x0 contiki-z1.a(stimer.o)
 .data          0x00001215        0x0 contiki-z1.a(memb.o)
 .data          0x00001215        0x0 contiki-z1.a(rpl-nbr-policy.)
 *fill*         0x00001215        0x1 00
 .data          0x00001216        0x2 contiki-z1.a(frame802154.o)
 .data          0x00001218        0x0 contiki-z1.a(mac-sequence.o)
 .data          0x00001218        0x0 /usr/lib/gcc/msp430/4.6.3/mcpu-430x/mmpy-16/libgcc.a(_mulsi3.o)
 .data          0x00001218        0x0 /usr/lib/gcc/msp430/4.6.3/mcpu-430x/mmpy-16/libgcc.a(_udivmod16.o)
 .data          0x00001218        0x0 /usr/lib/gcc/msp430/4.6.3/mcpu-430x/mmpy-16/libgcc.a(_divmod16.o)
 .data          0x00001218        0x0 /usr/lib/gcc/msp430/4.6.3/mcpu-430x/mmpy-16/libgcc.a(_udivmod32.o)
 .data          0x00001218        0x0 /usr/lib/gcc/msp430/4.6.3/mcpu-430x/mmpy-16/libgcc.a(_divmod32.o)
 .data          0x00001218        0x0 /usr/lib/gcc/msp430/4.6.3/../../../../msp430/lib/mcpu-430x/mmpy-16/libc.a(strncmp.o)
 .data          0x00001218        0x0 /usr/lib/gcc/msp430/4.6.3/../../../../msp430/lib/mcpu-430x/mmpy-16/libc.a(memcmp.o)
 .data          0x00001218        0x0 /usr/lib/gcc/msp430/4.6.3/../../../../msp430/lib/mcpu-430x/mmpy-16/libc.a(memcpy.o)
 .data          0x00001218        0x0 /usr/lib/gcc/msp430/4.6.3/../../../../msp430/lib/mcpu-430x/mmpy-16/libc.a(memmove.o)
 .data          0x00001218        0x0 /usr/lib/gcc/msp430/4.6.3/../../../../msp430/lib/mcpu-430x/mmpy-16/libc.a(memset.o)
 .data          0x00001218        0x0 /usr/lib/gcc/msp430/4.6.3/../../../../msp430/lib/mcpu-430x/mmpy-16/libc.a(printf.o)
 .data          0x00001218        0x0 /usr/lib/gcc/msp430/4.6.3/../../../../msp430/lib/mcpu-430x/mmpy-16/libc.a(vuprintf.o)
 .data          0x00001218        0x0 /usr/lib/gcc/msp430/4.6.3/../../../../msp430/lib/mcpu-430x/mmpy-16/libc.a(puts.o)
 .data          0x00001218        0x4 /usr/lib/gcc/msp430/4.6.3/../../../../msp430/lib/mcpu-430x/mmpy-16/libc.a(rand.o)
 .data          0x0000121c        0x0 /usr/lib/gcc/msp430/4.6.3/mcpu-430x/mmpy-16/libgcc.a(_udivmod64.o)
 .data          0x0000121c        0x0 /usr/lib/gcc/msp430/4.6.3/mcpu-430x/mmpy-16/libcrt0.a(_reset_vector__.o)
 .data          0x0000121c        0x0 /usr/lib/gcc/msp430/4.6.3/mcpu-430x/mmpy-16/libcrt0.a(__watchdog_support.o)
 .data          0x0000121c        0x0 /usr/lib/gcc/msp430/4.6.3/mcpu-430x/mmpy-16/libcrt0.a(__init_stack.o)
 .data          0x0000121c        0x0 /usr/lib/gcc/msp430/4.6.3/mcpu-430x/mmpy-16/libcrt0.a(__low_level_init.o)
 .data          0x0000121c        0x0 /usr/lib/gcc/msp430/4.6.3/mcpu-430x/mmpy-16/libcrt0.a(_copy_data.o)
 .data          0x0000121c        0x0 /usr/lib/gcc/msp430/4.6.3/mcpu-430x/mmpy-16/libcrt0.a(_clear_bss.o)
 .data          0x0000121c        0x0 /usr/lib/gcc/msp430/4.6.3/mcpu-430x/mmpy-16/libcrt0.a(__stop_progExec__.o)
 .data          0x0000121c        0x0 /usr/lib/gcc/msp430/4.6.3/mcpu-430x/mmpy-16/libcrt0.a(_endless_loop__.o)
 .data          0x0000121c        0x0 /usr/lib/gcc/msp430/4.6.3/mcpu-430x/mmpy-16/libcrt0.a(_unexpected_.o)
                0x0000121c                . = ALIGN (0x2)
                0x0000121c                _edata = .
                0x0000f4d4                PROVIDE (__data_load_start, LOADADDR (.data))
                0x0000011c                PROVIDE (__data_size, SIZEOF (.data))

.bss            0x0000121c     0x1882 load address 0x0000f5f0
                0x0000121c                PROVIDE (__bss_start, .)
 *(.bss .bss.*)
 .bss           0x0000121c        0x0 /usr/lib/gcc/msp430/4.6.3/mcpu-430x/mmpy-16/crt0ivtbl32.o
 .bss           0x0000121c       0x10 udp-attacker.co
 .bss           0x0000122c        0x4 obj_z1/contiki-z1-main.o
 .bss           0x00001230        0x0 contiki-z1.a(contiki-z1-plat)
 .bss           0x00001230        0x0 contiki-z1.a(msp430.o)
 .bss           0x00001230        0x1 contiki-z1.a(leds.o)
 *fill*         0x00001231        0x1 00
 .bss           0x00001232        0x2 contiki-z1.a(watchdog.o)
 .bss           0x00001234        0x0 contiki-z1.a(xmem.o)
 .bss           0x00001234        0x2 contiki-z1.a(spi.o)
                0x00001234                spi_busy
 .bss           0x00001236        0xa contiki-z1.a(cc2420.o)
 .bss           0x00001240        0x0 contiki-z1.a(cc2420-arch.o)
 .bss           0x00001240        0x2 contiki-z1.a(node-id.o)
                0x00001240                node_id
 .bss           0x00001242        0x6 contiki-z1.a(sensors.o)
 .bss           0x00001248        0x4 contiki-z1.a(uart0.o)
 .bss           0x0000124c        0x0 contiki-z1.a(uart0-putchar.o)
 .bss           0x0000124c        0x0 contiki-z1.a(z1-sensors.o)
 .bss           0x0000124c       0x16 contiki-z1.a(adxl345.o)
 .bss           0x00001262        0x1 contiki-z1.a(tmp102.o)
 *fill*         0x00001263        0x1 00
 .bss           0x00001264        0xa contiki-z1.a(clock.o)
 .bss           0x0000126e        0x0 contiki-z1.a(leds-arch.o)
 .bss           0x0000126e        0x0 contiki-z1.a(rtimer-arch.o)
 .bss           0x0000126e        0x0 contiki-z1.a(autostart.o)
 .bss           0x0000126e        0x4 contiki-z1.a(ctimer.o)
 .bss           0x00001272        0x0 contiki-z1.a(energest.o)
 .bss           0x00001272        0x6 contiki-z1.a(etimer.o)
 .bss           0x00001278       0x38 contiki-z1.a(process.o)
                0x00001278                process_current
                0x0000127a                process_list
 .bss           0x000012b0        0x2 contiki-z1.a(rtimer.o)
 .bss           0x000012b2        0x0 contiki-z1.a(timer.o)
 .bss           0x000012b2        0x0 contiki-z1.a(list.o)
 .bss           0x000012b2        0x0 contiki-z1.a(random.o)
 .bss           0x000012b2      0x6e6 contiki-z1.a(sicslowpan.o)
 .bss           0x00001998        0xc contiki-z1.a(uip6.o)
                0x00001998                uip_ext_opt_offset
                0x0000199a                uip_ext_len
                0x0000199c                uip_ext_bitmap
 .bss           0x000019a4       0x18 contiki-z1.a(uip-ds6.o)
 .bss           0x000019bc      0x10e contiki-z1.a(uip-ds6-nbr.o)
 .bss           0x00001aca      0x2ba contiki-z1.a(uip-ds6-route.o)
 .bss           0x00001d84       0x14 contiki-z1.a(uip-icmp6.o)
 .bss           0x00001d98        0x8 contiki-z1.a(uip-nd6.o)
 .bss           0x00001da0       0x30 contiki-z1.a(tcpip.o)
 .bss           0x00001dd0        0x0 contiki-z1.a(uip-debug.o)
 .bss           0x00001dd0        0x2 contiki-z1.a(rpl.o)
 .bss           0x00001dd2       0x5a contiki-z1.a(rpl-dag.o)
 .bss           0x00001e2c        0x0 contiki-z1.a(rpl-ext-header.)
 .bss           0x00001e2c        0x0 contiki-z1.a(rpl-icmp6.o)
 .bss           0x00001e2c        0x0 contiki-z1.a(rpl-mrhof.o)
 .bss           0x00001e2c       0x18 contiki-z1.a(rpl-timers.o)
 .bss           0x00001e44        0x0 contiki-z1.a(linkaddr.o)
 .bss           0x00001e44       0x96 contiki-z1.a(link-stats.o)
 .bss           0x00001eda       0xda contiki-z1.a(nbr-table.o)
 .bss           0x00001fb4       0x86 contiki-z1.a(packetbuf.o)
 .bss           0x0000203a      0x2d0 contiki-z1.a(queuebuf.o)
 .bss           0x0000230a       0x88 contiki-z1.a(csma.o)
 .bss           0x00002392        0x2 contiki-z1.a(framer-802154.o)
 .bss           0x00002394        0x0 contiki-z1.a(mac.o)
 .bss           0x00002394       0x2a contiki-z1.a(contikimac.o)
 .bss           0x000023be        0x0 contiki-z1.a(nullsec.o)
 .bss           0x000023be        0x4 contiki-z1.a(i2cmaster.o)
                0x000023be                prescale_msb
 .bss           0x000023c2        0x8 contiki-z1.a(button-sensor.o)
 .bss           0x000023ca        0x0 contiki-z1.a(stimer.o)
 .bss           0x000023ca        0x0 contiki-z1.a(memb.o)
 .bss           0x000023ca       0x20 contiki-z1.a(rpl-nbr-policy.)
 .bss           0x000023ea        0x0 contiki-z1.a(frame802154.o)
 .bss           0x000023ea       0xe0 contiki-z1.a(mac-sequence.o)
 .bss           0x000024ca        0x0 /usr/lib/gcc/msp430/4.6.3/mcpu-430x/mmpy-16/libgcc.a(_mulsi3.o)
 .bss           0x000024ca        0x0 /usr/lib/gcc/msp430/4.6.3/mcpu-430x/mmpy-16/libgcc.a(_udivmod16.o)
 .bss           0x000024ca        0x0 /usr/lib/gcc/msp430/4.6.3/mcpu-430x/mmpy-16/libgcc.a(_divmod16.o)
 .bss           0x000024ca        0x0 /usr/lib/gcc/msp430/4.6.3/mcpu-430x/mmpy-16/libgcc.a(_udivmod32.o)
 .bss           0x000024ca        0x0 /usr/lib/gcc/msp430/4.6.3/mcpu-430x/mmpy-16/libgcc.a(_divmod32.o)
 .bss           0x000024ca        0x0 /usr/lib/gcc/msp430/4.6.3/../../../../msp430/lib/mcpu-430x/mmpy-16/libc.a(strncmp.o)
 .bss           0x000024ca        0x0 /usr/lib/gcc/msp430/4.6.3/../../../../msp430/lib/mcpu-430x/mmpy-16/libc.a(memcmp.o)
 .bss           0x000024ca        0x0 /usr/lib/gcc/msp430/4.6.3/../../../../msp430/lib/mcpu-430x/mmpy-16/libc.a(memcpy.o)
 .bss           0x000024ca        0x0 /usr/lib/gcc/msp430/4.6.3/../../../../msp430/lib/mcpu-430x/mmpy-16/libc.a(memmove.o)
 .bss           0x000024ca        0x0 /usr/lib/gcc/msp430/4.6.3/../../../../msp430/lib/mcpu-430x/mmpy-16/libc.a(memset.o)
 .bss           0x000024ca        0x0 /usr/lib/gcc/msp430/4.6.3/../../../../msp430/lib/mcpu-430x/mmpy-16/libc.a(printf.o)
 .bss           0x000024ca        0x0 /usr/lib/gcc/msp430/4.6.3/../../../../msp430/lib/mcpu-430x/mmpy-16/libc.a(vuprintf.o)
 .bss           0x000024ca        0x0 /usr/lib/gcc/msp430/4.6.3/../../../../msp430/lib/mcpu-430x/mmpy-16/libc.a(puts.o)
 .bss           0x000024ca        0x0 /usr/lib/gcc/msp430/4.6.3/../../../../msp430/lib/mcpu-430x/mmpy-16/libc.a(rand.o)
 .bss           0x000024ca        0x0 /usr/lib/gcc/msp430/4.6.3/mcpu-430x/mmpy-16/libgcc.a(_udivmod64.o)
 .bss           0x000024ca        0x0 /usr/lib/gcc/msp430/4.6.3/mcpu-430x/mmpy-16/libcrt0.a(_reset_vector__.o)
 .bss           0x000024ca        0x0 /usr/lib/gcc/msp430/4.6.3/mcpu-430x/mmpy-16/libcrt0.a(__watchdog_support.o)
 .bss           0x000024ca        0x0 /usr/lib/gcc/msp430/4.6.3/mcpu-430x/mmpy-16/libcrt0.a(__init_stack.o)
 .bss           0x000024ca        0x0 /usr/lib/gcc/msp430/4.6.3/mcpu-430x/mmpy-16/libcrt0.a(__low_level_init.o)
 .bss           0x000024ca        0x0 /usr/lib/gcc/msp430/4.6.3/mcpu-430x/mmpy-16/libcrt0.a(_copy_data.o)
 .bss           0x000024ca        0x0 /usr/lib/gcc/msp430/4.6.3/mcpu-430x/mmpy-16/libcrt0.a(_clear_bss.o)
 .bss           0x000024ca        0x0 /usr/lib/gcc/msp430/4.6.3/mcpu-430x/mmpy-16/libcrt0.a(__stop_progExec__.o)
 .bss           0x000024ca        0x0 /usr/lib/gcc/msp430/4.6.3/mcpu-430x/mmpy-16/libcrt0.a(_endless_loop__.o)
 .bss           0x000024ca        0x0 /usr/lib/gcc/msp430/4.6.3/mcpu-430x/mmpy-16/libcrt0.a(_unexpected_.o)
 *(COMMON)
 COMMON         0x000024ca        0x2 contiki-z1.a(msp430.o)
                0x000024ca                msp430_dco_required
 COMMON         0x000024cc       0x10 contiki-z1.a(cc2420.o)
                0x000024cc                cc2420_last_rssi
                0x000024ce                cc2420_sfd_start_time
                0x000024d0                cc2420_time_of_departure
                0x000024d2                cc2420_time_of_arrival
                0x000024d4                cc2420_last_correlation
                0x000024d6                cc2420_authority_level_of_sender
                0x000024d8                cc2420_sfd_counter
                0x000024da                cc2420_sfd_end_time
 COMMON         0x000024dc        0x8 contiki-z1.a(node-id.o)
                0x000024dc                node_mac
 COMMON         0x000024e4        0x1 contiki-z1.a(sensors.o)
                0x000024e4                sensors_event
 *fill*         0x000024e5        0x1 00
 COMMON         0x000024e6        0x4 contiki-z1.a(z1-sensors.o)
                0x000024e6                sensors_flags
 COMMON         0x000024ea        0x4 contiki-z1.a(adxl345.o)
                0x000024ea                accm_int2_cb
                0x000024ec                accm_int1_cb
 COMMON         0x000024ee       0x56 contiki-z1.a(energest.o)
                0x000024ee                energest_total_time
                0x0000251e                energest_total_count
                0x00002520                energest_current_mode
                0x0000252c                energest_current_time
 COMMON         0x00002544        0x1 contiki-z1.a(process.o)
                0x00002544                process_maxevents
 *fill*         0x00002545        0x1 00
 COMMON         0x00002546      0x2a0 contiki-z1.a(uip6.o)
                0x00002546                uip_len
                0x00002548                uip_sappdata
                0x0000254a                uip_acc32
                0x0000254e                uip_lladdr
                0x00002556                uip_aligned_buf
                0x000025e2                uip_flags
                0x000025e4                uip_next_hdr
                0x000025e6                uip_udp_conn
                0x000025e8                uip_appdata
                0x000025ea                uip_conn
                0x000025ec                uip_conns
                0x0000269c                uip_listenports
                0x000026ac                uip_slen
                0x000026ae                uip_udp_conns
 COMMON         0x000027e6      0x15c contiki-z1.a(uip-ds6.o)
                0x000027e6                uip_ds6_timer_ra
                0x000027ee                uip_ds6_if
                0x000028da                uip_ds6_netif_addr_list_offset
                0x000028db                uip_ds6_addr_size
                0x000028dc                uip_ds6_prefix_list
                0x00002936                uip_ds6_timer_periodic
 COMMON         0x00002942        0x1 contiki-z1.a(tcpip.o)
                0x00002942                tcpip_event
 *fill*         0x00002943        0x1 00
 COMMON         0x00002944      0x100 contiki-z1.a(rpl-dag.o)
                0x00002944                default_instance
                0x00002946                instance_table
 COMMON         0x00002a44        0x8 contiki-z1.a(linkaddr.o)
                0x00002a44                linkaddr_node_addr
 COMMON         0x00002a4c       0x14 contiki-z1.a(link-stats.o)
                0x00002a4c                periodic_timer
 COMMON         0x00002a60       0x2e contiki-z1.a(packetbuf.o)
                0x00002a60                packetbuf_addrs
                0x00002a70                packetbuf_attrs
 COMMON         0x00002a8e       0x10 contiki-z1.a(i2cmaster.o)
                0x00002a8e                transmit_data1
                0x00002a8f                rx_byte_ctr
                0x00002a90                tx_buf_ptr
                0x00002a92                tx_byte_ctr
                0x00002a94                i
                0x00002a96                receive_data
                0x00002a98                rx_buf
                0x00002a9a                transmit_data2
                0x00002a9c                rx_buf_ptr
                0x00002a9e                . = ALIGN (0x2)
                0x00002a9e                PROVIDE (__bss_end, .)
                0x00001882                PROVIDE (__bss_size, SIZEOF (.bss))

.noinit         0x00002a9e        0x2 load address 0x0000f5f0
                0x00002a9e                PROVIDE (__noinit_start, .)
 *(.noinit .noinit.*)
 .noinit.crt0   0x00002a9e        0x2 /usr/lib/gcc/msp430/4.6.3/mcpu-430x/mmpy-16/libcrt0.a(__watchdog_support.o)
                0x00002a9e                __wdt_clear_value
                0x00002aa0                . = ALIGN (0x2)
                0x00002aa0                PROVIDE (__noinit_end, .)
                0x00002aa0                . = ALIGN (0x2)
                0x00002aa0                _end = .

.infomem        0x00001000        0x0
 *(.infomem)
                0x00001000                . = ALIGN (0x2)
 *(.infomem.*)

.infomemnobits  0x00001000        0x0
 *(.infomemnobits)
                0x00001000                . = ALIGN (0x2)
 *(.infomemnobits.*)

.infoa
 *(.infoa .infoa.*)

.infob
 *(.infob .infob.*)

.infoc
 *(.infoc .infoc.*)

.infod
 *(.infod .infod.*)

.vectors        0x0000ffc0       0x40
                0x0000ffc0                PROVIDE (__vectors_start, .)
 *(.vectors*)
 .vectors       0x0000ffc0       0x40 /usr/lib/gcc/msp430/4.6.3/mcpu-430x/mmpy-16/crt0ivtbl32.o
                0x0000ffc0                __ivtbl_32
                0x00010000                _vectors_end = .

.fartext        0x00010000        0x0
                0x00010000                . = ALIGN (0x2)
 *(.fartext)
                0x00010000                . = ALIGN (0x2)
 *(.fartext.*)
                0x00010000                _efartext = .

.profiler
 *(.profiler)

.stab           0x00000000    0x2be0c
 *(.stab)
 .stab          0x00000000     0x1164 udp-attacker.co
 .stab          0x00001164     0x1734 obj_z1/contiki-z1-main.o
                               0x1b78 (size before relaxing)
 .stab          0x00002898      0x24c contiki-z1.a(contiki-z1-plat)
                                0x5a0 (size before relaxing)
 .stab          0x00002ae4      0x588 contiki-z1.a(msp430.o)
                                0x8dc (size before relaxing)
 .stab          0x0000306c      0x5dc contiki-z1.a(leds.o)
                                0x828 (size before relaxing)
 .stab          0x00003648      0x3fc contiki-z1.a(watchdog.o)
                                0x750 (size before relaxing)
 .stab          0x00003a44      0x9fc contiki-z1.a(xmem.o)
                                0xf3c (size before relaxing)
 .stab          0x00004440      0x288 contiki-z1.a(spi.o)
                                0x5dc (size before relaxing)
 .stab          0x000046c8     0x28bc contiki-z1.a(cc2420.o)
                               0x2fe8 (size before relaxing)
 .stab          0x00006f84      0x6e4 contiki-z1.a(cc2420-arch.o)
                               0x16b0 (size before relaxing)
 .stab          0x00007668      0x300 contiki-z1.a(node-id.o)
                                0x6d8 (size before relaxing)
 .stab          0x00007968      0x654 contiki-z1.a(sensors.o)
                                0xb70 (size before relaxing)
 .stab          0x00007fbc      0x528 contiki-z1.a(uart0.o)
                                0xa38 (size before relaxing)
 .stab          0x000084e4      0x234 contiki-z1.a(uart0-putchar.o)
                                0x588 (size before relaxing)
 .stab          0x00008718      0x3a8 contiki-z1.a(z1-sensors.o)
                                0x78c (size before relaxing)
 .stab          0x00008ac0      0xd2c contiki-z1.a(adxl345.o)
                               0x135c (size before relaxing)
 .stab          0x000097ec      0x81c contiki-z1.a(tmp102.o)
                                0xd74 (size before relaxing)
 .stab          0x0000a008      0x948 contiki-z1.a(clock.o)
                                0xc9c (size before relaxing)
 .stab          0x0000a950      0x3a8 contiki-z1.a(leds-arch.o)
                                0x6fc (size before relaxing)
 .stab          0x0000acf8      0x3cc contiki-z1.a(rtimer-arch.o)
                                0x720 (size before relaxing)
 .stab          0x0000b0c4      0x294 contiki-z1.a(autostart.o)
                                0x534 (size before relaxing)
 .stab          0x0000b358      0x858 contiki-z1.a(ctimer.o)
                                0xbc4 (size before relaxing)
 .stab          0x0000bbb0      0x474 contiki-z1.a(energest.o)
                                0x6fc (size before relaxing)
 .stab          0x0000c024      0xabc contiki-z1.a(etimer.o)
                                0xd8c (size before relaxing)
 .stab          0x0000cae0      0xba0 contiki-z1.a(process.o)
                               0x1038 (size before relaxing)
 .stab          0x0000d680      0x3d8 contiki-z1.a(rtimer.o)
                                0x6c0 (size before relaxing)
 .stab          0x0000da58      0x354 contiki-z1.a(timer.o)
                                0x594 (size before relaxing)
 .stab          0x0000ddac      0x7f8 contiki-z1.a(list.o)
                                0x804 (size before relaxing)
 .stab          0x0000e5a4      0x228 contiki-z1.a(random.o)
                                0x624 (size before relaxing)
 .stab          0x0000e7cc     0x294c contiki-z1.a(sicslowpan.o)
                               0x3318 (size before relaxing)
 .stab          0x00011118     0x2b14 contiki-z1.a(uip6.o)
                               0x3750 (size before relaxing)
 .stab          0x00013c2c     0x1434 contiki-z1.a(uip-ds6.o)
                               0x210c (size before relaxing)
 .stab          0x00015060      0xc9c contiki-z1.a(uip-ds6-nbr.o)
                               0x15a8 (size before relaxing)
 .stab          0x00015cfc     0x1554 contiki-z1.a(uip-ds6-route.o)
                               0x216c (size before relaxing)
 .stab          0x00017250      0xbdc contiki-z1.a(uip-icmp6.o)
                               0x18d8 (size before relaxing)
 .stab          0x00017e2c      0x780 contiki-z1.a(uip-nd6.o)
                               0x13ec (size before relaxing)
 .stab          0x000185ac     0x13ec contiki-z1.a(tcpip.o)
                               0x2700 (size before relaxing)
 .stab          0x00019998      0x3d8 contiki-z1.a(uip-debug.o)
                                0xbac (size before relaxing)
 .stab          0x00019d70      0xb70 contiki-z1.a(rpl.o)
                               0x198c (size before relaxing)
 .stab          0x0001a8e0     0x36cc contiki-z1.a(rpl-dag.o)
                               0x4380 (size before relaxing)
 .stab          0x0001dfac      0xa50 contiki-z1.a(rpl-ext-header.)
                               0x1860 (size before relaxing)
 .stab          0x0001e9fc     0x1a4c contiki-z1.a(rpl-icmp6.o)
                               0x28a4 (size before relaxing)
 .stab          0x00020448      0x9d8 contiki-z1.a(rpl-mrhof.o)
                               0x17ac (size before relaxing)
 .stab          0x00020e20      0xfc0 contiki-z1.a(rpl-timers.o)
                               0x1d94 (size before relaxing)
 .stab          0x00021de0      0x2c4 contiki-z1.a(linkaddr.o)
                                0x6c0 (size before relaxing)
 .stab          0x000220a4      0x7d4 contiki-z1.a(link-stats.o)
                               0x11a0 (size before relaxing)
 .stab          0x00022878      0xfd8 contiki-z1.a(nbr-table.o)
                               0x1944 (size before relaxing)
 .stab          0x00023850      0xc6c contiki-z1.a(packetbuf.o)
                               0x1da0 (size before relaxing)
 .stab          0x000244bc      0xaa4 contiki-z1.a(queuebuf.o)
                               0x1bc0 (size before relaxing)
 .stab          0x00024f60     0x1134 contiki-z1.a(csma.o)
                               0x165c (size before relaxing)
 .stab          0x00026094      0x90c contiki-z1.a(framer-802154.o)
                                0xf18 (size before relaxing)
 .stab          0x000269a0      0x1f8 contiki-z1.a(mac.o)
                                0x4ec (size before relaxing)
 .stab          0x00026b98     0x165c contiki-z1.a(contikimac.o)
                               0x21fc (size before relaxing)
 .stab          0x000281f4      0x3c0 contiki-z1.a(nullsec.o)
                                0xcf0 (size before relaxing)
 .stab          0x000285b4      0x894 contiki-z1.a(i2cmaster.o)
                                0xbe8 (size before relaxing)
 .stab          0x00028e48      0x468 contiki-z1.a(button-sensor.o)
                                0x7d4 (size before relaxing)
 .stab          0x000292b0      0x3c0 contiki-z1.a(stimer.o)
                                0x600 (size before relaxing)
 .stab          0x00029670      0x5c4 contiki-z1.a(memb.o)
                                0xaf8 (size before relaxing)
 .stab          0x00029c34      0x96c contiki-z1.a(rpl-nbr-policy.)
                               0x1734 (size before relaxing)
 .stab          0x0002a5a0     0x11dc contiki-z1.a(frame802154.o)
                               0x19c8 (size before relaxing)
 .stab          0x0002b77c      0x690 contiki-z1.a(mac-sequence.o)
                               0x17c4 (size before relaxing)

.stabstr        0x00000000    0x1fe01
 *(.stabstr)
 .stabstr       0x00000000    0x1fe01 udp-attacker.co

.stab.excl
 *(.stab.excl)

.stab.exclstr
 *(.stab.exclstr)

.stab.index
 *(.stab.index)

.stab.indexstr
 *(.stab.indexstr)

.comment
 *(.comment)

.debug
 *(.debug)

.line
 *(.line)

.debug_srcinfo
 *(.debug_srcinfo)

.debug_sfnames
 *(.debug_sfnames)

.debug_aranges  0x00000000      0x1a4
 *(.debug_aranges)
 .debug_aranges
                0x00000000       0x14 /usr/lib/gcc/msp430/4.6.3/mcpu-430x/mmpy-16/libgcc.a(_mulsi3.o)
 .debug_aranges
                0x00000014       0x14 /usr/lib/gcc/msp430/4.6.3/mcpu-430x/mmpy-16/libgcc.a(_udivmod16.o)
 .debug_aranges
                0x00000028       0x14 /usr/lib/gcc/msp430/4.6.3/mcpu-430x/mmpy-16/libgcc.a(_divmod16.o)
 .debug_aranges
                0x0000003c       0x14 /usr/lib/gcc/msp430/4.6.3/mcpu-430x/mmpy-16/libgcc.a(_udivmod32.o)
 .debug_aranges
                0x00000050       0x14 /usr/lib/gcc/msp430/4.6.3/mcpu-430x/mmpy-16/libgcc.a(_divmod32.o)
 .debug_aranges
                0x00000064       0x14 /usr/lib/gcc/msp430/4.6.3/../../../../msp430/lib/mcpu-430x/mmpy-16/libc.a(strncmp.o)
 .debug_aranges
                0x00000078       0x14 /usr/lib/gcc/msp430/4.6.3/../../../../msp430/lib/mcpu-430x/mmpy-16/libc.a(memcmp.o)
 .debug_aranges
                0x0000008c       0x14 /usr/lib/gcc/msp430/4.6.3/../../../../msp430/lib/mcpu-430x/mmpy-16/libc.a(memcpy.o)
 .debug_aranges
                0x000000a0       0x14 /usr/lib/gcc/msp430/4.6.3/../../../../msp430/lib/mcpu-430x/mmpy-16/libc.a(memmove.o)
 .debug_aranges
                0x000000b4       0x14 /usr/lib/gcc/msp430/4.6.3/../../../../msp430/lib/mcpu-430x/mmpy-16/libc.a(memset.o)
 .debug_aranges
                0x000000c8       0x14 /usr/lib/gcc/msp430/4.6.3/../../../../msp430/lib/mcpu-430x/mmpy-16/libc.a(printf.o)
 .debug_aranges
                0x000000dc       0x14 /usr/lib/gcc/msp430/4.6.3/../../../../msp430/lib/mcpu-430x/mmpy-16/libc.a(vuprintf.o)
 .debug_aranges
                0x000000f0       0x14 /usr/lib/gcc/msp430/4.6.3/../../../../msp430/lib/mcpu-430x/mmpy-16/libc.a(puts.o)
 .debug_aranges
                0x00000104       0x14 /usr/lib/gcc/msp430/4.6.3/../../../../msp430/lib/mcpu-430x/mmpy-16/libc.a(rand.o)
 .debug_aranges
                0x00000118       0x14 /usr/lib/gcc/msp430/4.6.3/mcpu-430x/mmpy-16/libgcc.a(_udivmod64.o)
 .debug_aranges
                0x0000012c       0x14 /usr/lib/gcc/msp430/4.6.3/mcpu-430x/mmpy-16/libcrt0.a(__watchdog_support.o)
 .debug_aranges
                0x00000140       0x14 /usr/lib/gcc/msp430/4.6.3/mcpu-430x/mmpy-16/libcrt0.a(__init_stack.o)
 .debug_aranges
                0x00000154       0x14 /usr/lib/gcc/msp430/4.6.3/mcpu-430x/mmpy-16/libcrt0.a(_copy_data.o)
 .debug_aranges
                0x00000168       0x14 /usr/lib/gcc/msp430/4.6.3/mcpu-430x/mmpy-16/libcrt0.a(_clear_bss.o)
 .debug_aranges
                0x0000017c       0x14 /usr/lib/gcc/msp430/4.6.3/mcpu-430x/mmpy-16/libcrt0.a(_endless_loop__.o)
 .debug_aranges
                0x00000190       0x14 /usr/lib/gcc/msp430/4.6.3/mcpu-430x/mmpy-16/libcrt0.a(_unexpected_.o)

.debug_pubnames
 *(.debug_pubnames)

.debug_info     0x00000000     0x1696
 *(.debug_info)
 .debug_info    0x00000000       0xe0 /usr/lib/gcc/msp430/4.6.3/mcpu-430x/mmpy-16/libgcc.a(_mulsi3.o)
 .debug_info    0x000000e0       0xe0 /usr/lib/gcc/msp430/4.6.3/mcpu-430x/mmpy-16/libgcc.a(_udivmod16.o)
 .debug_info    0x000001c0       0xe0 /usr/lib/gcc/msp430/4.6.3/mcpu-430x/mmpy-16/libgcc.a(_divmod16.o)
 .debug_info    0x000002a0       0xe0 /usr/lib/gcc/msp430/4.6.3/mcpu-430x/mmpy-16/libgcc.a(_udivmod32.o)
 .debug_info    0x00000380       0xe0 /usr/lib/gcc/msp430/4.6.3/mcpu-430x/mmpy-16/libgcc.a(_divmod32.o)
 .debug_info    0x00000460       0xbb /usr/lib/gcc/msp430/4.6.3/../../../../msp430/lib/mcpu-430x/mmpy-16/libc.a(strncmp.o)
 .debug_info    0x0000051b       0xe8 /usr/lib/gcc/msp430/4.6.3/../../../../msp430/lib/mcpu-430x/mmpy-16/libc.a(memcmp.o)
 .debug_info    0x00000603      0x113 /usr/lib/gcc/msp430/4.6.3/../../../../msp430/lib/mcpu-430x/mmpy-16/libc.a(memcpy.o)
 .debug_info    0x00000716      0x113 /usr/lib/gcc/msp430/4.6.3/../../../../msp430/lib/mcpu-430x/mmpy-16/libc.a(memmove.o)
 .debug_info    0x00000829       0xfe /usr/lib/gcc/msp430/4.6.3/../../../../msp430/lib/mcpu-430x/mmpy-16/libc.a(memset.o)
 .debug_info    0x00000927      0x105 /usr/lib/gcc/msp430/4.6.3/../../../../msp430/lib/mcpu-430x/mmpy-16/libc.a(printf.o)
 .debug_info    0x00000a2c      0x565 /usr/lib/gcc/msp430/4.6.3/../../../../msp430/lib/mcpu-430x/mmpy-16/libc.a(vuprintf.o)
 .debug_info    0x00000f91       0x96 /usr/lib/gcc/msp430/4.6.3/../../../../msp430/lib/mcpu-430x/mmpy-16/libc.a(puts.o)
 .debug_info    0x00001027      0x13f /usr/lib/gcc/msp430/4.6.3/../../../../msp430/lib/mcpu-430x/mmpy-16/libc.a(rand.o)
 .debug_info    0x00001166       0xe0 /usr/lib/gcc/msp430/4.6.3/mcpu-430x/mmpy-16/libgcc.a(_udivmod64.o)
 .debug_info    0x00001246       0xb8 /usr/lib/gcc/msp430/4.6.3/mcpu-430x/mmpy-16/libcrt0.a(__watchdog_support.o)
 .debug_info    0x000012fe       0xb8 /usr/lib/gcc/msp430/4.6.3/mcpu-430x/mmpy-16/libcrt0.a(__init_stack.o)
 .debug_info    0x000013b6       0xb8 /usr/lib/gcc/msp430/4.6.3/mcpu-430x/mmpy-16/libcrt0.a(_copy_data.o)
 .debug_info    0x0000146e       0xb8 /usr/lib/gcc/msp430/4.6.3/mcpu-430x/mmpy-16/libcrt0.a(_clear_bss.o)
 .debug_info    0x00001526       0xb8 /usr/lib/gcc/msp430/4.6.3/mcpu-430x/mmpy-16/libcrt0.a(_endless_loop__.o)
 .debug_info    0x000015de       0xb8 /usr/lib/gcc/msp430/4.6.3/mcpu-430x/mmpy-16/libcrt0.a(_unexpected_.o)
 *(.gnu.linkonce.wi.*)

.debug_abbrev   0x00000000      0x7e0
 *(.debug_abbrev)
 .debug_abbrev  0x00000000       0x14 /usr/lib/gcc/msp430/4.6.3/mcpu-430x/mmpy-16/libgcc.a(_mulsi3.o)
 .debug_abbrev  0x00000014       0x14 /usr/lib/gcc/msp430/4.6.3/mcpu-430x/mmpy-16/libgcc.a(_udivmod16.o)
 .debug_abbrev  0x00000028       0x14 /usr/lib/gcc/msp430/4.6.3/mcpu-430x/mmpy-16/libgcc.a(_divmod16.o)
 .debug_abbrev  0x0000003c       0x14 /usr/lib/gcc/msp430/4.6.3/mcpu-430x/mmpy-16/libgcc.a(_udivmod32.o)
 .debug_abbrev  0x00000050       0x14 /usr/lib/gcc/msp430/4.6.3/mcpu-430x/mmpy-16/libgcc.a(_divmod32.o)
 .debug_abbrev  0x00000064       0x7c /usr/lib/gcc/msp430/4.6.3/../../../../msp430/lib/mcpu-430x/mmpy-16/libc.a(strncmp.o)
 .debug_abbrev  0x000000e0       0x9b /usr/lib/gcc/msp430/4.6.3/../../../../msp430/lib/mcpu-430x/mmpy-16/libc.a(memcmp.o)
 .debug_abbrev  0x0000017b       0x97 /usr/lib/gcc/msp430/4.6.3/../../../../msp430/lib/mcpu-430x/mmpy-16/libc.a(memcpy.o)
 .debug_abbrev  0x00000212       0x97 /usr/lib/gcc/msp430/4.6.3/../../../../msp430/lib/mcpu-430x/mmpy-16/libc.a(memmove.o)
 .debug_abbrev  0x000002a9       0x9c /usr/lib/gcc/msp430/4.6.3/../../../../msp430/lib/mcpu-430x/mmpy-16/libc.a(memset.o)
 .debug_abbrev  0x00000345       0xd0 /usr/lib/gcc/msp430/4.6.3/../../../../msp430/lib/mcpu-430x/mmpy-16/libc.a(printf.o)
 .debug_abbrev  0x00000415      0x1ef /usr/lib/gcc/msp430/4.6.3/../../../../msp430/lib/mcpu-430x/mmpy-16/libc.a(vuprintf.o)
 .debug_abbrev  0x00000604       0x60 /usr/lib/gcc/msp430/4.6.3/../../../../msp430/lib/mcpu-430x/mmpy-16/libc.a(puts.o)
 .debug_abbrev  0x00000664       0xf0 /usr/lib/gcc/msp430/4.6.3/../../../../msp430/lib/mcpu-430x/mmpy-16/libc.a(rand.o)
 .debug_abbrev  0x00000754       0x14 /usr/lib/gcc/msp430/4.6.3/mcpu-430x/mmpy-16/libgcc.a(_udivmod64.o)
 .debug_abbrev  0x00000768       0x14 /usr/lib/gcc/msp430/4.6.3/mcpu-430x/mmpy-16/libcrt0.a(__watchdog_support.o)
 .debug_abbrev  0x0000077c       0x14 /usr/lib/gcc/msp430/4.6.3/mcpu-430x/mmpy-16/libcrt0.a(__init_stack.o)
 .debug_abbrev  0x00000790       0x14 /usr/lib/gcc/msp430/4.6.3/mcpu-430x/mmpy-16/libcrt0.a(_copy_data.o)
 .debug_abbrev  0x000007a4       0x14 /usr/lib/gcc/msp430/4.6.3/mcpu-430x/mmpy-16/libcrt0.a(_clear_bss.o)
 .debug_abbrev  0x000007b8       0x14 /usr/lib/gcc/msp430/4.6.3/mcpu-430x/mmpy-16/libcrt0.a(_endless_loop__.o)
 .debug_abbrev  0x000007cc       0x14 /usr/lib/gcc/msp430/4.6.3/mcpu-430x/mmpy-16/libcrt0.a(_unexpected_.o)

.debug_line     0x00000000      0xe8a
 *(.debug_line)
 .debug_line    0x00000000       0xa2 /usr/lib/gcc/msp430/4.6.3/mcpu-430x/mmpy-16/libgcc.a(_mulsi3.o)
 .debug_line    0x000000a2       0x9c /usr/lib/gcc/msp430/4.6.3/mcpu-430x/mmpy-16/libgcc.a(_udivmod16.o)
 .debug_line    0x0000013e       0xa7 /usr/lib/gcc/msp430/4.6.3/mcpu-430x/mmpy-16/libgcc.a(_divmod16.o)
 .debug_line    0x000001e5       0xa7 /usr/lib/gcc/msp430/4.6.3/mcpu-430x/mmpy-16/libgcc.a(_udivmod32.o)
 .debug_line    0x0000028c       0xb0 /usr/lib/gcc/msp430/4.6.3/mcpu-430x/mmpy-16/libgcc.a(_divmod32.o)
 .debug_line    0x0000033c       0x75 /usr/lib/gcc/msp430/4.6.3/../../../../msp430/lib/mcpu-430x/mmpy-16/libc.a(strncmp.o)
 .debug_line    0x000003b1       0x73 /usr/lib/gcc/msp430/4.6.3/../../../../msp430/lib/mcpu-430x/mmpy-16/libc.a(memcmp.o)
 .debug_line    0x00000424       0xe9 /usr/lib/gcc/msp430/4.6.3/../../../../msp430/lib/mcpu-430x/mmpy-16/libc.a(memcpy.o)
 .debug_line    0x0000050d       0xe9 /usr/lib/gcc/msp430/4.6.3/../../../../msp430/lib/mcpu-430x/mmpy-16/libc.a(memmove.o)
 .debug_line    0x000005f6       0xc8 /usr/lib/gcc/msp430/4.6.3/../../../../msp430/lib/mcpu-430x/mmpy-16/libc.a(memset.o)
 .debug_line    0x000006be       0x72 /usr/lib/gcc/msp430/4.6.3/../../../../msp430/lib/mcpu-430x/mmpy-16/libc.a(printf.o)
 .debug_line    0x00000730      0x2ce /usr/lib/gcc/msp430/4.6.3/../../../../msp430/lib/mcpu-430x/mmpy-16/libc.a(vuprintf.o)
 .debug_line    0x000009fe       0x4d /usr/lib/gcc/msp430/4.6.3/../../../../msp430/lib/mcpu-430x/mmpy-16/libc.a(puts.o)
 .debug_line    0x00000a4b       0x4f /usr/lib/gcc/msp430/4.6.3/../../../../msp430/lib/mcpu-430x/mmpy-16/libc.a(rand.o)
 .debug_line    0x00000a9a       0xd5 /usr/lib/gcc/msp430/4.6.3/mcpu-430x/mmpy-16/libgcc.a(_udivmod64.o)
 .debug_line    0x00000b6f       0x84 /usr/lib/gcc/msp430/4.6.3/mcpu-430x/mmpy-16/libcrt0.a(__watchdog_support.o)
 .debug_line    0x00000bf3       0x82 /usr/lib/gcc/msp430/4.6.3/mcpu-430x/mmpy-16/libcrt0.a(__init_stack.o)
 .debug_line    0x00000c75       0x88 /usr/lib/gcc/msp430/4.6.3/mcpu-430x/mmpy-16/libcrt0.a(_copy_data.o)
 .debug_line    0x00000cfd       0x88 /usr/lib/gcc/msp430/4.6.3/mcpu-430x/mmpy-16/libcrt0.a(_clear_bss.o)
 .debug_line    0x00000d85       0x83 /usr/lib/gcc/msp430/4.6.3/mcpu-430x/mmpy-16/libcrt0.a(_endless_loop__.o)
 .debug_line    0x00000e08       0x82 /usr/lib/gcc/msp430/4.6.3/mcpu-430x/mmpy-16/libcrt0.a(_unexpected_.o)

.debug_frame    0x00000000      0x1d8
 *(.debug_frame)
 .debug_frame   0x00000000       0x24 /usr/lib/gcc/msp430/4.6.3/../../../../msp430/lib/mcpu-430x/mmpy-16/libc.a(strncmp.o)
 .debug_frame   0x00000024       0x24 /usr/lib/gcc/msp430/4.6.3/../../../../msp430/lib/mcpu-430x/mmpy-16/libc.a(memcmp.o)
 .debug_frame   0x00000048       0x2c /usr/lib/gcc/msp430/4.6.3/../../../../msp430/lib/mcpu-430x/mmpy-16/libc.a(memcpy.o)
 .debug_frame   0x00000074       0x2c /usr/lib/gcc/msp430/4.6.3/../../../../msp430/lib/mcpu-430x/mmpy-16/libc.a(memmove.o)
 .debug_frame   0x000000a0       0x2a /usr/lib/gcc/msp430/4.6.3/../../../../msp430/lib/mcpu-430x/mmpy-16/libc.a(memset.o)
 .debug_frame   0x000000ca       0x2a /usr/lib/gcc/msp430/4.6.3/../../../../msp430/lib/mcpu-430x/mmpy-16/libc.a(printf.o)
 .debug_frame   0x000000f4       0x84 /usr/lib/gcc/msp430/4.6.3/../../../../msp430/lib/mcpu-430x/mmpy-16/libc.a(vuprintf.o)