Archive member included because of file (symbol)

contiki-z1.a(collect-view.o)  udp-client.co (collect_view_construct_message)
contiki-z1.a(collect-view-z1)
                              contiki-z1.a(collect-view.o) (collect_view_arch_read_sensors)
contiki-z1.a(contiki-z1-plat)
                              obj_z1/contiki-z1-main.o (init_platform)
contiki-z1.a(msp430.o)        obj_z1/contiki-z1-main.o (splhigh_)
contiki-z1.a(leds.o)          obj_z1/contiki-z1-main.o (leds_init)
contiki-z1.a(watchdog.o)      obj_z1/contiki-z1-main.o (watchdog_start)
contiki-z1.a(xmem.o)          obj_z1/contiki-z1-main.o (xmem_init)
contiki-z1.a(spi.o)           contiki-z1.a(xmem.o) (spi_init)
contiki-z1.a(cc2420.o)        obj_z1/contiki-z1-main.o (cc2420_set_pan_addr)
contiki-z1.a(cc2420-arch.o)   contiki-z1.a(cc2420.o) (cc2420_arch_init)
contiki-z1.a(node-id.o)       obj_z1/contiki-z1-main.o (node_id_restore)
contiki-z1.a(sensors.o)       contiki-z1.a(contiki-z1-plat) (sensors_process)
contiki-z1.a(uart0.o)         obj_z1/contiki-z1-main.o (uart0_active)
contiki-z1.a(uart0-putchar.o)
                              udp-client.co (putchar)
contiki-z1.a(z1-sensors.o)    contiki-z1.a(sensors.o) (sensors_flags)
contiki-z1.a(adxl345.o)       obj_z1/contiki-z1-main.o (adxl345)
contiki-z1.a(tmp102.o)        contiki-z1.a(collect-view-z1) (tmp102_init)
contiki-z1.a(clock.o)         contiki-z1.a(collect-view.o) (clock_time)
contiki-z1.a(leds-arch.o)     contiki-z1.a(leds.o) (leds_arch_init)
contiki-z1.a(rtimer-arch.o)   obj_z1/contiki-z1-main.o (rtimer_arch_now)
contiki-z1.a(autostart.o)     obj_z1/contiki-z1-main.o (autostart_start)
contiki-z1.a(ctimer.o)        obj_z1/contiki-z1-main.o (ctimer_init)
contiki-z1.a(energest.o)      obj_z1/contiki-z1-main.o (energest_init)
contiki-z1.a(etimer.o)        contiki-z1.a(clock.o) (etimer_request_poll)
contiki-z1.a(process.o)       udp-client.co (process_current)
contiki-z1.a(rtimer.o)        obj_z1/contiki-z1-main.o (rtimer_init)
contiki-z1.a(timer.o)         contiki-z1.a(adxl345.o) (timer_set)
contiki-z1.a(serial-line.o)   obj_z1/collect-common.o (serial_line_event_message)
contiki-z1.a(list.o)          contiki-z1.a(ctimer.o) (list_init)
contiki-z1.a(random.o)        obj_z1/contiki-z1-main.o (random_init)
contiki-z1.a(ringbuf.o)       contiki-z1.a(serial-line.o) (ringbuf_init)
contiki-z1.a(sicslowpan.o)    obj_z1/contiki-z1-main.o (sicslowpan_driver)
contiki-z1.a(uip6.o)          contiki-z1.a(sicslowpan.o) (uip_aligned_buf)
contiki-z1.a(uip-ds6.o)       contiki-z1.a(uip6.o) (uip_ds6_is_addr_onlink)
contiki-z1.a(uip-ds6-nbr.o)   contiki-z1.a(uip-ds6.o) (uip_ds6_neighbors_init)
contiki-z1.a(uip-ds6-route.o)
                              contiki-z1.a(uip-ds6.o) (uip_ds6_route_init)
contiki-z1.a(uip-icmp6.o)     contiki-z1.a(uip6.o) (uip_icmp6_input)
contiki-z1.a(uip-nd6.o)       contiki-z1.a(uip6.o) (uip_nd6_init)
contiki-z1.a(tcpip.o)         contiki-z1.a(sicslowpan.o) (tcpip_set_outputfunc)
contiki-z1.a(uip-debug.o)     udp-client.co (uip_debug_ipaddr_print)
contiki-z1.a(uip-udp-packet.)
                              udp-client.co (uip_udp_packet_sendto)
contiki-z1.a(rpl.o)           contiki-z1.a(uip-ds6-nbr.o) (rpl_link_neighbor_callback)
contiki-z1.a(rpl-dag.o)       contiki-z1.a(rpl.o) (rpl_dag_init)
contiki-z1.a(rpl-ext-header.)
                              contiki-z1.a(uip6.o) (rpl_verify_hbh_header)
contiki-z1.a(rpl-icmp6.o)     contiki-z1.a(rpl-dag.o) (rpl_icmp6_update_nbr_table)
contiki-z1.a(rpl-mrhof.o)     contiki-z1.a(rpl-dag.o) (rpl_mrhof)
contiki-z1.a(rpl-timers.o)    contiki-z1.a(rpl.o) (rpl_reset_periodic_timer)
contiki-z1.a(linkaddr.o)      udp-client.co (linkaddr_copy)
contiki-z1.a(link-stats.o)    contiki-z1.a(rpl-dag.o) (link_stats_from_lladdr)
contiki-z1.a(nbr-table.o)     contiki-z1.a(uip-ds6-nbr.o) (nbr_table_register)
contiki-z1.a(packetbuf.o)     contiki-z1.a(cc2420.o) (packetbuf_set_datalen)
contiki-z1.a(queuebuf.o)      obj_z1/contiki-z1-main.o (queuebuf_init)
contiki-z1.a(csma.o)          obj_z1/contiki-z1-main.o (csma_driver)
contiki-z1.a(framer-802154.o)
                              contiki-z1.a(sicslowpan.o) (framer_802154)
contiki-z1.a(mac.o)           contiki-z1.a(csma.o) (mac_call_sent_callback)
contiki-z1.a(contikimac.o)    obj_z1/collect-common.o (contikimac_driver)
contiki-z1.a(nullsec.o)       obj_z1/contiki-z1-main.o (nullsec_driver)
contiki-z1.a(i2cmaster.o)     contiki-z1.a(adxl345.o) (i2c_receiveinit)
contiki-z1.a(button-sensor.o)
                              contiki-z1.a(z1-sensors.o) (button_sensor)
contiki-z1.a(stimer.o)        contiki-z1.a(uip-ds6.o) (stimer_set)
contiki-z1.a(memb.o)          contiki-z1.a(uip-ds6-route.o) (memb_init)
contiki-z1.a(rpl-nbr-policy.)
                              contiki-z1.a(nbr-table.o) (rpl_nbr_policy_find_removable)
contiki-z1.a(frame802154.o)   contiki-z1.a(framer-802154.o) (frame802154_get_pan_id)
contiki-z1.a(mac-sequence.o)  contiki-z1.a(contikimac.o) (mac_sequence_is_duplicate)
[...]
Memory Configuration

Name             Origin             Length             Attributes
sfr              0x00000000         0x00000010
peripheral_8bit  0x00000010         0x000000f0
peripheral_16bit 0x00000100         0x00000100
ram_mirror       0x00000200         0x00000800         xw
infomem          0x00001000         0x00000100
infod            0x00001000         0x00000040
infoc            0x00001040         0x00000040
infob            0x00001080         0x00000040
infoa            0x000010c0         0x00000040
ram              0x00001100         0x00002000         xw
rom              0x00003100         0x0000cebe         xr
vectors          0x0000ffc0         0x00000040
far_rom          0x00010000         0x0000a000
bsl              0x00000000         0x00000000
ram2             0x00000000         0x00000000         xw
usbram           0x00000000         0x00000000         xw
*default*        0x00000000         0xffffffff

Linker script and memory map

LOAD /usr/lib/gcc/msp430/4.6.3/mcpu-430x/mmpy-16/crt0ivtbl32.o
                0x00000041                __P1SEL2 = 0x41
                0x00000045                __P5SEL2 = 0x45
LOAD udp-client.co
LOAD obj_z1/collect-common.o
LOAD obj_z1/contiki-z1-main.o
LOAD contiki-z1.a
LOAD /usr/lib/gcc/msp430/4.6.3/mcpu-430x/mmpy-16/libgcc.a
LOAD /usr/lib/gcc/msp430/4.6.3/../../../../msp430/lib/mcpu-430x/mmpy-16/libc.a
LOAD /usr/lib/gcc/msp430/4.6.3/mcpu-430x/mmpy-16/libgcc.a
LOAD /usr/lib/gcc/msp430/4.6.3/mcpu-430x/mmpy-16/libcrt0.a
                0x00000040                PROVIDE (__info_segment_size, 0x40)
                0x00001000                PROVIDE (__infod, 0x1000)
                0x00001040                PROVIDE (__infoc, 0x1040)
                0x00001080                PROVIDE (__infob, 0x1080)
                0x000010c0                PROVIDE (__infoa, 0x10c0)
                0x00000000                __IE1 = 0x0
                0x00000002                __IFG1 = 0x2
                0x00000001                __IE2 = 0x1
                0x00000003                __IFG2 = 0x3
                0x00000006                __UC1IE = 0x6
                0x00000007                __UC1IFG = 0x7
                0x000001a0                __ADC12CTL0 = 0x1a0
                0x000001a2                __ADC12CTL1 = 0x1a2
                0x000001a4                __ADC12IFG = 0x1a4
                0x000001a6                __ADC12IE = 0x1a6
                0x000001a8                __ADC12IV = 0x1a8
                0x00000140                __ADC12MEM0 = 0x140
                0x00000142                __ADC12MEM1 = 0x142
                0x00000144                __ADC12MEM2 = 0x144
                0x00000146                __ADC12MEM3 = 0x146
                0x00000148                __ADC12MEM4 = 0x148
                0x0000014a                __ADC12MEM5 = 0x14a
                0x0000014c                __ADC12MEM6 = 0x14c
                0x0000014e                __ADC12MEM7 = 0x14e
                0x00000150                __ADC12MEM8 = 0x150
                0x00000152                __ADC12MEM9 = 0x152
                0x00000154                __ADC12MEM10 = 0x154
                0x00000156                __ADC12MEM11 = 0x156
                0x00000158                __ADC12MEM12 = 0x158
                0x0000015a                __ADC12MEM13 = 0x15a
                0x0000015c                __ADC12MEM14 = 0x15c
                0x0000015e                __ADC12MEM15 = 0x15e
                0x00000080                __ADC12MCTL0 = 0x80
                0x00000081                __ADC12MCTL1 = 0x81
                0x00000082                __ADC12MCTL2 = 0x82
                0x00000083                __ADC12MCTL3 = 0x83
                0x00000084                __ADC12MCTL4 = 0x84
                0x00000085                __ADC12MCTL5 = 0x85
                0x00000086                __ADC12MCTL6 = 0x86
                0x00000087                __ADC12MCTL7 = 0x87
                0x00000088                __ADC12MCTL8 = 0x88
                0x00000089                __ADC12MCTL9 = 0x89
                0x0000008a                __ADC12MCTL10 = 0x8a
                0x0000008b                __ADC12MCTL11 = 0x8b
                0x0000008c                __ADC12MCTL12 = 0x8c
                0x0000008d                __ADC12MCTL13 = 0x8d
                0x0000008e                __ADC12MCTL14 = 0x8e
                0x0000008f                __ADC12MCTL15 = 0x8f
                0x00000056                __DCOCTL = 0x56
                0x00000057                __BCSCTL1 = 0x57
                0x00000058                __BCSCTL2 = 0x58
                0x00000053                __BCSCTL3 = 0x53
                0x00000059                __CACTL1 = 0x59
                0x0000005a                __CACTL2 = 0x5a
                0x0000005b                __CAPD = 0x5b
                0x000001c0                __DAC12_0CTL = 0x1c0
                0x000001c2                __DAC12_1CTL = 0x1c2
                0x000001c8                __DAC12_0DAT = 0x1c8
                0x000001ca                __DAC12_1DAT = 0x1ca
                0x00000122                __DMACTL0 = 0x122
                0x00000124                __DMACTL1 = 0x124
                0x00000126                __DMAIV = 0x126
                0x000001d0                __DMA0CTL = 0x1d0
                0x000001dc                __DMA1CTL = 0x1dc
                0x000001e8                __DMA2CTL = 0x1e8
                0x000001d2                __DMA0SA = 0x1d2
                0x000001d2                __DMA0SAL = 0x1d2
                0x000001d6                __DMA0DA = 0x1d6
                0x000001d6                __DMA0DAL = 0x1d6
                0x000001da                __DMA0SZ = 0x1da
                0x000001de                __DMA1SA = 0x1de
                0x000001de                __DMA1SAL = 0x1de
                0x000001e2                __DMA1DA = 0x1e2
                0x000001e2                __DMA1DAL = 0x1e2
                0x000001e6                __DMA1SZ = 0x1e6
                0x000001ea                __DMA2SA = 0x1ea
                0x000001ea                __DMA2SAL = 0x1ea
                0x000001ee                __DMA2DA = 0x1ee
                0x000001ee                __DMA2DAL = 0x1ee
                0x000001f2                __DMA2SZ = 0x1f2
                0x00000128                __FCTL1 = 0x128
                0x0000012a                __FCTL2 = 0x12a
                0x0000012c                __FCTL3 = 0x12c
                0x000001be                __FCTL4 = 0x1be
                0x00000130                __MPY = 0x130
                0x00000132                __MPYS = 0x132
                0x00000134                __MAC = 0x134
                0x00000136                __MACS = 0x136
                0x00000138                __OP2 = 0x138
                0x0000013a                __RESLO = 0x13a
                0x0000013c                __RESHI = 0x13c
                0x0000013e                __SUMEXT = 0x13e
                0x00000020                __P1IN = 0x20
                0x00000021                __P1OUT = 0x21
                0x00000022                __P1DIR = 0x22
                0x00000023                __P1IFG = 0x23
                0x00000024                __P1IES = 0x24
                0x00000025                __P1IE = 0x25
                0x00000026                __P1SEL = 0x26
                0x00000027                __P1REN = 0x27
                0x00000028                __P2IN = 0x28
                0x00000029                __P2OUT = 0x29
                0x0000002a                __P2DIR = 0x2a
                0x0000002b                __P2IFG = 0x2b
                0x0000002c                __P2IES = 0x2c
                0x0000002d                __P2IE = 0x2d
                0x0000002e                __P2SEL = 0x2e
                0x0000002f                __P2REN = 0x2f
                0x00000018                __P3IN = 0x18
                0x00000019                __P3OUT = 0x19
                0x0000001a                __P3DIR = 0x1a
                0x0000001b                __P3SEL = 0x1b
                0x00000010                __P3REN = 0x10
                0x0000001c                __P4IN = 0x1c
                0x0000001d                __P4OUT = 0x1d
                0x0000001e                __P4DIR = 0x1e
                0x0000001f                __P4SEL = 0x1f
                0x00000011                __P4REN = 0x11
                0x00000030                __P5IN = 0x30
                0x00000031                __P5OUT = 0x31
                0x00000032                __P5DIR = 0x32
                0x00000033                __P5SEL = 0x33
                0x00000012                __P5REN = 0x12
                0x00000034                __P6IN = 0x34
                0x00000035                __P6OUT = 0x35
                0x00000036                __P6DIR = 0x36
                0x00000037                __P6SEL = 0x37
                0x00000013                __P6REN = 0x13
                0x00000038                __P7IN = 0x38
                0x0000003a                __P7OUT = 0x3a
                0x0000003c                __P7DIR = 0x3c
                0x0000003e                __P7SEL = 0x3e
                0x00000014                __P7REN = 0x14
                0x00000039                __P8IN = 0x39
                0x0000003b                __P8OUT = 0x3b
                0x0000003d                __P8DIR = 0x3d
                0x0000003f                __P8SEL = 0x3f
                0x00000015                __P8REN = 0x15
                0x00000038                __PAIN = 0x38
                0x0000003a                __PAOUT = 0x3a
                0x0000003c                __PADIR = 0x3c
                0x0000003e                __PASEL = 0x3e
                0x00000014                __PAREN = 0x14
                0x00000055                __SVSCTL = 0x55
                0x0000012e                __TAIV = 0x12e
                0x00000160                __TACTL = 0x160
                0x00000162                __TACCTL0 = 0x162
                0x00000164                __TACCTL1 = 0x164
                0x00000166                __TACCTL2 = 0x166
                0x00000170                __TAR = 0x170
                0x00000172                __TACCR0 = 0x172
                0x00000174                __TACCR1 = 0x174
                0x00000176                __TACCR2 = 0x176
                0x0000011e                __TBIV = 0x11e
                0x00000180                __TBCTL = 0x180
                0x00000182                __TBCCTL0 = 0x182
                0x00000184                __TBCCTL1 = 0x184
                0x00000186                __TBCCTL2 = 0x186
                0x00000188                __TBCCTL3 = 0x188
                0x0000018a                __TBCCTL4 = 0x18a
                0x0000018c                __TBCCTL5 = 0x18c
                0x0000018e                __TBCCTL6 = 0x18e
                0x00000190                __TBR = 0x190
                0x00000192                __TBCCR0 = 0x192
                0x00000194                __TBCCR1 = 0x194
                0x00000196                __TBCCR2 = 0x196
                0x00000198                __TBCCR3 = 0x198
                0x0000019a                __TBCCR4 = 0x19a
                0x0000019c                __TBCCR5 = 0x19c
                0x0000019e                __TBCCR6 = 0x19e
                0x00000060                __UCA0CTL0 = 0x60
                0x00000061                __UCA0CTL1 = 0x61
                0x00000062                __UCA0BR0 = 0x62
                0x00000063                __UCA0BR1 = 0x63
                0x00000064                __UCA0MCTL = 0x64
                0x00000065                __UCA0STAT = 0x65
                0x00000066                __UCA0RXBUF = 0x66
                0x00000067                __UCA0TXBUF = 0x67
                0x0000005d                __UCA0ABCTL = 0x5d
                0x0000005e                __UCA0IRTCTL = 0x5e
                0x0000005f                __UCA0IRRCTL = 0x5f
                0x00000068                __UCB0CTL0 = 0x68
                0x00000069                __UCB0CTL1 = 0x69
                0x0000006a                __UCB0BR0 = 0x6a
                0x0000006b                __UCB0BR1 = 0x6b
                0x0000006c                __UCB0I2CIE = 0x6c
                0x0000006d                __UCB0STAT = 0x6d
                0x0000006e                __UCB0RXBUF = 0x6e
                0x0000006f                __UCB0TXBUF = 0x6f
                0x00000118                __UCB0I2COA = 0x118
                0x0000011a                __UCB0I2CSA = 0x11a
                0x000000d0                __UCA1CTL0 = 0xd0
                0x000000d1                __UCA1CTL1 = 0xd1
                0x000000d2                __UCA1BR0 = 0xd2
                0x000000d3                __UCA1BR1 = 0xd3
                0x000000d4                __UCA1MCTL = 0xd4
                0x000000d5                __UCA1STAT = 0xd5
                0x000000d6                __UCA1RXBUF = 0xd6
                0x000000d7                __UCA1TXBUF = 0xd7
                0x000000cd                __UCA1ABCTL = 0xcd
                0x000000ce                __UCA1IRTCTL = 0xce
                0x000000cf                __UCA1IRRCTL = 0xcf
                0x000000d8                __UCB1CTL0 = 0xd8
                0x000000d9                __UCB1CTL1 = 0xd9
                0x000000da                __UCB1BR0 = 0xda
                0x000000db                __UCB1BR1 = 0xdb
                0x000000dc                __UCB1I2CIE = 0xdc
                0x000000dd                __UCB1STAT = 0xdd
                0x000000de                __UCB1RXBUF = 0xde
                0x000000df                __UCB1TXBUF = 0xdf
                0x0000017c                __UCB1I2COA = 0x17c
                0x0000017e                __UCB1I2CSA = 0x17e
                0x00000120                __WDTCTL = 0x120
                0x000010c0                __TLV_CHECKSUM = 0x10c0
                0x000010f6                __TLV_DCO_30_TAG = 0x10f6
                0x000010f7                __TLV_DCO_30_LEN = 0x10f7
                0x000010da                __TLV_ADC12_1_TAG = 0x10da
                0x000010db                __TLV_ADC12_1_LEN = 0x10db
                0x000010f8                __CALDCO_16MHZ = 0x10f8
                0x000010f9                __CALBC1_16MHZ = 0x10f9
                0x000010fa                __CALDCO_12MHZ = 0x10fa
                0x000010fb                __CALBC1_12MHZ = 0x10fb
                0x000010fc                __CALDCO_8MHZ = 0x10fc
                0x000010fd                __CALBC1_8MHZ = 0x10fd
                0x000010fe                __CALDCO_1MHZ = 0x10fe
                0x000010ff                __CALBC1_1MHZ = 0x10ff

.hash
 *(.hash)

.dynsym
 *(.dynsym)

.dynstr
 *(.dynstr)

.gnu.version
 *(.gnu.version)

.gnu.version_d
 *(.gnu.version_d)

.gnu.version_r
 *(.gnu.version_r)

.rel.init
 *(.rel.init)

.rela.init
 *(.rela.init)

.rel.fini
 *(.rel.fini)

.rela.fini
 *(.rela.fini)

.rel.text
 *(.rel.text .rel.text.* .rel.gnu.linkonce.t.*)

.rela.text
 *(.rela.text .rela.text.* .rela.gnu.linkonce.t.*)

.rel.rodata
 *(.rel.rodata .rel.rodata.* .rel.gnu.linkonce.r.*)

.rela.rodata
 *(.rela.rodata .rela.rodata.* .rela.gnu.linkonce.r.*)

.rel.data
 *(.rel.data .rel.data.* .rel.gnu.linkonce.d.*)

.rela.data
 *(.rela.data .rela.data.* .rela.gnu.linkonce.d.*)

.rel.bss
 *(.rel.bss .rel.bss.* .rel.gnu.linkonce.b.*)

.rela.bss
 *(.rela.bss .rela.bss.* .rela.gnu.linkonce.b.*)

.rel.ctors
 *(.rel.ctors)

.rela.ctors
 *(.rela.ctors)

.rel.dtors
 *(.rel.dtors)

.rela.dtors
 *(.rela.dtors)

.rel.got
 *(.rel.got)

.rela.got
 *(.rela.got)

.rel.plt
 *(.rel.plt)

.rela.plt
 *(.rela.plt)

.text           0x00003100     0xc6c8
                0x00003100                . = ALIGN (0x2)
 *(.init .init.*)
 *(.init0)
 .init0         0x00003100        0x0 /usr/lib/gcc/msp430/4.6.3/mcpu-430x/mmpy-16/libcrt0.a(_reset_vector__.o)
                0x00003100                _reset_vector__
 *(.init1)
 .init1         0x00003100        0xc /usr/lib/gcc/msp430/4.6.3/mcpu-430x/mmpy-16/libcrt0.a(__watchdog_support.o)
                0x00003100                __watchdog_support
 *(.init2)
 .init2         0x0000310c        0x4 /usr/lib/gcc/msp430/4.6.3/mcpu-430x/mmpy-16/libcrt0.a(__init_stack.o)
                0x0000310c                __init_stack
 *(.init3)
 .init3         0x00003110        0x0 /usr/lib/gcc/msp430/4.6.3/mcpu-430x/mmpy-16/libcrt0.a(__low_level_init.o)
                0x00003110                __low_level_init
 *(.init4)
 .init4         0x00003110       0x18 /usr/lib/gcc/msp430/4.6.3/mcpu-430x/mmpy-16/libcrt0.a(_copy_data.o)
                0x00003110                __do_copy_data
 .init4         0x00003128       0x16 /usr/lib/gcc/msp430/4.6.3/mcpu-430x/mmpy-16/libcrt0.a(_clear_bss.o)
                0x00003128                __do_clear_bss
 *(.init5)
 *(.init6)
 *(.init7)
 *(.init8)
 *(.init9)
 .init9         0x0000313e      0x350 obj_z1/contiki-z1-main.o
                0x0000313e                main
 *(.fini9)
 .fini9         0x0000348e        0x0 /usr/lib/gcc/msp430/4.6.3/mcpu-430x/mmpy-16/libcrt0.a(__stop_progExec__.o)
                0x0000348e                __stop_progExec__
 *(.fini8)
 *(.fini7)
 *(.fini6)
 *(.fini5)
 *(.fini4)
 *(.fini3)
 *(.fini2)
 *(.fini1)
 *(.fini0)
 .fini0         0x0000348e        0x6 /usr/lib/gcc/msp430/4.6.3/mcpu-430x/mmpy-16/libcrt0.a(_endless_loop__.o)
                0x0000348e                _endless_loop__
 *(.fini .fini.*)
                0x00003494                . = ALIGN (0x2)
                0x00003494                __ctors_start = .
 *(.ctors)
                0x00003494                __ctors_end = .
                0x00003494                __dtors_start = .
 *(.dtors)
                0x00003494                __dtors_end = .
                0x00003494                . = ALIGN (0x2)
 *(.text .text.* .gnu.linkonce.t.*)
 .text          0x00003494        0x4 /usr/lib/gcc/msp430/4.6.3/mcpu-430x/mmpy-16/crt0ivtbl32.o
                0x00003494                __isr_14
                0x00003494                __isr_4
                0x00003494                __isr_29
                0x00003494                __isr_11
                0x00003494                __isr_5
                0x00003494                __isr_2
                0x00003494                __isr_10
                0x00003494                __isr_7
                0x00003494                __isr_0
                0x00003494                __isr_28
                0x00003494                __isr_8
                0x00003494                __isr_20
                0x00003494                __isr_3
                0x00003494                __isr_12
                0x00003494                __isr_13
                0x00003494                __isr_27
                0x00003494                __isr_9
                0x00003494                __isr_30
                0x00003494                __isr_6
                0x00003494                __isr_22
                0x00003494                __isr_1
                0x00003494                __isr_15
                0x00003494                __isr_21
 .text.crt0     0x00003498        0x0 /usr/lib/gcc/msp430/4.6.3/mcpu-430x/mmpy-16/crt0ivtbl32.o
 .text          0x00003498      0x2cc udp-client.co
                0x00003616                collect_common_set_sink
                0x00003618                collect_common_net_print
                0x0000366a                collect_common_send
                0x00003756                collect_common_net_init
 .text          0x00003764      0x26e obj_z1/collect-common.o
                0x0000391e                collect_common_set_send_active
                0x00003924                collect_common_recv
 .text          0x000039d2        0x6 obj_z1/contiki-z1-main.o
                0x000039d2                uip_log
 .text          0x000039d8      0x13c contiki-z1.a(collect-view.o)
                0x000039d8                collect_view_construct_message
 .text          0x00003b14       0x32 contiki-z1.a(collect-view-z1)
                0x00003b14                collect_view_arch_read_sensors
 .text          0x00003b46        0xc contiki-z1.a(contiki-z1-plat)
                0x00003b46                init_platform
 .text          0x00003b52       0xe8 contiki-z1.a(msp430.o)
                0x00003b52                msp430_init_dco
                0x00003b7a                msp430_add_lpm_req
                0x00003b86                msp430_remove_lpm_req
                0x00003b92                splhigh_
                0x00003b9a                msp430_sync_dco
                0x00003c0c                msp430_cpu_init
 .text          0x00003c3a      0x146 contiki-z1.a(leds.o)
                0x00003d28                leds_init
                0x00003d32                leds_get
                0x00003d38                leds_set
                0x00003d3e                leds_on
                0x00003d48                leds_off
                0x00003d56                leds_toggle
                0x00003d60                leds_blink
 .text          0x00003d80       0x5c contiki-z1.a(watchdog.o)
                0x00003d80                __isr_26
                0x00003d80                watchdog_interrupt
                0x00003d86                watchdog_start
                0x00003d9a                watchdog_periodic
                0x00003dac                watchdog_stop
                0x00003dc2                watchdog_init
                0x00003dd6                watchdog_reboot
 .text          0x00003ddc      0x350 contiki-z1.a(xmem.o)
                0x00003e54                xmem_init
                0x00003e72                xmem_pread
                0x00003f42                xmem_pwrite
                0x00004076                xmem_erase
 .text          0x0000412c       0x38 contiki-z1.a(spi.o)
                0x0000412c                spi_init
 .text          0x00004164      0xb74 contiki-z1.a(cc2420.o)
                0x0000459a                cc2420_on
                0x000045bc                cc2420_off
                0x000047e6                cc2420_get_channel
                0x000047ec                cc2420_set_channel
                0x00004826                cc2420_set_pan_addr
                0x00004872                cc2420_interrupt
                0x0000488a                cc2420_set_txpower
                0x00004898                cc2420_get_txpower
                0x000049d4                cc2420_rssi
                0x00004b1e                cc2420_set_cca_threshold
                0x00004be8                cc2420_init
 .text          0x00004cd8       0x1a contiki-z1.a(cc2420-arch.o)
                0x00004cd8                cc2420_arch_init
 .text          0x00004cf2       0x9a contiki-z1.a(node-id.o)
                0x00004cf2                node_id_restore
                0x00004d3e                node_id_burn
 .text          0x00004d8c      0x158 contiki-z1.a(sensors.o)
                0x00004e4a                sensors_first
                0x00004e50                sensors_next
                0x00004e7c                sensors_changed
                0x00004ea6                sensors_find
 .text          0x00004ee4       0xe6 contiki-z1.a(uart0.o)
                0x00004ee4                uart0_active
                0x00004ef2                uart0_set_input
                0x00004ef8                uart0_writeb
                0x00004f10                uart0_init
                0x00004f64                __isr_23
                0x00004f64                uart0_rx_interrupt
 .text          0x00004fca       0x10 contiki-z1.a(uart0-putchar.o)
                0x00004fca                putchar
 .text          0x00004fda        0x0 contiki-z1.a(z1-sensors.o)
 .text          0x00004fda      0x394 contiki-z1.a(adxl345.o)
                0x000050ee                accm_read_axis
                0x00005174                accm_set_grange
                0x000051a4                accm_init
                0x0000521a                accm_stop
                0x00005272                accm_set_irq
                0x000052aa                port1_isr
                0x000052aa                __isr_18
 .text          0x0000536e      0x172 contiki-z1.a(tmp102.o)
                0x00005380                tmp102_init
                0x000053a4                tmp102_stop
                0x000053d6                tmp102_write_reg
                0x0000540e                tmp102_read_reg
                0x0000546e                tmp102_read_temp_raw
                0x00005476                tmp102_read_temp_x100
                0x000054d2                tmp102_read_temp_simple
 .text          0x000054e0      0x1e8 contiki-z1.a(clock.o)
                0x000054e0                __isr_24
                0x000054e0                timera1
                0x000055ea                clock_time
                0x00005604                clock_set
                0x0000561a                clock_fine_max
                0x00005620                clock_fine
                0x0000562c                clock_init
                0x00005654                clock_delay
                0x00005660                clock_wait
                0x00005688                clock_set_seconds
                0x000056a0                clock_seconds
                0x000056ba                clock_counter
 .text          0x000056c8       0x78 contiki-z1.a(leds-arch.o)
                0x000056c8                leds_arch_init
                0x000056d6                leds_arch_get
                0x00005706                leds_arch_set
 .text          0x00005740       0x7e contiki-z1.a(rtimer-arch.o)
                0x00005740                rtimer_arch_init
                0x0000574e                rtimer_arch_now
                0x0000575c                __isr_25
                0x0000575c                timera0
                0x000057b8                rtimer_arch_schedule
 .text          0x000057be       0x2a contiki-z1.a(autostart.o)
                0x000057be                autostart_start
                0x000057d4                autostart_exit
 .text          0x000057e8      0x1c4 contiki-z1.a(ctimer.o)
                0x00005884                ctimer_init
                0x0000589c                ctimer_set_with_process
                0x000058ea                ctimer_set
                0x000058fa                ctimer_reset
                0x00005926                ctimer_restart
                0x00005952                ctimer_stop
                0x0000597a                ctimer_expired
 .text          0x000059ac       0xae contiki-z1.a(energest.o)
                0x000059ac                energest_init
                0x000059d4                energest_type_time
                0x00005a10                energest_leveldevice_leveltime
                0x00005a16                energest_type_set
                0x00005a22                energest_flush
 .text          0x00005a5a      0x270 contiki-z1.a(etimer.o)
                0x00005aca                etimer_request_poll
                0x00005bd4                etimer_set
                0x00005be6                etimer_reset_with_new_interval
                0x00005c04                etimer_reset
                0x00005c16                etimer_restart
                0x00005c28                etimer_adjust
                0x00005c42                etimer_expired
                0x00005c50                etimer_expiration_time
                0x00005c64                etimer_start_time
                0x00005c6c                etimer_pending
                0x00005c78                etimer_next_expiration_time
                0x00005c8e                etimer_stop
 .text          0x00005cca      0x282 contiki-z1.a(process.o)
                0x00005dca                process_alloc_event
                0x00005dd8                process_exit
                0x00005de2                process_init
                0x00005dfe                process_run
                0x00005e8a                process_nevents
                0x00005e98                process_post
                0x00005ee2                process_post_synch
                0x00005ef4                process_start
                0x00005f26                process_poll
                0x00005f3e                process_is_running
 .text          0x00005f4c       0x50 contiki-z1.a(rtimer.o)
                0x00005f4c                rtimer_init
                0x00005f52                rtimer_set
                0x00005f76                rtimer_run_next
 .text          0x00005f9c       0x8c contiki-z1.a(timer.o)
                0x00005f9c                timer_set
                0x00005fb8                timer_reset
                0x00005fc6                timer_restart
                0x00005fda                timer_expired
                0x00006004                timer_remaining
 .text          0x00006028      0x102 contiki-z1.a(serial-line.o)
                0x000060c4                serial_line_input_byte
                0x0000610e                serial_line_init
 .text          0x0000612a       0xf6 contiki-z1.a(list.o)
                0x0000612a                list_init
                0x00006130                list_head
                0x00006134                list_copy
                0x0000613a                list_tail
                0x0000614c                list_chop
                0x00006170                list_pop
                0x0000617e                list_remove
                0x000061b2                list_push
                0x000061c8                list_add
                0x000061ee                list_length
                0x000061fe                list_insert
                0x00006214                list_item_next
 .text          0x00006220        0xc contiki-z1.a(random.o)
                0x00006220                random_init
                0x00006226                random_rand
 .text          0x0000622c       0x96 contiki-z1.a(ringbuf.o)
                0x0000622c                ringbuf_init
                0x00006240                ringbuf_put
                0x00006278                ringbuf_get
                0x000062a8                ringbuf_size
                0x000062b0                ringbuf_elements
 .text          0x000062c2     0x1126 contiki-z1.a(sicslowpan.o)
                0x00006c9e                sicslowpan_init
                0x000073d6                rime_sniffer_add
                0x000073dc                rime_sniffer_remove
                0x000073e2                sicslowpan_get_last_rssi
 .text          0x000073e8     0x12b4 contiki-z1.a(uip6.o)
                0x0000753c                uip_add32
                0x000075a0                uip_chksum
                0x000075b8                uip_icmp6chksum
                0x000075c2                uip_tcpchksum
                0x000075cc                uip_udpchksum
                0x000075d6                uip_init
                0x0000762c                uip_connect
                0x00007732                remove_ext_hdr
                0x00007784                uip_udp_new
                0x00007824                uip_unlisten
                0x00007840                uip_listen
                0x0000785e                uip_process
                0x000085fe                uip_htons
                0x0000860a                uip_htonl
                0x00008634                uip_send
 .text.unlikely
                0x0000869c       0x2e contiki-z1.a(uip6.o)
 .text          0x000086ca      0x688 contiki-z1.a(uip-ds6.o)
                0x000086ca                uip_ds6_list_loop
                0x00008730                uip_ds6_prefix_add
                0x000087a0                uip_ds6_prefix_rm
                0x000087aa                uip_ds6_prefix_lookup
                0x000087d2                uip_ds6_is_addr_onlink
                0x00008814                uip_ds6_addr_lookup
                0x0000883e                uip_ds6_get_link_local
                0x0000887c                uip_ds6_get_global
                0x000088ba                uip_ds6_maddr_add
                0x00008902                uip_ds6_addr_add
                0x000089b6                uip_ds6_maddr_rm
                0x000089c0                uip_ds6_maddr_lookup
                0x000089ea                uip_ds6_addr_rm
                0x00008a3e                uip_ds6_periodic
                0x00008a84                uip_ds6_aaddr_add
                0x00008aca                uip_ds6_aaddr_rm
                0x00008ad4                uip_ds6_aaddr_lookup
                0x00008afc                uip_ds6_set_addr_iid
                0x00008b10                get_match_length
                0x00008b4a                uip_ds6_select_src
                0x00008be4                uip_ds6_compute_reachable_time
                0x00008c1a                uip_ds6_init
 .text          0x00008d52      0x12c contiki-z1.a(uip-ds6-nbr.o)
                0x00008d52                uip_ds6_nbr_rm
                0x00008d70                uip_ds6_neighbors_init
                0x00008d82                uip_ds6_nbr_add
                0x00008db8                uip_ds6_nbr_get_ipaddr
                0x00008dba                uip_ds6_nbr_get_ll
                0x00008dc6                uip_ds6_nbr_num
                0x00008dea                uip_ds6_nbr_lookup
                0x00008e28                uip_ds6_nbr_ll_lookup
                0x00008e34                uip_ds6_nbr_ipaddr_from_lladdr
                0x00008e3a                uip_ds6_nbr_lladdr_from_ipaddr
                0x00008e4c                uip_ds6_link_neighbor_callback
 .text          0x00008e7e      0x55a contiki-z1.a(uip-ds6-route.o)
                0x00008ebe                uip_ds6_notification_add
                0x00008ed6                uip_ds6_notification_rm
                0x00008ee2                uip_ds6_route_init
                0x00008f18                uip_ds6_route_nexthop
                0x00008f32                uip_ds6_route_head
                0x00008f3c                uip_ds6_route_next
                0x00008f92                uip_ds6_route_is_nexthop
                0x00008fb0                uip_ds6_route_num_routes
                0x00008fb6                uip_ds6_route_lookup
                0x00009024                uip_ds6_route_rm
                0x00009128                uip_ds6_route_add
                0x0000923c                uip_ds6_route_rm_by_nexthop
                0x00009250                uip_ds6_defrt_head
                0x0000925a                uip_ds6_defrt_rm
                0x000092b6                uip_ds6_defrt_lookup
                0x000092e8                uip_ds6_defrt_add
                0x0000936a                uip_ds6_defrt_choose
                0x000093a0                uip_ds6_defrt_periodic
 .text          0x000093d8      0x3e4 contiki-z1.a(uip-icmp6.o)
                0x0000954c                uip_icmp6_input
                0x0000958c                uip_icmp6_register_input_handler
                0x00009598                uip_icmp6_error_output
                0x00009700                uip_icmp6_send
                0x00009786                uip_icmp6_echo_reply_callback_add
                0x0000979e                uip_icmp6_echo_reply_callback_rm
                0x000097aa                uip_icmp6_init
 .text          0x000097bc      0x26c contiki-z1.a(uip-nd6.o)
                0x00009a1e                uip_nd6_init
 .text          0x00009a28      0x408 contiki-z1.a(tcpip.o)
                0x00009a3e                tcpip_output
                0x00009a4e                tcpip_set_outputfunc
                0x00009a54                tcp_unlisten
                0x00009a7a                tcp_listen
                0x00009a9e                tcp_attach
                0x00009aaa                udp_attach
                0x00009ab6                udp_new
                0x00009ad0                udp_broadcast_new
                0x00009b16                tcpip_input
                0x00009b2c                tcpip_ipv6_output
                0x00009d8e                tcpip_poll_udp
                0x00009d9c                tcpip_poll_tcp
                0x00009daa                tcp_connect
                0x00009dcc                tcpip_uipcall
 .text          0x00009e30       0xba contiki-z1.a(uip-debug.o)
                0x00009e30                uip_debug_ipaddr_print
 .text          0x00009eea       0x80 contiki-z1.a(uip-udp-packet.)
                0x00009eea                uip_udp_packet_send
                0x00009f14                uip_udp_packet_sendto
 .text          0x00009f6a      0x2a6 contiki-z1.a(rpl.o)
                0x00009f6a                rpl_get_mode
                0x00009f70                rpl_set_mode
                0x00009fc2                rpl_purge_routes
                0x0000a056                rpl_remove_routes
                0x0000a078                rpl_remove_routes_by_nexthop
                0x0000a0b6                rpl_add_route
                0x0000a104                rpl_link_neighbor_callback
                0x0000a150                rpl_ipv6_neighbor_callback
                0x0000a16e                rpl_purge_dags
                0x0000a1cc                rpl_init
 .text          0x0000a210     0x1212 contiki-z1.a(rpl-dag.o)
                0x0000a378                rpl_dag_init
                0x0000a386                rpl_get_parent
                0x0000a392                rpl_get_parent_rank
                0x0000a3aa                rpl_get_parent_link_metric
                0x0000a3d8                rpl_rank_via_parent
                0x0000a406                rpl_get_parent_lladdr
                0x0000a412                rpl_get_nbr
                0x0000a42a                rpl_get_parent_ipaddr
                0x0000a434                rpl_get_parent_link_stats
                0x0000a43e                rpl_print_neighbor_list
                0x0000a54c                rpl_parent_is_fresh
                0x0000a5c6                rpl_parent_is_reachable
                0x0000a60c                rpl_set_prefix
                0x0000a680                rpl_set_default_route
                0x0000a6ba                rpl_alloc_instance
                0x0000a6ee                rpl_set_default_instance
                0x0000a6f4                rpl_get_default_instance
                0x0000a6fa                rpl_add_parent
                0x0000a734                rpl_find_parent
                0x0000a74c                rpl_find_parent_any_dag
                0x0000a76c                rpl_select_parent
                0x0000a7ce                rpl_select_dag
                0x0000a93c                rpl_nullify_parent
                0x0000a998                rpl_remove_parent
                0x0000a9e0                rpl_free_dag
                0x0000aa24                rpl_free_instance
                0x0000aa8c                rpl_move_parent
                0x0000aaec                rpl_has_downward_route
                0x0000ab02                rpl_get_dag
                0x0000ab5e                rpl_get_any_dag
                0x0000ab76                rpl_get_instance
                0x0000ab90                rpl_alloc_dag
                0x0000abec                rpl_repair_root
                0x0000ac3c                rpl_find_of
                0x0000ac4c                rpl_set_root
                0x0000ad7a                rpl_join_instance
                0x0000aebe                rpl_local_repair
                0x0000af3c                rpl_process_parent_event
                0x0000afbe                rpl_recalculate_ranks
                0x0000b004                rpl_add_dag
                0x0000b108                rpl_process_dio
 .text          0x0000b422      0x332 contiki-z1.a(rpl-ext-header.)
                0x0000b582                rpl_verify_hbh_header
                0x0000b67a                rpl_remove_header
                0x0000b6f0                rpl_update_header
 .text          0x0000b754      0xa6e contiki-z1.a(rpl-icmp6.o)
                0x0000ba8e                rpl_icmp6_update_nbr_table
                0x0000bd2c                dis_output
                0x0000bd7c                dio_output
                0x0000c006                dao_output_target
                0x0000c0fe                dao_output
                0x0000c19e                dao_ack_output
                0x0000c1a0                rpl_icmp6_register_handlers
 .text          0x0000c1c2      0x190 contiki-z1.a(rpl-mrhof.o)
 .text          0x0000c352      0x504 contiki-z1.a(rpl-timers.o)
                0x0000c620                rpl_reset_periodic_timer
                0x0000c67c                rpl_reset_dio_timer
                0x0000c694                rpl_schedule_dao
                0x0000c6a0                rpl_schedule_dao_immediately
                0x0000c6aa                rpl_cancel_dao
                0x0000c6c4                rpl_schedule_unicast_dio_immediately
                0x0000c6da                get_probing_delay
                0x0000c71a                get_probing_target
                0x0000c7fc                rpl_schedule_probing
 .text          0x0000c856       0x26 contiki-z1.a(linkaddr.o)
                0x0000c856                linkaddr_copy
                0x0000c85e                linkaddr_cmp
                0x0000c870                linkaddr_set_node_addr
 .text          0x0000c87c      0x238 contiki-z1.a(link-stats.o)
                0x0000c8a8                link_stats_from_lladdr
                0x0000c8b4                link_stats_is_fresh
                0x0000c8e4                guess_etx_from_rssi
                0x0000c926                link_stats_packet_sent
                0x0000c9e6                link_stats_input_callback
                0x0000ca92                link_stats_init
 .text          0x0000cab4      0x4fc contiki-z1.a(nbr-table.o)
                0x0000cc8a                nbr_table_register
                0x0000ccb0                nbr_table_next
                0x0000cd28                nbr_table_head
                0x0000cd5a                nbr_table_add_lladdr
                0x0000ce7a                nbr_table_get_from_lladdr
                0x0000cebe                nbr_table_remove
                0x0000cee8                nbr_table_lock
                0x0000cef8                nbr_table_unlock
                0x0000cf08                nbr_table_get_lladdr
                0x0000cf5c                nbr_table_update_lladdr
 .text          0x0000cfb0      0x1be contiki-z1.a(packetbuf.o)
                0x0000cfb0                packetbuf_hdrreduce
                0x0000cfca                packetbuf_set_datalen
                0x0000cfd0                packetbuf_hdrptr
                0x0000cfd6                packetbuf_datalen
                0x0000cfdc                packetbuf_hdrlen
                0x0000cfe6                packetbuf_dataptr
                0x0000cff2                packetbuf_copyto
                0x0000d02c                packetbuf_compact
                0x0000d062                packetbuf_totlen
                0x0000d06e                packetbuf_hdralloc
                0x0000d0a8                packetbuf_remaininglen
                0x0000d0b6                packetbuf_attr_clear
                0x0000d0de                packetbuf_clear
                0x0000d0f0                packetbuf_copyfrom
                0x0000d11a                packetbuf_attr_copyto
                0x0000d13c                packetbuf_attr_copyfrom
                0x0000d160                packetbuf_holds_broadcast
 .text          0x0000d16e      0x13c contiki-z1.a(queuebuf.o)
                0x0000d16e                queuebuf_init
                0x0000d180                queuebuf_numfree
                0x0000d18a                queuebuf_new_from_packetbuf
                0x0000d1d8                queuebuf_update_attr_from_packetbuf
                0x0000d1ea                queuebuf_update_from_packetbuf
                0x0000d20c                queuebuf_free
                0x0000d236                queuebuf_to_packetbuf
                0x0000d268                queuebuf_dataptr
                0x0000d284                queuebuf_datalen
                0x0000d28c                queuebuf_addr
                0x0000d29a                queuebuf_attr
                0x0000d2a8                queuebuf_debug_print
 .text          0x0000d2aa      0x38a contiki-z1.a(csma.o)
 .text          0x0000d634      0x1c6 contiki-z1.a(framer-802154.o)
 .text          0x0000d7fa       0x14 contiki-z1.a(mac.o)
                0x0000d7fa                mac_call_sent_callback
 .text          0x0000d80e      0x5fc contiki-z1.a(contikimac.o)
                0x0000de06                contikimac_debug_print
 .text          0x0000de0a       0x12 contiki-z1.a(nullsec.o)
 .text          0x0000de1c      0x1b2 contiki-z1.a(i2cmaster.o)
                0x0000de1c                i2c_setrate
                0x0000de22                i2c_receiveinit
                0x0000de5a                i2c_transmitinit
                0x0000de8c                i2c_receive_n
                0x0000ded0                i2c_busy
                0x0000deda                i2c_enable
                0x0000defe                i2c_disable
                0x0000df18                i2c_transmit_n
                0x0000df2c                __isr_16
                0x0000df2c                i2c_tx_interrupt
                0x0000dfb6                i2c_rx_interrupt
                0x0000dfb6                __isr_17
 .text          0x0000dfce      0x100 contiki-z1.a(button-sensor.o)
                0x0000e058                irq_p2
                0x0000e058                __isr_19
 .text          0x0000e0ce       0xa4 contiki-z1.a(stimer.o)
                0x0000e0ce                stimer_set
                0x0000e0ea                stimer_reset
                0x0000e0f8                stimer_restart
                0x0000e10c                stimer_expired
                0x0000e13c                stimer_remaining
                0x0000e160                stimer_elapsed
 .text          0x0000e172      0x102 contiki-z1.a(memb.o)
                0x0000e172                memb_init
                0x0000e1a8                memb_alloc
                0x0000e1e6                memb_free
                0x0000e220                memb_inmemb
                0x0000e24e                memb_numfree
 .text          0x0000e274      0x1a2 contiki-z1.a(rpl-nbr-policy.)
                0x0000e360                find_removable_dis
                0x0000e376                find_removable_dio
                0x0000e3b2                find_removable_dao
                0x0000e3e6                rpl_nbr_policy_find_removable
 .text          0x0000e416      0x5f8 contiki-z1.a(frame802154.o)
                0x0000e416                frame802154_get_pan_id
                0x0000e41c                frame802154_set_pan_id
                0x0000e422                frame802154_has_panid
                0x0000e5ac                frame802154_check_dest_panid
                0x0000e5e8                frame802154_is_broadcast_addr
                0x0000e60c                frame802154_extract_linkaddr
                0x0000e698                frame802154_hdrlen
                0x0000e6ca                frame802154_create_fcf
                0x0000e738                frame802154_create
                0x0000e80c                frame802154_parse_fcf
                0x0000e896                frame802154_parse
 .text          0x0000ea0e       0xd0 contiki-z1.a(mac-sequence.o)
                0x0000ea0e                mac_sequence_is_duplicate
                0x0000ea66                mac_sequence_register_seqno
 .text          0x0000eade        0x0 /usr/lib/gcc/msp430/4.6.3/mcpu-430x/mmpy-16/libgcc.a(_mulsi3.o)
 .text.libgcc   0x0000eade       0x2a /usr/lib/gcc/msp430/4.6.3/mcpu-430x/mmpy-16/libgcc.a(_mulsi3.o)
                0x0000eade                __mulsi3
 .text          0x0000eb08        0x0 /usr/lib/gcc/msp430/4.6.3/mcpu-430x/mmpy-16/libgcc.a(_udivmod16.o)
 .text.libgcc   0x0000eb08       0x22 /usr/lib/gcc/msp430/4.6.3/mcpu-430x/mmpy-16/libgcc.a(_udivmod16.o)
                0x0000eb08                __udivhi3
                0x0000eb08                __ext_udivmod16
                0x0000eb22                __umodhi3
 .text          0x0000eb2a        0x0 /usr/lib/gcc/msp430/4.6.3/mcpu-430x/mmpy-16/libgcc.a(_divmod16.o)
 .text.libgcc   0x0000eb2a       0x3a /usr/lib/gcc/msp430/4.6.3/mcpu-430x/mmpy-16/libgcc.a(_divmod16.o)
                0x0000eb2a                __ext_divmod16
                0x0000eb2a                __divhi3
                0x0000eb5c                __modhi3
 .text          0x0000eb64        0x0 /usr/lib/gcc/msp430/4.6.3/mcpu-430x/mmpy-16/libgcc.a(_udivmod32.o)
 .text.libgcc   0x0000eb64       0x38 /usr/lib/gcc/msp430/4.6.3/mcpu-430x/mmpy-16/libgcc.a(_udivmod32.o)
                0x0000eb64                __udivsi3
                0x0000eb64                __ext_udivmod32
                0x0000eb92                __umodsi3
 .text          0x0000eb9c        0x0 /usr/lib/gcc/msp430/4.6.3/mcpu-430x/mmpy-16/libgcc.a(_divmod32.o)
 .text.libgcc   0x0000eb9c       0x4c /usr/lib/gcc/msp430/4.6.3/mcpu-430x/mmpy-16/libgcc.a(_divmod32.o)
                0x0000eb9c                __ext_divmod32
                0x0000eb9c                __divsi3
                0x0000ebde                __modsi3
 .text          0x0000ebe8       0x28 /usr/lib/gcc/msp430/4.6.3/../../../../msp430/lib/mcpu-430x/mmpy-16/libc.a(strncmp.o)
                0x0000ebe8                strncmp
 .text          0x0000ec10       0x20 /usr/lib/gcc/msp430/4.6.3/../../../../msp430/lib/mcpu-430x/mmpy-16/libc.a(memcmp.o)
                0x0000ec10                memcmp
 .text          0x0000ec30       0xe4 /usr/lib/gcc/msp430/4.6.3/../../../../msp430/lib/mcpu-430x/mmpy-16/libc.a(memcpy.o)
                0x0000ec30                memcpy
 .text          0x0000ed14       0xe4 /usr/lib/gcc/msp430/4.6.3/../../../../msp430/lib/mcpu-430x/mmpy-16/libc.a(memmove.o)
                0x0000ed14                memmove
 .text          0x0000edf8       0x5c /usr/lib/gcc/msp430/4.6.3/../../../../msp430/lib/mcpu-430x/mmpy-16/libc.a(memset.o)
                0x0000edf8                memset
 .text          0x0000ee54       0x1e /usr/lib/gcc/msp430/4.6.3/../../../../msp430/lib/mcpu-430x/mmpy-16/libc.a(printf.o)
                0x0000ee54                printf
                0x0000ee64                vprintf
 .text          0x0000ee72      0x818 /usr/lib/gcc/msp430/4.6.3/../../../../msp430/lib/mcpu-430x/mmpy-16/libc.a(vuprintf.o)
                0x0000efee                vuprintf
 .text          0x0000f68a       0x2c /usr/lib/gcc/msp430/4.6.3/../../../../msp430/lib/mcpu-430x/mmpy-16/libc.a(puts.o)
                0x0000f68a                puts
 .text          0x0000f6b6       0x54 /usr/lib/gcc/msp430/4.6.3/../../../../msp430/lib/mcpu-430x/mmpy-16/libc.a(rand.o)
                0x0000f6b6                rand_r
                0x0000f6da                rand
                0x0000f700                srand
 .text          0x0000f70a        0x0 /usr/lib/gcc/msp430/4.6.3/mcpu-430x/mmpy-16/libgcc.a(_udivmod64.o)
 .text.libgcc   0x0000f70a       0xbc /usr/lib/gcc/msp430/4.6.3/mcpu-430x/mmpy-16/libgcc.a(_udivmod64.o)
                0x0000f70a                __xabi_udivmod64
                0x0000f75c                __udivdi3
                0x0000f776                __umoddi3
                0x0000f798                __udivmoddi4
 .text          0x0000f7c6        0x0 /usr/lib/gcc/msp430/4.6.3/mcpu-430x/mmpy-16/libcrt0.a(_reset_vector__.o)
 .text          0x0000f7c6        0x0 /usr/lib/gcc/msp430/4.6.3/mcpu-430x/mmpy-16/libcrt0.a(__watchdog_support.o)
 .text          0x0000f7c6        0x0 /usr/lib/gcc/msp430/4.6.3/mcpu-430x/mmpy-16/libcrt0.a(__init_stack.o)
 .text          0x0000f7c6        0x0 /usr/lib/gcc/msp430/4.6.3/mcpu-430x/mmpy-16/libcrt0.a(__low_level_init.o)
 .text          0x0000f7c6        0x0 /usr/lib/gcc/msp430/4.6.3/mcpu-430x/mmpy-16/libcrt0.a(_copy_data.o)
 .text          0x0000f7c6        0x0 /usr/lib/gcc/msp430/4.6.3/mcpu-430x/mmpy-16/libcrt0.a(_clear_bss.o)
 .text          0x0000f7c6        0x0 /usr/lib/gcc/msp430/4.6.3/mcpu-430x/mmpy-16/libcrt0.a(__stop_progExec__.o)
 .text          0x0000f7c6        0x0 /usr/lib/gcc/msp430/4.6.3/mcpu-430x/mmpy-16/libcrt0.a(_endless_loop__.o)
 .text          0x0000f7c6        0x0 /usr/lib/gcc/msp430/4.6.3/mcpu-430x/mmpy-16/libcrt0.a(_unexpected_.o)
 .text.crt0     0x0000f7c6        0x2 /usr/lib/gcc/msp430/4.6.3/mcpu-430x/mmpy-16/libcrt0.a(_unexpected_.o)
                0x0000f7c6                _unexpected_
                0x0000f7c8                . = ALIGN (0x2)

.rodata         0x0000f7c8      0x616
                0x0000f7c8                . = ALIGN (0x2)
 *(.rodata .rodata.* .gnu.linkonce.r.*)
 .rodata        0x0000f7c8       0xe8 udp-client.co
                0x0000f896                autostart_processes
 .rodata        0x0000f8b0       0xca obj_z1/collect-common.o
 .rodata        0x0000f97a      0x118 obj_z1/contiki-z1-main.o
 .rodata        0x0000fa92       0x2c contiki-z1.a(xmem.o)
 .rodata        0x0000fabe       0x70 contiki-z1.a(cc2420.o)
                0x0000faf0                cc2420_aes_128_driver
                0x0000faf4                cc2420_driver
 .rodata        0x0000fb2e        0x8 contiki-z1.a(sensors.o)
 .rodata        0x0000fb36       0x2e contiki-z1.a(adxl345.o)
                0x0000fb46                adxl345
 .rodata        0x0000fb64       0x16 contiki-z1.a(tmp102.o)
                0x0000fb72                tmp102
 .rodata        0x0000fb7a        0xf contiki-z1.a(ctimer.o)
 .rodata        0x0000fb89        0xc contiki-z1.a(etimer.o)
 .rodata        0x0000fb95        0xe contiki-z1.a(serial-line.o)
 *fill*         0x0000fba3        0x1 00
 .rodata        0x0000fba4       0x24 contiki-z1.a(sicslowpan.o)
                0x0000fbb0                sicslowpan_driver
                0x0000fbb6                llprefix
                0x0000fbb8                unc_mxconf
                0x0000fbbc                unc_ctxconf
                0x0000fbc0                unc_llconf
 .rodata        0x0000fbc8       0x20 contiki-z1.a(uip6.o)
 .rodata        0x0000fbe8       0xd5 contiki-z1.a(uip-ds6-route.o)
 .rodata        0x0000fcbd        0xd contiki-z1.a(tcpip.o)
 .rodata        0x0000fcca       0x28 contiki-z1.a(uip-debug.o)
 .rodata        0x0000fcf2       0x84 contiki-z1.a(rpl-dag.o)
 .rodata        0x0000fd76        0x8 contiki-z1.a(linkaddr.o)
                0x0000fd76                linkaddr_null
 .rodata        0x0000fd7e       0x14 contiki-z1.a(csma.o)
                0x0000fd84                csma_driver
 .rodata        0x0000fd92        0x6 contiki-z1.a(framer-802154.o)
                0x0000fd92                framer_802154
 .rodata        0x0000fd98       0x1c contiki-z1.a(contikimac.o)
                0x0000fda4                contikimac_driver
 .rodata        0x0000fdb4       0x10 contiki-z1.a(nullsec.o)
                0x0000fdbc                nullsec_driver
 .rodata        0x0000fdc4       0x10 contiki-z1.a(button-sensor.o)
                0x0000fdcc                button_sensor
 .rodata        0x0000fdd4        0x2 contiki-z1.a(frame802154.o)
 .rodata        0x0000fdd6        0x7 /usr/lib/gcc/msp430/4.6.3/../../../../msp430/lib/mcpu-430x/mmpy-16/libc.a(vuprintf.o)
                0x0000fdde                . = ALIGN (0x2)
 *fill*         0x0000fddd        0x1 00
                0x0000fdde                _etext = .

.data           0x00001100      0x132 load address 0x0000fdde
                0x00001100                . = ALIGN (0x2)
                0x00001100                PROVIDE (__data_start, .)
 *(.data .data.* .gnu.linkonce.d.*)
 .data          0x00001100        0x0 /usr/lib/gcc/msp430/4.6.3/mcpu-430x/mmpy-16/crt0ivtbl32.o
 .data          0x00001100        0xa udp-client.co
                0x00001100                udp_client_process
 .data          0x0000110a        0xc obj_z1/collect-common.o
                0x0000110a                collect_common_process
 .data          0x00001116        0x0 obj_z1/contiki-z1-main.o
 .data          0x00001116        0x0 contiki-z1.a(collect-view.o)
 .data          0x00001116        0x0 contiki-z1.a(collect-view-z1)
 .data          0x00001116        0x0 contiki-z1.a(contiki-z1-plat)
 .data          0x00001116        0x2 contiki-z1.a(msp430.o)
 .data          0x00001118        0x0 contiki-z1.a(leds.o)
 .data          0x00001118        0x0 contiki-z1.a(watchdog.o)
 .data          0x00001118        0x0 contiki-z1.a(xmem.o)
 .data          0x00001118        0x0 contiki-z1.a(spi.o)
 .data          0x00001118        0xc contiki-z1.a(cc2420.o)
                0x00001118                cc2420_process
 .data          0x00001124        0x0 contiki-z1.a(cc2420-arch.o)
 .data          0x00001124        0x0 contiki-z1.a(node-id.o)
 .data          0x00001124        0xa contiki-z1.a(sensors.o)
                0x00001124                sensors_process
 .data          0x0000112e        0x0 contiki-z1.a(uart0.o)
 .data          0x0000112e        0x0 contiki-z1.a(uart0-putchar.o)
 .data          0x0000112e        0x8 contiki-z1.a(z1-sensors.o)
                0x0000112e                sensors
 .data          0x00001136       0x20 contiki-z1.a(adxl345.o)
                0x00001136                accmeter_process
 .data          0x00001156        0x0 contiki-z1.a(tmp102.o)
 .data          0x00001156        0x0 contiki-z1.a(clock.o)
 .data          0x00001156        0x0 contiki-z1.a(leds-arch.o)
 .data          0x00001156        0x0 contiki-z1.a(rtimer-arch.o)
 .data          0x00001156        0x0 contiki-z1.a(autostart.o)
 .data          0x00001156        0xa contiki-z1.a(ctimer.o)
                0x00001156                ctimer_process
 .data          0x00001160        0x0 contiki-z1.a(energest.o)
 .data          0x00001160        0xa contiki-z1.a(etimer.o)
                0x00001160                etimer_process
 .data          0x0000116a        0x0 contiki-z1.a(process.o)
 .data          0x0000116a        0x0 contiki-z1.a(rtimer.o)
 .data          0x0000116a        0x0 contiki-z1.a(timer.o)
 .data          0x0000116a        0xa contiki-z1.a(serial-line.o)
                0x0000116a                serial_line_process
 .data          0x00001174        0x0 contiki-z1.a(list.o)
 .data          0x00001174        0x0 contiki-z1.a(random.o)
 .data          0x00001174        0x0 contiki-z1.a(ringbuf.o)
 .data          0x00001174        0x0 contiki-z1.a(sicslowpan.o)
 .data          0x00001174        0x0 contiki-z1.a(uip6.o)
 .data          0x00001174        0x0 contiki-z1.a(uip-ds6.o)
 .data          0x00001174        0xa contiki-z1.a(uip-ds6-nbr.o)
                0x00001174                ds6_neighbors
 .data          0x0000117e       0x22 contiki-z1.a(uip-ds6-route.o)
                0x0000117e                nbr_routes
 .data          0x000011a0        0xc contiki-z1.a(uip-icmp6.o)
 .data          0x000011ac        0x6 contiki-z1.a(uip-nd6.o)
 .data          0x000011b2        0xa contiki-z1.a(tcpip.o)
                0x000011b2                tcpip_process
 .data          0x000011bc        0x0 contiki-z1.a(uip-debug.o)
 .data          0x000011bc        0x0 contiki-z1.a(uip-udp-packet.)
 .data          0x000011bc        0x0 contiki-z1.a(rpl.o)
 .data          0x000011bc        0xa contiki-z1.a(rpl-dag.o)
                0x000011bc                rpl_parents
 .data          0x000011c6        0x0 contiki-z1.a(rpl-ext-header.)
 .data          0x000011c6       0x1a contiki-z1.a(rpl-icmp6.o)
 .data          0x000011e0       0x12 contiki-z1.a(rpl-mrhof.o)
                0x000011e0                rpl_mrhof
 .data          0x000011f2        0x0 contiki-z1.a(rpl-timers.o)
 .data          0x000011f2        0x0 contiki-z1.a(linkaddr.o)
 .data          0x000011f2        0x8 contiki-z1.a(link-stats.o)
 .data          0x000011fa        0x8 contiki-z1.a(nbr-table.o)
 .data          0x00001202        0x0 contiki-z1.a(packetbuf.o)
 .data          0x00001202       0x10 contiki-z1.a(queuebuf.o)
 .data          0x00001212       0x18 contiki-z1.a(csma.o)
 .data          0x0000122a        0x0 contiki-z1.a(framer-802154.o)
 .data          0x0000122a        0x0 contiki-z1.a(mac.o)
 .data          0x0000122a        0x0 contiki-z1.a(contikimac.o)
 .data          0x0000122a        0x0 contiki-z1.a(nullsec.o)
 .data          0x0000122a        0x1 contiki-z1.a(i2cmaster.o)
                0x0000122a                prescale_lsb
 .data          0x0000122b        0x0 contiki-z1.a(button-sensor.o)
 .data          0x0000122b        0x0 contiki-z1.a(stimer.o)
 .data          0x0000122b        0x0 contiki-z1.a(memb.o)
 .data          0x0000122b        0x0 contiki-z1.a(rpl-nbr-policy.)
 *fill*         0x0000122b        0x1 00
 .data          0x0000122c        0x2 contiki-z1.a(frame802154.o)
 .data          0x0000122e        0x0 contiki-z1.a(mac-sequence.o)
 .data          0x0000122e        0x0 /usr/lib/gcc/msp430/4.6.3/mcpu-430x/mmpy-16/libgcc.a(_mulsi3.o)
 .data          0x0000122e        0x0 /usr/lib/gcc/msp430/4.6.3/mcpu-430x/mmpy-16/libgcc.a(_udivmod16.o)
 .data          0x0000122e        0x0 /usr/lib/gcc/msp430/4.6.3/mcpu-430x/mmpy-16/libgcc.a(_divmod16.o)
 .data          0x0000122e        0x0 /usr/lib/gcc/msp430/4.6.3/mcpu-430x/mmpy-16/libgcc.a(_udivmod32.o)
 .data          0x0000122e        0x0 /usr/lib/gcc/msp430/4.6.3/mcpu-430x/mmpy-16/libgcc.a(_divmod32.o)
 .data          0x0000122e        0x0 /usr/lib/gcc/msp430/4.6.3/../../../../msp430/lib/mcpu-430x/mmpy-16/libc.a(strncmp.o)
 .data          0x0000122e        0x0 /usr/lib/gcc/msp430/4.6.3/../../../../msp430/lib/mcpu-430x/mmpy-16/libc.a(memcmp.o)
 .data          0x0000122e        0x0 /usr/lib/gcc/msp430/4.6.3/../../../../msp430/lib/mcpu-430x/mmpy-16/libc.a(memcpy.o)
 .data          0x0000122e        0x0 /usr/lib/gcc/msp430/4.6.3/../../../../msp430/lib/mcpu-430x/mmpy-16/libc.a(memmove.o)
 .data          0x0000122e        0x0 /usr/lib/gcc/msp430/4.6.3/../../../../msp430/lib/mcpu-430x/mmpy-16/libc.a(memset.o)
 .data          0x0000122e        0x0 /usr/lib/gcc/msp430/4.6.3/../../../../msp430/lib/mcpu-430x/mmpy-16/libc.a(printf.o)
 .data          0x0000122e        0x0 /usr/lib/gcc/msp430/4.6.3/../../../../msp430/lib/mcpu-430x/mmpy-16/libc.a(vuprintf.o)
 .data          0x0000122e        0x0 /usr/lib/gcc/msp430/4.6.3/../../../../msp430/lib/mcpu-430x/mmpy-16/libc.a(puts.o)
 .data          0x0000122e        0x4 /usr/lib/gcc/msp430/4.6.3/../../../../msp430/lib/mcpu-430x/mmpy-16/libc.a(rand.o)
 .data          0x00001232        0x0 /usr/lib/gcc/msp430/4.6.3/mcpu-430x/mmpy-16/libgcc.a(_udivmod64.o)
 .data          0x00001232        0x0 /usr/lib/gcc/msp430/4.6.3/mcpu-430x/mmpy-16/libcrt0.a(_reset_vector__.o)
 .data          0x00001232        0x0 /usr/lib/gcc/msp430/4.6.3/mcpu-430x/mmpy-16/libcrt0.a(__watchdog_support.o)
 .data          0x00001232        0x0 /usr/lib/gcc/msp430/4.6.3/mcpu-430x/mmpy-16/libcrt0.a(__init_stack.o)
 .data          0x00001232        0x0 /usr/lib/gcc/msp430/4.6.3/mcpu-430x/mmpy-16/libcrt0.a(__low_level_init.o)
 .data          0x00001232        0x0 /usr/lib/gcc/msp430/4.6.3/mcpu-430x/mmpy-16/libcrt0.a(_copy_data.o)
 .data          0x00001232        0x0 /usr/lib/gcc/msp430/4.6.3/mcpu-430x/mmpy-16/libcrt0.a(_clear_bss.o)
 .data          0x00001232        0x0 /usr/lib/gcc/msp430/4.6.3/mcpu-430x/mmpy-16/libcrt0.a(__stop_progExec__.o)
 .data          0x00001232        0x0 /usr/lib/gcc/msp430/4.6.3/mcpu-430x/mmpy-16/libcrt0.a(_endless_loop__.o)
 .data          0x00001232        0x0 /usr/lib/gcc/msp430/4.6.3/mcpu-430x/mmpy-16/libcrt0.a(_unexpected_.o)
                0x00001232                . = ALIGN (0x2)
                0x00001232                _edata = .
                0x0000fdde                PROVIDE (__data_load_start, LOADADDR (.data))
                0x00000132                PROVIDE (__data_size, SIZEOF (.data))

.bss            0x00001232     0x19be load address 0x0000ff10
                0x00001232                PROVIDE (__bss_start, .)
 *(.bss .bss.*)
 .bss           0x00001232        0x0 /usr/lib/gcc/msp430/4.6.3/mcpu-430x/mmpy-16/crt0ivtbl32.o
 .bss           0x00001232       0x14 udp-client.co
 .bss           0x00001246       0x1c obj_z1/collect-common.o
 .bss           0x00001262        0x4 obj_z1/contiki-z1-main.o
 .bss           0x00001266       0x10 contiki-z1.a(collect-view.o)
 .bss           0x00001276        0x2 contiki-z1.a(collect-view-z1)
 .bss           0x00001278        0x0 contiki-z1.a(contiki-z1-plat)
 .bss           0x00001278        0x0 contiki-z1.a(msp430.o)
 .bss           0x00001278        0x1 contiki-z1.a(leds.o)
 *fill*         0x00001279        0x1 00
 .bss           0x0000127a        0x2 contiki-z1.a(watchdog.o)
 .bss           0x0000127c        0x0 contiki-z1.a(xmem.o)
 .bss           0x0000127c        0x2 contiki-z1.a(spi.o)
                0x0000127c                spi_busy
 .bss           0x0000127e        0xa contiki-z1.a(cc2420.o)
 .bss           0x00001288        0x0 contiki-z1.a(cc2420-arch.o)
 .bss           0x00001288        0x2 contiki-z1.a(node-id.o)
                0x00001288                node_id
 .bss           0x0000128a        0x6 contiki-z1.a(sensors.o)
 .bss           0x00001290        0x4 contiki-z1.a(uart0.o)
 .bss           0x00001294        0x0 contiki-z1.a(uart0-putchar.o)
 .bss           0x00001294        0x0 contiki-z1.a(z1-sensors.o)
 .bss           0x00001294       0x16 contiki-z1.a(adxl345.o)
 .bss           0x000012aa        0x1 contiki-z1.a(tmp102.o)
 *fill*         0x000012ab        0x1 00
 .bss           0x000012ac        0xa contiki-z1.a(clock.o)
 .bss           0x000012b6        0x0 contiki-z1.a(leds-arch.o)
 .bss           0x000012b6        0x0 contiki-z1.a(rtimer-arch.o)
 .bss           0x000012b6        0x0 contiki-z1.a(autostart.o)
 .bss           0x000012b6        0x4 contiki-z1.a(ctimer.o)
 .bss           0x000012ba        0x0 contiki-z1.a(energest.o)
 .bss           0x000012ba        0x6 contiki-z1.a(etimer.o)
 .bss           0x000012c0       0x38 contiki-z1.a(process.o)
                0x000012c0                process_current
                0x000012c2                process_list
 .bss           0x000012f8        0x2 contiki-z1.a(rtimer.o)
 .bss           0x000012fa        0x0 contiki-z1.a(timer.o)
 .bss           0x000012fa      0x10a contiki-z1.a(serial-line.o)
 .bss           0x00001404        0x0 contiki-z1.a(list.o)
 .bss           0x00001404        0x0 contiki-z1.a(random.o)
 .bss           0x00001404        0x0 contiki-z1.a(ringbuf.o)
 .bss           0x00001404      0x6e6 contiki-z1.a(sicslowpan.o)
 .bss           0x00001aea        0xc contiki-z1.a(uip6.o)
                0x00001aea                uip_ext_opt_offset
                0x00001aec                uip_ext_len
                0x00001aee                uip_ext_bitmap
 .bss           0x00001af6       0x18 contiki-z1.a(uip-ds6.o)
 .bss           0x00001b0e      0x10e contiki-z1.a(uip-ds6-nbr.o)
 .bss           0x00001c1c      0x2ba contiki-z1.a(uip-ds6-route.o)
 .bss           0x00001ed6       0x14 contiki-z1.a(uip-icmp6.o)
 .bss           0x00001eea        0x8 contiki-z1.a(uip-nd6.o)
 .bss           0x00001ef2       0x30 contiki-z1.a(tcpip.o)
 .bss           0x00001f22        0x0 contiki-z1.a(uip-debug.o)
 .bss           0x00001f22        0x0 contiki-z1.a(uip-udp-packet.)
 .bss           0x00001f22        0x2 contiki-z1.a(rpl.o)
 .bss           0x00001f24       0x5a contiki-z1.a(rpl-dag.o)
 .bss           0x00001f7e        0x0 contiki-z1.a(rpl-ext-header.)
 .bss           0x00001f7e        0x0 contiki-z1.a(rpl-icmp6.o)
 .bss           0x00001f7e        0x0 contiki-z1.a(rpl-mrhof.o)
 .bss           0x00001f7e       0x18 contiki-z1.a(rpl-timers.o)
 .bss           0x00001f96        0x0 contiki-z1.a(linkaddr.o)
 .bss           0x00001f96       0x96 contiki-z1.a(link-stats.o)
 .bss           0x0000202c       0xda contiki-z1.a(nbr-table.o)
 .bss           0x00002106       0x86 contiki-z1.a(packetbuf.o)
 .bss           0x0000218c      0x2d0 contiki-z1.a(queuebuf.o)
 .bss           0x0000245c       0x88 contiki-z1.a(csma.o)
 .bss           0x000024e4        0x2 contiki-z1.a(framer-802154.o)
 .bss           0x000024e6        0x0 contiki-z1.a(mac.o)
 .bss           0x000024e6       0x2a contiki-z1.a(contikimac.o)
 .bss           0x00002510        0x0 contiki-z1.a(nullsec.o)
 .bss           0x00002510        0x4 contiki-z1.a(i2cmaster.o)
                0x00002510                prescale_msb
 .bss           0x00002514        0x8 contiki-z1.a(button-sensor.o)
 .bss           0x0000251c        0x0 contiki-z1.a(stimer.o)
 .bss           0x0000251c        0x0 contiki-z1.a(memb.o)
 .bss           0x0000251c       0x20 contiki-z1.a(rpl-nbr-policy.)
 .bss           0x0000253c        0x0 contiki-z1.a(frame802154.o)
 .bss           0x0000253c       0xe0 contiki-z1.a(mac-sequence.o)
 .bss           0x0000261c        0x0 /usr/lib/gcc/msp430/4.6.3/mcpu-430x/mmpy-16/libgcc.a(_mulsi3.o)
 .bss           0x0000261c        0x0 /usr/lib/gcc/msp430/4.6.3/mcpu-430x/mmpy-16/libgcc.a(_udivmod16.o)
 .bss           0x0000261c        0x0 /usr/lib/gcc/msp430/4.6.3/mcpu-430x/mmpy-16/libgcc.a(_divmod16.o)
 .bss           0x0000261c        0x0 /usr/lib/gcc/msp430/4.6.3/mcpu-430x/mmpy-16/libgcc.a(_udivmod32.o)
 .bss           0x0000261c        0x0 /usr/lib/gcc/msp430/4.6.3/mcpu-430x/mmpy-16/libgcc.a(_divmod32.o)
 .bss           0x0000261c        0x0 /usr/lib/gcc/msp430/4.6.3/../../../../msp430/lib/mcpu-430x/mmpy-16/libc.a(strncmp.o)
 .bss           0x0000261c        0x0 /usr/lib/gcc/msp430/4.6.3/../../../../msp430/lib/mcpu-430x/mmpy-16/libc.a(memcmp.o)
 .bss           0x0000261c        0x0 /usr/lib/gcc/msp430/4.6.3/../../../../msp430/lib/mcpu-430x/mmpy-16/libc.a(memcpy.o)
 .bss           0x0000261c        0x0 /usr/lib/gcc/msp430/4.6.3/../../../../msp430/lib/mcpu-430x/mmpy-16/libc.a(memmove.o)
 .bss           0x0000261c        0x0 /usr/lib/gcc/msp430/4.6.3/../../../../msp430/lib/mcpu-430x/mmpy-16/libc.a(memset.o)
 .bss           0x0000261c        0x0 /usr/lib/gcc/msp430/4.6.3/../../../../msp430/lib/mcpu-430x/mmpy-16/libc.a(printf.o)
 .bss           0x0000261c        0x0 /usr/lib/gcc/msp430/4.6.3/../../../../msp430/lib/mcpu-430x/mmpy-16/libc.a(vuprintf.o)
 .bss           0x0000261c        0x0 /usr/lib/gcc/msp430/4.6.3/../../../../msp430/lib/mcpu-430x/mmpy-16/libc.a(puts.o)
 .bss           0x0000261c        0x0 /usr/lib/gcc/msp430/4.6.3/../../../../msp430/lib/mcpu-430x/mmpy-16/libc.a(rand.o)
 .bss           0x0000261c        0x0 /usr/lib/gcc/msp430/4.6.3/mcpu-430x/mmpy-16/libgcc.a(_udivmod64.o)
 .bss           0x0000261c        0x0 /usr/lib/gcc/msp430/4.6.3/mcpu-430x/mmpy-16/libcrt0.a(_reset_vector__.o)
 .bss           0x0000261c        0x0 /usr/lib/gcc/msp430/4.6.3/mcpu-430x/mmpy-16/libcrt0.a(__watchdog_support.o)
 .bss           0x0000261c        0x0 /usr/lib/gcc/msp430/4.6.3/mcpu-430x/mmpy-16/libcrt0.a(__init_stack.o)
 .bss           0x0000261c        0x0 /usr/lib/gcc/msp430/4.6.3/mcpu-430x/mmpy-16/libcrt0.a(__low_level_init.o)
 .bss           0x0000261c        0x0 /usr/lib/gcc/msp430/4.6.3/mcpu-430x/mmpy-16/libcrt0.a(_copy_data.o)
 .bss           0x0000261c        0x0 /usr/lib/gcc/msp430/4.6.3/mcpu-430x/mmpy-16/libcrt0.a(_clear_bss.o)
 .bss           0x0000261c        0x0 /usr/lib/gcc/msp430/4.6.3/mcpu-430x/mmpy-16/libcrt0.a(__stop_progExec__.o)
 .bss           0x0000261c        0x0 /usr/lib/gcc/msp430/4.6.3/mcpu-430x/mmpy-16/libcrt0.a(_endless_loop__.o)
 .bss           0x0000261c        0x0 /usr/lib/gcc/msp430/4.6.3/mcpu-430x/mmpy-16/libcrt0.a(_unexpected_.o)
 *(COMMON)
 COMMON         0x0000261c        0x2 contiki-z1.a(msp430.o)
                0x0000261c                msp430_dco_required
 COMMON         0x0000261e       0x10 contiki-z1.a(cc2420.o)
                0x0000261e                cc2420_last_rssi
                0x00002620                cc2420_sfd_start_time
                0x00002622                cc2420_time_of_departure
                0x00002624                cc2420_time_of_arrival
                0x00002626                cc2420_last_correlation
                0x00002628                cc2420_authority_level_of_sender
                0x0000262a                cc2420_sfd_counter
                0x0000262c                cc2420_sfd_end_time
 COMMON         0x0000262e        0x8 contiki-z1.a(node-id.o)
                0x0000262e                node_mac
 COMMON         0x00002636        0x1 contiki-z1.a(sensors.o)
                0x00002636                sensors_event
 *fill*         0x00002637        0x1 00
 COMMON         0x00002638        0x4 contiki-z1.a(z1-sensors.o)
                0x00002638                sensors_flags
 COMMON         0x0000263c        0x4 contiki-z1.a(adxl345.o)
                0x0000263c                accm_int2_cb
                0x0000263e                accm_int1_cb
 COMMON         0x00002640       0x56 contiki-z1.a(energest.o)
                0x00002640                energest_total_time
                0x00002670                energest_total_count
                0x00002672                energest_current_mode
                0x0000267e                energest_current_time
 COMMON         0x00002696        0x1 contiki-z1.a(process.o)
                0x00002696                process_maxevents
 COMMON         0x00002697        0x1 contiki-z1.a(serial-line.o)
                0x00002697                serial_line_event_message
 COMMON         0x00002698      0x2a0 contiki-z1.a(uip6.o)
                0x00002698                uip_len
                0x0000269a                uip_sappdata
                0x0000269c                uip_acc32
                0x000026a0                uip_lladdr
                0x000026a8                uip_aligned_buf
                0x00002734                uip_flags
                0x00002736                uip_next_hdr
                0x00002738                uip_udp_conn
                0x0000273a                uip_appdata
                0x0000273c                uip_conn
                0x0000273e                uip_conns
                0x000027ee                uip_listenports
                0x000027fe                uip_slen
                0x00002800                uip_udp_conns
 COMMON         0x00002938      0x15c contiki-z1.a(uip-ds6.o)
                0x00002938                uip_ds6_timer_ra
                0x00002940                uip_ds6_if
                0x00002a2c                uip_ds6_netif_addr_list_offset
                0x00002a2d                uip_ds6_addr_size
                0x00002a2e                uip_ds6_prefix_list
                0x00002a88                uip_ds6_timer_periodic
 COMMON         0x00002a94        0x1 contiki-z1.a(tcpip.o)
                0x00002a94                tcpip_event
 *fill*         0x00002a95        0x1 00
 COMMON         0x00002a96      0x100 contiki-z1.a(rpl-dag.o)
                0x00002a96                default_instance
                0x00002a98                instance_table
 COMMON         0x00002b96        0x8 contiki-z1.a(linkaddr.o)
                0x00002b96                linkaddr_node_addr
 COMMON         0x00002b9e       0x14 contiki-z1.a(link-stats.o)
                0x00002b9e                periodic_timer
 COMMON         0x00002bb2       0x2e contiki-z1.a(packetbuf.o)
                0x00002bb2                packetbuf_addrs
                0x00002bc2                packetbuf_attrs
 COMMON         0x00002be0       0x10 contiki-z1.a(i2cmaster.o)
                0x00002be0                transmit_data1
                0x00002be1                rx_byte_ctr
                0x00002be2                tx_buf_ptr
                0x00002be4                tx_byte_ctr
                0x00002be6                i
                0x00002be8                receive_data
                0x00002bea                rx_buf
                0x00002bec                transmit_data2
                0x00002bee                rx_buf_ptr
                0x00002bf0                . = ALIGN (0x2)
                0x00002bf0                PROVIDE (__bss_end, .)
                0x000019be                PROVIDE (__bss_size, SIZEOF (.bss))

.noinit         0x00002bf0        0x2 load address 0x0000ff10
                0x00002bf0                PROVIDE (__noinit_start, .)
 *(.noinit .noinit.*)
 .noinit.crt0   0x00002bf0        0x2 /usr/lib/gcc/msp430/4.6.3/mcpu-430x/mmpy-16/libcrt0.a(__watchdog_support.o)
                0x00002bf0                __wdt_clear_value
                0x00002bf2                . = ALIGN (0x2)
                0x00002bf2                PROVIDE (__noinit_end, .)
                0x00002bf2                . = ALIGN (0x2)
                0x00002bf2                _end = .

.infomem        0x00001000        0x0
 *(.infomem)
                0x00001000                . = ALIGN (0x2)
 *(.infomem.*)

.infomemnobits  0x00001000        0x0
 *(.infomemnobits)
                0x00001000                . = ALIGN (0x2)
 *(.infomemnobits.*)

.infoa
 *(.infoa .infoa.*)

.infob
 *(.infob .infob.*)

.infoc
 *(.infoc .infoc.*)

.infod
 *(.infod .infod.*)

.vectors        0x0000ffc0       0x40
                0x0000ffc0                PROVIDE (__vectors_start, .)
 *(.vectors*)
 .vectors       0x0000ffc0       0x40 /usr/lib/gcc/msp430/4.6.3/mcpu-430x/mmpy-16/crt0ivtbl32.o
                0x0000ffc0                __ivtbl_32
                0x00010000                _vectors_end = .

.fartext        0x00010000        0x0
                0x00010000                . = ALIGN (0x2)
 *(.fartext)
                0x00010000                . = ALIGN (0x2)
 *(.fartext.*)
                0x00010000                _efartext = .

.profiler
 *(.profiler)

.stab           0x00000000    0x2e4e8
 *(.stab)
 .stab          0x00000000     0x189c udp-client.co
 .stab          0x0000189c      0xc6c obj_z1/collect-common.o
                               0x1074 (size before relaxing)
 .stab          0x00002508     0x1404 obj_z1/contiki-z1-main.o
                               0x1b78 (size before relaxing)
 .stab          0x0000390c      0x9fc contiki-z1.a(collect-view.o)
                               0x12b4 (size before relaxing)
 .stab          0x00004308      0x480 contiki-z1.a(collect-view-z1)
                                0xfcc (size before relaxing)
 .stab          0x00004788      0x24c contiki-z1.a(contiki-z1-plat)
                                0x5a0 (size before relaxing)
 .stab          0x000049d4      0x588 contiki-z1.a(msp430.o)
                                0x8dc (size before relaxing)
 .stab          0x00004f5c      0x5dc contiki-z1.a(leds.o)
                                0x828 (size before relaxing)
 .stab          0x00005538      0x3fc contiki-z1.a(watchdog.o)
                                0x750 (size before relaxing)
 .stab          0x00005934      0x9fc contiki-z1.a(xmem.o)
                                0xf3c (size before relaxing)
 .stab          0x00006330      0x288 contiki-z1.a(spi.o)
                                0x5dc (size before relaxing)
 .stab          0x000065b8     0x28bc contiki-z1.a(cc2420.o)
                               0x2fe8 (size before relaxing)
 .stab          0x00008e74      0x6e4 contiki-z1.a(cc2420-arch.o)
                               0x16b0 (size before relaxing)
 .stab          0x00009558      0x300 contiki-z1.a(node-id.o)
                                0x6d8 (size before relaxing)
 .stab          0x00009858      0x63c contiki-z1.a(sensors.o)
                                0xb70 (size before relaxing)
 .stab          0x00009e94      0x528 contiki-z1.a(uart0.o)
                                0xa38 (size before relaxing)
 .stab          0x0000a3bc      0x234 contiki-z1.a(uart0-putchar.o)
                                0x588 (size before relaxing)
 .stab          0x0000a5f0      0x39c contiki-z1.a(z1-sensors.o)
                                0x78c (size before relaxing)
 .stab          0x0000a98c      0xd2c contiki-z1.a(adxl345.o)
                               0x135c (size before relaxing)
 .stab          0x0000b6b8      0x81c contiki-z1.a(tmp102.o)
                                0xd74 (size before relaxing)
 .stab          0x0000bed4      0x948 contiki-z1.a(clock.o)
                                0xc9c (size before relaxing)
 .stab          0x0000c81c      0x3a8 contiki-z1.a(leds-arch.o)
                                0x6fc (size before relaxing)
 .stab          0x0000cbc4      0x3cc contiki-z1.a(rtimer-arch.o)
                                0x720 (size before relaxing)
 .stab          0x0000cf90      0x294 contiki-z1.a(autostart.o)
                                0x534 (size before relaxing)
 .stab          0x0000d224      0x858 contiki-z1.a(ctimer.o)
                                0xbc4 (size before relaxing)
 .stab          0x0000da7c      0x474 contiki-z1.a(energest.o)
                                0x6fc (size before relaxing)
 .stab          0x0000def0      0xabc contiki-z1.a(etimer.o)
                                0xd8c (size before relaxing)
 .stab          0x0000e9ac      0xba0 contiki-z1.a(process.o)
                               0x1038 (size before relaxing)
 .stab          0x0000f54c      0x3d8 contiki-z1.a(rtimer.o)
                                0x6c0 (size before relaxing)
 .stab          0x0000f924      0x354 contiki-z1.a(timer.o)
                                0x594 (size before relaxing)
 .stab          0x0000fc78      0x534 contiki-z1.a(serial-line.o)
                                0xa50 (size before relaxing)
 .stab          0x000101ac      0x7f8 contiki-z1.a(list.o)
                                0x804 (size before relaxing)
 .stab          0x000109a4      0x228 contiki-z1.a(random.o)
                                0x624 (size before relaxing)
 .stab          0x00010bcc      0x3fc contiki-z1.a(ringbuf.o)
                                0x63c (size before relaxing)
 .stab          0x00010fc8     0x294c contiki-z1.a(sicslowpan.o)
                               0x3318 (size before relaxing)
 .stab          0x00013914     0x2b14 contiki-z1.a(uip6.o)
                               0x3750 (size before relaxing)
 .stab          0x00016428     0x1434 contiki-z1.a(uip-ds6.o)
                               0x210c (size before relaxing)
 .stab          0x0001785c      0x9e4 contiki-z1.a(uip-ds6-nbr.o)
                               0x15a8 (size before relaxing)
 .stab          0x00018240     0x1554 contiki-z1.a(uip-ds6-route.o)
                               0x216c (size before relaxing)
 .stab          0x00019794      0xbdc contiki-z1.a(uip-icmp6.o)
                               0x18d8 (size before relaxing)
 .stab          0x0001a370      0x780 contiki-z1.a(uip-nd6.o)
                               0x13ec (size before relaxing)
 .stab          0x0001aaf0     0x13ec contiki-z1.a(tcpip.o)
                               0x2700 (size before relaxing)
 .stab          0x0001bedc      0x3d8 contiki-z1.a(uip-debug.o)
                                0xbac (size before relaxing)
 .stab          0x0001c2b4      0x438 contiki-z1.a(uip-udp-packet.)
                                0xc3c (size before relaxing)
 .stab          0x0001c6ec      0xb70 contiki-z1.a(rpl.o)
                               0x198c (size before relaxing)
 .stab          0x0001d25c     0x36cc contiki-z1.a(rpl-dag.o)
                               0x4380 (size before relaxing)
 .stab          0x00020928      0xa50 contiki-z1.a(rpl-ext-header.)
                               0x1860 (size before relaxing)
 .stab          0x00021378     0x1a4c contiki-z1.a(rpl-icmp6.o)
                               0x28a4 (size before relaxing)
 .stab          0x00022dc4      0x9d8 contiki-z1.a(rpl-mrhof.o)
                               0x17ac (size before relaxing)
 .stab          0x0002379c      0xfc0 contiki-z1.a(rpl-timers.o)
                               0x1d94 (size before relaxing)
 .stab          0x0002475c      0x2c4 contiki-z1.a(linkaddr.o)
                                0x6c0 (size before relaxing)
 .stab          0x00024a20      0x7d4 contiki-z1.a(link-stats.o)
                               0x11a0 (size before relaxing)
 .stab          0x000251f4      0xfd8 contiki-z1.a(nbr-table.o)
                               0x1944 (size before relaxing)
 .stab          0x000261cc      0xc6c contiki-z1.a(packetbuf.o)
                               0x1da0 (size before relaxing)
 .stab          0x00026e38      0xaa4 contiki-z1.a(queuebuf.o)
                               0x1bc0 (size before relaxing)
 .stab          0x000278dc      0xe94 contiki-z1.a(csma.o)
                               0x165c (size before relaxing)
 .stab          0x00028770      0x90c contiki-z1.a(framer-802154.o)
                                0xf18 (size before relaxing)
 .stab          0x0002907c      0x1f8 contiki-z1.a(mac.o)
                                0x4ec (size before relaxing)
 .stab          0x00029274     0x165c contiki-z1.a(contikimac.o)
                               0x21fc (size before relaxing)
 .stab          0x0002a8d0      0x3c0 contiki-z1.a(nullsec.o)
                                0xcf0 (size before relaxing)
 .stab          0x0002ac90      0x894 contiki-z1.a(i2cmaster.o)
                                0xbe8 (size before relaxing)
 .stab          0x0002b524      0x468 contiki-z1.a(button-sensor.o)
                                0x7d4 (size before relaxing)
 .stab          0x0002b98c      0x3c0 contiki-z1.a(stimer.o)
                                0x600 (size before relaxing)
 .stab          0x0002bd4c      0x5c4 contiki-z1.a(memb.o)
                                0xaf8 (size before relaxing)
 .stab          0x0002c310      0x96c contiki-z1.a(rpl-nbr-policy.)
                               0x1734 (size before relaxing)
 .stab          0x0002cc7c     0x11dc contiki-z1.a(frame802154.o)
                               0x19c8 (size before relaxing)
 .stab          0x0002de58      0x690 contiki-z1.a(mac-sequence.o)
                               0x17c4 (size before relaxing)

.stabstr        0x00000000    0x2143d
 *(.stabstr)
 .stabstr       0x00000000    0x2143d udp-client.co

.stab.excl
 *(.stab.excl)

.stab.exclstr
 *(.stab.exclstr)

.stab.index
 *(.stab.index)

.stab.indexstr
 *(.stab.indexstr)

.comment
 *(.comment)

.debug
 *(.debug)

.line
 *(.line)

.debug_srcinfo
 *(.debug_srcinfo)

.debug_sfnames
 *(.debug_sfnames)

.debug_aranges  0x00000000      0x1a4
 *(.debug_aranges)
 .debug_aranges
                0x00000000       0x14 /usr/lib/gcc/msp430/4.6.3/mcpu-430x/mmpy-16/libgcc.a(_mulsi3.o)
 .debug_aranges
                0x00000014       0x14 /usr/lib/gcc/msp430/4.6.3/mcpu-430x/mmpy-16/libgcc.a(_udivmod16.o)
 .debug_aranges
                0x00000028       0x14 /usr/lib/gcc/msp430/4.6.3/mcpu-430x/mmpy-16/libgcc.a(_divmod16.o)
 .debug_aranges
                0x0000003c       0x14 /usr/lib/gcc/msp430/4.6.3/mcpu-430x/mmpy-16/libgcc.a(_udivmod32.o)
 .debug_aranges
                0x00000050       0x14 /usr/lib/gcc/msp430/4.6.3/mcpu-430x/mmpy-16/libgcc.a(_divmod32.o)
 .debug_aranges
                0x00000064       0x14 /usr/lib/gcc/msp430/4.6.3/../../../../msp430/lib/mcpu-430x/mmpy-16/libc.a(strncmp.o)
 .debug_aranges
                0x00000078       0x14 /usr/lib/gcc/msp430/4.6.3/../../../../msp430/lib/mcpu-430x/mmpy-16/libc.a(memcmp.o)
 .debug_aranges
                0x0000008c       0x14 /usr/lib/gcc/msp430/4.6.3/../../../../msp430/lib/mcpu-430x/mmpy-16/libc.a(memcpy.o)
 .debug_aranges
                0x000000a0       0x14 /usr/lib/gcc/msp430/4.6.3/../../../../msp430/lib/mcpu-430x/mmpy-16/libc.a(memmove.o)
 .debug_aranges
                0x000000b4       0x14 /usr/lib/gcc/msp430/4.6.3/../../../../msp430/lib/mcpu-430x/mmpy-16/libc.a(memset.o)
 .debug_aranges
                0x000000c8       0x14 /usr/lib/gcc/msp430/4.6.3/../../../../msp430/lib/mcpu-430x/mmpy-16/libc.a(printf.o)
 .debug_aranges
                0x000000dc       0x14 /usr/lib/gcc/msp430/4.6.3/../../../../msp430/lib/mcpu-430x/mmpy-16/libc.a(vuprintf.o)
 .debug_aranges
                0x000000f0       0x14 /usr/lib/gcc/msp430/4.6.3/../../../../msp430/lib/mcpu-430x/mmpy-16/libc.a(puts.o)
 .debug_aranges
                0x00000104       0x14 /usr/lib/gcc/msp430/4.6.3/../../../../msp430/lib/mcpu-430x/mmpy-16/libc.a(rand.o)
 .debug_aranges
                0x00000118       0x14 /usr/lib/gcc/msp430/4.6.3/mcpu-430x/mmpy-16/libgcc.a(_udivmod64.o)
 .debug_aranges
                0x0000012c       0x14 /usr/lib/gcc/msp430/4.6.3/mcpu-430x/mmpy-16/libcrt0.a(__watchdog_support.o)
 .debug_aranges
                0x00000140       0x14 /usr/lib/gcc/msp430/4.6.3/mcpu-430x/mmpy-16/libcrt0.a(__init_stack.o)
 .debug_aranges
                0x00000154       0x14 /usr/lib/gcc/msp430/4.6.3/mcpu-430x/mmpy-16/libcrt0.a(_copy_data.o)
 .debug_aranges
                0x00000168       0x14 /usr/lib/gcc/msp430/4.6.3/mcpu-430x/mmpy-16/libcrt0.a(_clear_bss.o)
 .debug_aranges
                0x0000017c       0x14 /usr/lib/gcc/msp430/4.6.3/mcpu-430x/mmpy-16/libcrt0.a(_endless_loop__.o)
 .debug_aranges
                0x00000190       0x14 /usr/lib/gcc/msp430/4.6.3/mcpu-430x/mmpy-16/libcrt0.a(_unexpected_.o)

.debug_pubnames
 *(.debug_pubnames)

.debug_info     0x00000000     0x1696
 *(.debug_info)
 .debug_info    0x00000000       0xe0 /usr/lib/gcc/msp430/4.6.3/mcpu-430x/mmpy-16/libgcc.a(_mulsi3.o)
 .debug_info    0x000000e0       0xe0 /usr/lib/gcc/msp430/4.6.3/mcpu-430x/mmpy-16/libgcc.a(_udivmod16.o)
 .debug_info    0x000001c0       0xe0 /usr/lib/gcc/msp430/4.6.3/mcpu-430x/mmpy-16/libgcc.a(_divmod16.o)
 .debug_info    0x000002a0       0xe0 /usr/lib/gcc/msp430/4.6.3/mcpu-430x/mmpy-16/libgcc.a(_udivmod32.o)
 .debug_info    0x00000380       0xe0 /usr/lib/gcc/msp430/4.6.3/mcpu-430x/mmpy-16/libgcc.a(_divmod32.o)
 .debug_info    0x00000460       0xbb /usr/lib/gcc/msp430/4.6.3/../../../../msp430/lib/mcpu-430x/mmpy-16/libc.a(strncmp.o)
 .debug_info    0x0000051b       0xe8 /usr/lib/gcc/msp430/4.6.3/../../../../msp430/lib/mcpu-430x/mmpy-16/libc.a(memcmp.o)
 .debug_info    0x00000603      0x113 /usr/lib/gcc/msp430/4.6.3/../../../../msp430/lib/mcpu-430x/mmpy-16/libc.a(memcpy.o)
 .debug_info    0x00000716      0x113 /usr/lib/gcc/msp430/4.6.3/../../../../msp430/lib/mcpu-430x/mmpy-16/libc.a(memmove.o)
 .debug_info    0x00000829       0xfe /usr/lib/gcc/msp430/4.6.3/../../../../msp430/lib/mcpu-430x/mmpy-16/libc.a(memset.o)
 .debug_info    0x00000927      0x105 /usr/lib/gcc/msp430/4.6.3/../../../../msp430/lib/mcpu-430x/mmpy-16/libc.a(printf.o)
 .debug_info    0x00000a2c      0x565 /usr/lib/gcc/msp430/4.6.3/../../../../msp430/lib/mcpu-430x/mmpy-16/libc.a(vuprintf.o)
 .debug_info    0x00000f91       0x96 /usr/lib/gcc/msp430/4.6.3/../../../../msp430/lib/mcpu-430x/mmpy-16/libc.a(puts.o)
 .debug_info    0x00001027      0x13f /usr/lib/gcc/msp430/4.6.3/../../../../msp430/lib/mcpu-430x/mmpy-16/libc.a(rand.o)
 .debug_info    0x00001166       0xe0 /usr/lib/gcc/msp430/4.6.3/mcpu-430x/mmpy-16/libgcc.a(_udivmod64.o)
 .debug_info    0x00001246       0xb8 /usr/lib/gcc/msp430/4.6.3/mcpu-430x/mmpy-16/libcrt0.a(__watchdog_support.o)
 .debug_info    0x000012fe       0xb8 /usr/lib/gcc/msp430/4.6.3/mcpu-430x/mmpy-16/libcrt0.a(__init_stack.o)
 .debug_info    0x000013b6       0xb8 /usr/lib/gcc/msp430/4.6.3/mcpu-430x/mmpy-16/libcrt0.a(_copy_data.o)
 .debug_info    0x0000146e       0xb8 /usr/lib/gcc/msp430/4.6.3/mcpu-430x/mmpy-16/libcrt0.a(_clear_bss.o)
 .debug_info    0x00001526       0xb8 /usr/lib/gcc/msp430/4.6.3/mcpu-430x/mmpy-16/libcrt0.a(_endless_loop__.o)
 .debug_info    0x000015de       0xb8 /usr/lib/gcc/msp430/4.6.3/mcpu-430x/mmpy-16/libcrt0.a(_unexpected_.o)
 *(.gnu.linkonce.wi.*)

.debug_abbrev   0x00000000      0x7e0
 *(.debug_abbrev)
 .debug_abbrev  0x00000000       0x14 /usr/lib/gcc/msp430/4.6.3/mcpu-430x/mmpy-16/libgcc.a(_mulsi3.o)
 .debug_abbrev  0x00000014       0x14 /usr/lib/gcc/msp430/4.6.3/mcpu-430x/mmpy-16/libgcc.a(_udivmod16.o)
 .debug_abbrev  0x00000028       0x14 /usr/lib/gcc/msp430/4.6.3/mcpu-430x/mmpy-16/libgcc.a(_divmod16.o)
 .debug_abbrev  0x0000003c       0x14 /usr/lib/gcc/msp430/4.6.3/mcpu-430x/mmpy-16/libgcc.a(_udivmod32.o)
 .debug_abbrev  0x00000050       0x14 /usr/lib/gcc/msp430/4.6.3/mcpu-430x/mmpy-16/libgcc.a(_divmod32.o)
 .debug_abbrev  0x00000064       0x7c /usr/lib/gcc/msp430/4.6.3/../../../../msp430/lib/mcpu-430x/mmpy-16/libc.a(strncmp.o)
 .debug_abbrev  0x000000e0       0x9b /usr/lib/gcc/msp430/4.6.3/../../../../msp430/lib/mcpu-430x/mmpy-16/libc.a(memcmp.o)
 .debug_abbrev  0x0000017b       0x97 /usr/lib/gcc/msp430/4.6.3/../../../../msp430/lib/mcpu-430x/mmpy-16/libc.a(memcpy.o)
 .debug_abbrev  0x00000212       0x97 /usr/lib/gcc/msp430/4.6.3/../../../../msp430/lib/mcpu-430x/mmpy-16/libc.a(memmove.o)
 .debug_abbrev  0x000002a9       0x9c /usr/lib/gcc/msp430/4.6.3/../../../../msp430/lib/mcpu-430x/mmpy-16/libc.a(memset.o)
 .debug_abbrev  0x00000345       0xd0 /usr/lib/gcc/msp430/4.6.3/../../../../msp430/lib/mcpu-430x/mmpy-16/libc.a(printf.o)
 .debug_abbrev  0x00000415      0x1ef /usr/lib/gcc/msp430/4.6.3/../../../../msp430/lib/mcpu-430x/mmpy-16/libc.a(vuprintf.o)
 .debug_abbrev  0x00000604       0x60 /usr/lib/gcc/msp430/4.6.3/../../../../msp430/lib/mcpu-430x/mmpy-16/libc.a(puts.o)
 .debug_abbrev  0x00000664       0xf0 /usr/lib/gcc/msp430/4.6.3/../../../../msp430/lib/mcpu-430x/mmpy-16/libc.a(rand.o)
 .debug_abbrev  0x00000754       0x14 /usr/lib/gcc/msp430/4.6.3/mcpu-430x/mmpy-16/libgcc.a(_udivmod64.o)
 .debug_abbrev  0x00000768       0x14 /usr/lib/gcc/msp430/4.6.3/mcpu-430x/mmpy-16/libcrt0.a(__watchdog_support.o)
 .debug_abbrev  0x0000077c       0x14 /usr/lib/gcc/msp430/4.6.3/mcpu-430x/mmpy-16/libcrt0.a(__init_stack.o)
 .debug_abbrev  0x00000790       0x14 /usr/lib/gcc/msp430/4.6.3/mcpu-430x/mmpy-16/libcrt0.a(_copy_data.o)
 .debug_abbrev  0x000007a4       0x14 /usr/lib/gcc/msp430/4.6.3/mcpu-430x/mmpy-16/libcrt0.a(_clear_bss.o)
 .debug_abbrev  0x000007b8       0x14 /usr/lib/gcc/msp430/4.6.3/mcpu-430x/mmpy-16/libcrt0.a(_endless_loop__.o)
 .debug_abbrev  0x000007cc       0x14 /usr/lib/gcc/msp430/4.6.3/mcpu-430x/mmpy-16/libcrt0.a(_unexpected_.o)

.debug_line     0x00000000      0xe8a